******************************************************************************
                  TI ARM Linker PC v16.9.4                     
******************************************************************************
>> Linked Sun Feb 11 14:41:56 2018

OUTPUT FILE NAME:   <enet_lwip.out>
ENTRY POINT SYMBOL: "_c_int00"  address: 00005a5d


MEMORY CONFIGURATION

         name            origin    length      used     unused   attr    fill
----------------------  --------  ---------  --------  --------  ----  --------
  FLASH                 00000000   00100000  000074a4  000f8b5c  R  X
  SRAM                  20000000   00040000  0001836a  00027c96  RW X


SEGMENT ALLOCATION MAP

run origin  load origin   length   init length attrs members
----------  ----------- ---------- ----------- ----- -------
00000000    00000000    000074a8   000074a8    r-x
  00000000    00000000    00000200   00000200    r-- .intvecs
  00000200    00000200    00006e68   00006e68    r-x .text
  00007068    00007068    000003dc   000003dc    r-- .const
  00007448    00007448    00000060   00000060    r-- .cinit
20000000    20000000    0001836c   00000000    rw-
  20000000    20000000    00017ae6   00000000    rw- .bss
  20017ae8    20017ae8    00000800   00000000    rw- .stack
  200182e8    200182e8    00000084   00000000    rw- .data


SECTION ALLOCATION MAP

 output                                  attributes/
section   page    origin      length       input sections
--------  ----  ----------  ----------   ----------------
.intvecs   0    00000000    00000200     
                  00000000    00000200     startup_ccs.obj (.intvecs)

.text      0    00000200    00006e68     
                  00000200    000007c0     lwiplib.obj (.text:tcp_receive)
                  000009c0    000003b0     lwiplib.obj (.text:tcp_input)
                  00000d70    000003b0     lwiplib.obj (.text:tcp_process)
                  00001120    000002c8     lwiplib.obj (.text:tcp_slowtmr)
                  000013e8    0000024d     ustdlib.obj (.text:uvsnprintf)
                  00001635    00000001     --HOLE-- [fill = 0]
                  00001636    00000002     startup_ccs.obj (.text:FaultISR)
                  00001638    00000228     lwiplib.obj (.text:dhcp_parse_reply)
                  00001860    00000218     pinout.obj (.text:PinoutSet)
                  00001a78    000001ec     driverlib.lib : sysctl.obj (.text:SysCtlClockFreqSet)
                  00001c64    000001ea     uartstdio.obj (.text:UARTvprintf)
                  00001e4e    00000002     startup_ccs.obj (.text:IntDefaultHandler)
                  00001e50    000001dc     lwiplib.obj (.text:ip_input)
                  0000202c    000001c4     lwiplib.obj (.text:udp_input)
                  000021f0    00000190     lwiplib.obj (.text:tcp_output)
                  00002380    00000184     lwiplib.obj (.text:icmp_input)
                  00002504    00000164     enet_lwip.obj (.text:main)
                  00002668    00000150     lwiplib.obj (.text:etharp_arp_input)
                  000027b8    00000148     lwiplib.obj (.text:tcp_close_shutdown)
                  00002900    00000140     lwiplib.obj (.text:tivaif_receive)
                  00002a40    0000013a     lwiplib.obj (.text:pbuf_alloc)
                  00002b7a    00000132     driverlib.lib : gpio.obj (.text:GPIOPadConfigSet)
                  00002cac    00000124     lwiplib.obj (.text:dhcp_create_msg)
                  00002dd0    0000011c     lwiplib.obj (.text:etharp_output)
                  00002eec    00000114     lwiplib.obj (.text:etharp_query)
                  00003000    00000114     lwiplib.obj (.text:tcp_listen_input)
                  00003114    00000100     lwiplib.obj (.text:tivaif_transmit)
                  00003214    000000f8     lwiplib.obj (.text:mem_malloc)
                  0000330c    000000f4     enet_lwip.obj (.text:lwIPHostTimerHandler)
                  00003400    000000e8     lwiplib.obj (.text:lwIPInit)
                  000034e8    000000e8     lwiplib.obj (.text:mem_trim)
                  000035d0    000000e0     lwiplib.obj (.text:etharp_find_entry)
                  000036b0    000000dc     lwiplib.obj (.text:etharp_raw)
                  0000378c    000000d4     lwiplib.obj (.text:autoip_tmr)
                  00003860    000000d0     lwiplib.obj (.text:tcp_alloc)
                  00003930    000000cc     lwiplib.obj (.text:dhcp_recv)
                  000039fc    000000cc     lwiplib.obj (.text:dhcp_select)
                  00003ac8    000000c8     lwiplib.obj (.text:dhcp_bind)
                  00003b90    000000c8     lwiplib.obj (.text:udp_sendto_if)
                  00003c58    000000c4     lwiplib.obj (.text:InitDMADescriptors)
                  00003d1c    000000c0     lwiplib.obj (.text:tcp_output_segment)
                  00003ddc    000000bc     lwiplib.obj (.text:dhcp_discover)
                  00003e98    000000bc     lwiplib.obj (.text:tivaif_hwinit)
                  00003f54    000000b8     lwiplib.obj (.text:tcp_create_segment)
                  0000400c    000000b0     lwiplib.obj (.text:lwIPServiceTimers)
                  000040bc    000000ac     lwiplib.obj (.text:ethernet_input)
                  00004168    000000a8     lwiplib.obj (.text:dhcp_start)
                  00004210    000000a8     lwiplib.obj (.text:tcp_enqueue_flags)
                  000042b8    000000a4     lwiplib.obj (.text:dhcp_release)
                  0000435c    000000a4     lwiplib.obj (.text:ip_output_if)
                  00004400    0000009c     rtsv7M4_T_le_v4SPD16_eabi.lib : memcpy_t2.obj (.text)
                  0000449c    00000098     lwiplib.obj (.text:dhcp_reboot)
                  00004534    00000092     lwiplib.obj (.text:pbuf_copy)
                  000045c6    00000002     startup_ccs.obj (.text:NmiSR)
                  000045c8    00000090     lwiplib.obj (.text:tcp_abandon)
                  00004658    0000008c     lwiplib.obj (.text:tcp_zero_window_probe)
                  000046e4    00000088     locator.obj (.text:LocatorReceive)
                  0000476c    00000084     lwiplib.obj (.text:lwIPLinkDetect)
                  000047f0    00000084     lwiplib.obj (.text:tcp_timewait_input)
                  00004874    00000082     lwiplib.obj (.text:autoip_arp_reply)
                  000048f6    00000002     rtsv7M4_T_le_v4SPD16_eabi.lib : i_div0.obj (.text)
                  000048f8    00000080     lwiplib.obj (.text:dhcp_rebind)
                  00004978    00000080     lwiplib.obj (.text:dhcp_renew)
                  000049f8    00000080     lwiplib.obj (.text:lwIPPrivateInit)
                  00004a78    00000080     lwiplib.obj (.text:tcp_parseopt)
                  00004af8    0000007c     lwiplib.obj (.text:dhcp_handle_ack)
                  00004b74    0000007c     lwiplib.obj (.text:dhcp_timeout)
                  00004bf0    0000007c     lwiplib.obj (.text:tcp_rst)
                  00004c6c    0000007c     lwiplib.obj (.text:tivaif_process_phy_interrupt)
                  00004ce8    0000007a     rtsv7M4_T_le_v4SPD16_eabi.lib : memset_t2.obj (.text)
                  00004d62    00000002                                   : mpu_init.obj (.text)
                  00004d64    00000078     driverlib.lib : emac.obj (.text:EMACInit)
                  00004ddc    00000078     lwiplib.obj (.text:tcp_oos_insert_segment)
                  00004e54    00000074     lwiplib.obj (.text:etharp_update_arp_entry)
                  00004ec8    00000074     lwiplib.obj (.text:raw_input)
                  00004f3c    00000070     rtsv7M4_T_le_v4SPD16_eabi.lib : autoinit.obj (.text)
                  00004fac    00000070     lwiplib.obj (.text:tcp_fasttmr)
                  0000501c    0000006c     lwiplib.obj (.text:icmp_send_response)
                  00005088    0000006c     lwiplib.obj (.text:memp_init)
                  000050f4    00000068     driverlib.lib : interrupt.obj (.text:IntEnable)
                  0000515c    00000068     rtsv7M4_T_le_v4SPD16_eabi.lib : copy_decompress_lzss.obj (.text:decompress:lzss)
                  000051c4    00000068     lwiplib.obj (.text:dhcp_decline)
                  0000522c    00000068     lwiplib.obj (.text:lwip_standard_chksum)
                  00005294    00000068     lwiplib.obj (.text:netif_set_ipaddr)
                  000052fc    00000068     lwiplib.obj (.text:pbuf_copy_partial)
                  00005364    00000068     lwiplib.obj (.text:sys_timeout)
                  000053cc    00000068     lwiplib.obj (.text:tcp_output_alloc_header)
                  00005434    00000068     lwiplib.obj (.text:tcp_process_refused_data)
                  0000549c    00000068     lwiplib.obj (.text:udp_bind)
                  00005504    00000064     lwiplib.obj (.text:mem_free)
                  00005568    00000064     lwiplib.obj (.text:plug_holes)
                  000055cc    00000062     lwiplib.obj (.text:pbuf_header)
                  0000562e    00000002     rtsv7M4_T_le_v4SPD16_eabi.lib : startup.obj (.text)
                  00005630    00000060     uartstdio.obj (.text:UARTStdioConfig)
                  00005690    0000005c     lwiplib.obj (.text:lwIPEthernetIntHandler)
                  000056ec    0000005c     lwiplib.obj (.text:mem_init)
                  00005748    0000005c     lwiplib.obj (.text:tcp_pcb_remove)
                  000057a4    0000005a     lwiplib.obj (.text:pbuf_realloc)
                  000057fe    00000002     tcp_server.obj (.text:tcp_server_init)
                  00005800    00000058     driverlib.lib : emac.obj (.text:EMACPHYConfigSet)
                  00005858    00000058     lwiplib.obj (.text:autoip_start)
                  000058b0    00000058     lwiplib.obj (.text:memp_malloc)
                  00005908    00000056     lwiplib.obj (.text:tcp_rexmit)
                  0000595e    00000002     --HOLE-- [fill = 0]
                  00005960    00000054     locator.obj (.text:LocatorInit)
                  000059b4    00000054     lwiplib.obj (.text:autoip_create_addr)
                  00005a08    00000054     lwiplib.obj (.text:netif_add)
                  00005a5c    00000054     rtsv7M4_T_le_v4SPD16_eabi.lib : boot.obj (.text)
                  00005ab0    00000054                                   : exit.obj (.text)
                  00005b04    00000052     lwiplib.obj (.text:tivaif_process_transmit)
                  00005b56    00000002     --HOLE-- [fill = 0]
                  00005b58    00000050     driverlib.lib : sysctl.obj (.text:SysCtlPeripheralReset)
                  00005ba8    00000050     lwiplib.obj (.text:ip_route)
                  00005bf8    00000050     lwiplib.obj (.text:sys_timeouts_init)
                  00005c48    0000004e     lwiplib.obj (.text:autoip_start_probing)
                  00005c96    0000004e     lwiplib.obj (.text:inet_chksum_pbuf)
                  00005ce4    0000004e     lwiplib.obj (.text:pbuf_free)
                  00005d32    00000002     --HOLE-- [fill = 0]
                  00005d34    0000004c     lwiplib.obj (.text:etharp_output_to_arp_index)
                  00005d80    0000004c     rtsv7M4_T_le_v4SPD16_eabi.lib : cpy_tbl.obj (.text)
                  00005dcc    0000004c     lwiplib.obj (.text:tivaif_interrupt)
                  00005e18    0000004c     lwiplib.obj (.text:udp_connect)
                  00005e64    0000004c     lwiplib.obj (.text:udp_new_port)
                  00005eb0    00000048     uartstdio.obj (.text:UARTwrite)
                  00005ef8    00000048     driverlib.lib : sysctl.obj (.text:_SysCtlFrequencyGet)
                  00005f40    00000048     lwiplib.obj (.text:ip_output)
                  00005f88    00000048     lwiplib.obj (.text:tcp_kill_prio)
                  00005fd0    00000048     lwiplib.obj (.text:tcp_rexmit_fast)
                  00006018    00000048     lwiplib.obj (.text:tivaif_check_pbuf)
                  00006060    00000046     lwiplib.obj (.text:tcp_send_empty_ack)
                  000060a6    00000046     lwiplib.obj (.text:tcp_send_fin)
                  000060ec    00000044     lwiplib.obj (.text:tcp_keepalive)
                  00006130    00000042     lwiplib.obj (.text:dhcp_network_changed)
                  00006172    00000042     lwiplib.obj (.text:dhcp_option_long)
                  000061b4    00000042     lwiplib.obj (.text:tcp_pcb_purge)
                  000061f6    00000002     --HOLE-- [fill = 0]
                  000061f8    00000040     lwiplib.obj (.text:etharp_tmr)
                  00006238    00000040     rtsv7M4_T_le_v4SPD16_eabi.lib : u_divt2.obj (.text)
                  00006278    0000003e     lwiplib.obj (.text:netif_set_link_up)
                  000062b6    00000002     --HOLE-- [fill = 0]
                  000062b8    0000003c     lwiplib.obj (.text:dhcp_coarse_tmr)
                  000062f4    0000003a     driverlib.lib : emac.obj (.text:EMACIntEnable)
                  0000632e    00000002     --HOLE-- [fill = 0]
                  00006330    00000038     enet_lwip.obj (.text:DisplayIPAddress)
                  00006368    00000038     driverlib.lib : emac.obj (.text:EMACConfigSet)
                  000063a0    00000038     locator.obj (.text:LocatorAppTitleSet)
                  000063d8    00000038     driverlib.lib : sysctl.obj (.text:SysCtlPeripheralReady)
                  00006410    00000038     lwiplib.obj (.text:dhcp_fine_tmr)
                  00006448    00000038     lwiplib.obj (.text:dhcp_handle_nak)
                  00006480    00000038     lwiplib.obj (.text:dhcp_stop)
                  000064b8    00000038     lwiplib.obj (.text:memp_free)
                  000064f0    00000038     lwiplib.obj (.text:tcpip_tcp_timer)
                  00006528    00000038     lwiplib.obj (.text:udp_sendto)
                  00006560    00000034     driverlib.lib : emac.obj (.text:EMACConfigGet)
                  00006594    00000034                   : emac.obj (.text:EMACIntClear)
                  000065c8    00000034     lwiplib.obj (.text:autoip_arp_probe)
                  000065fc    00000034     lwiplib.obj (.text:tcp_kill_timewait)
                  00006630    00000034     lwiplib.obj (.text:tcp_timer_needed)
                  00006664    00000034     lwiplib.obj (.text:tivaif_init)
                  00006698    00000032     lwiplib.obj (.text:ip4_addr_isbroadcast)
                  000066ca    00000032     lwiplib.obj (.text:tcp_recved)
                  000066fc    00000030     lwiplib.obj (.text:dhcp_option_trailer)
                  0000672c    00000030     lwiplib.obj (.text:tcp_update_rcv_ann_wnd)
                  0000675c    00000030     lwiplib.obj (.text:udp_remove)
                  0000678c    0000002e     lwiplib.obj (.text:tcp_rexmit_rto)
                  000067ba    0000002c     driverlib.lib : emac.obj (.text:EMACIntStatus)
                  000067e6    00000002     --HOLE-- [fill = 0]
                  000067e8    0000002c     lwiplib.obj (.text:autoip_arp_announce)
                  00006814    0000002c     lwiplib.obj (.text:dhcp_handle_offer)
                  00006840    0000002c     lwiplib.obj (.text:etharp_request)
                  0000686c    0000002a     driverlib.lib : gpio.obj (.text:GPIODirModeSet)
                  00006896    0000002a     lwiplib.obj (.text:autoip_bind)
                  000068c0    0000002a     lwiplib.obj (.text:pbuf_cat)
                  000068ea    0000002a     ustdlib.obj (.text:ustrncpy)
                  00006914    00000028     lwiplib.obj (.text:etharp_cleanup_netif)
                  0000693c    00000026     driverlib.lib : emac.obj (.text:EMACPHYRead)
                  00006962    00000026                   : emac.obj (.text:EMACPHYWrite)
                  00006988    00000026     lwiplib.obj (.text:dhcp_check)
                  000069ae    00000026     lwiplib.obj (.text:tcp_recv_null)
                  000069d4    00000024     driverlib.lib : interrupt.obj (.text:IntPrioritySet)
                  000069f8    00000024     lwiplib.obj (.text:etharp_free_entry)
                  00006a1c    00000024     lwiplib.obj (.text:netif_set_up)
                  00006a40    00000024     rtsv7M4_T_le_v4SPD16_eabi.lib : memcmp.obj (.text)
                  00006a64    00000024     lwiplib.obj (.text:tcp_seg_copy)
                  00006a88    00000022     lwiplib.obj (.text:dhcp_option_short)
                  00006aaa    00000002     --HOLE-- [fill = 0]
                  00006aac    00000020     locator.obj (.text:LocatorMACAddrSet)
                  00006acc    00000020     driverlib.lib : sysctl.obj (.text:_SysCtlMemTimingGet)
                  00006aec    00000020     lwiplib.obj (.text:autoip_handle_arp_conflict)
                  00006b0c    00000020     lwiplib.obj (.text:dhcp_option)
                  00006b2c    00000020     lwiplib.obj (.text:etharp_send_ip)
                  00006b4c    00000020     lwiplib.obj (.text:lwIPTimer)
                  00006b6c    00000020     lwiplib.obj (.text:tcp_eff_send_mss)
                  00006b8c    00000020     lwiplib.obj (.text:tcp_tmr)
                  00006bac    00000020     ustdlib.obj (.text:usprintf)
                  00006bcc    0000001e     driverlib.lib : emac.obj (.text:EMACAddrGet)
                  00006bea    0000001e     lwiplib.obj (.text:netif_set_down)
                  00006c08    0000001c     lwiplib.obj (.text:lwIPLocalIPAddrGet)
                  00006c24    0000001c     lwiplib.obj (.text:netif_set_addr)
                  00006c40    0000001c     lwiplib.obj (.text:udp_new)
                  00006c5c    0000001a     uartstdio.obj (.text:UARTprintf)
                  00006c76    0000001a     lwiplib.obj (.text:autoip_network_changed)
                  00006c90    0000001a     lwiplib.obj (.text:dhcp_arp_reply)
                  00006caa    0000001a     lwiplib.obj (.text:lwip_htonl)
                  00006cc4    00000018     driverlib.lib : gpio.obj (.text:GPIOPinTypeGPIOOutput)
                  00006cdc    00000018     lwiplib.obj (.text:arp_timer)
                  00006cf4    00000018     lwiplib.obj (.text:autoip_timer)
                  00006d0c    00000018     lwiplib.obj (.text:dhcp_timer_coarse)
                  00006d24    00000018     lwiplib.obj (.text:dhcp_timer_fine)
                  00006d3c    00000018     lwiplib.obj (.text:pbuf_pool_is_empty)
                  00006d54    00000018     rtsv7M4_T_le_v4SPD16_eabi.lib : args_main.obj (.text)
                  00006d6c    00000018     lwiplib.obj (.text:tcp_next_iss)
                  00006d84    00000018     lwiplib.obj (.text:tcp_seg_free)
                  00006d9c    00000016     driverlib.lib : emac.obj (.text:EMACReset)
                  00006db2    00000016                   : emac.obj (.text:EMACRxEnable)
                  00006dc8    00000016                   : emac.obj (.text:EMACTxEnable)
                  00006dde    00000016     lwiplib.obj (.text:dhcp_delete_msg)
                  00006df4    00000016     lwiplib.obj (.text:dhcp_t1_timeout)
                  00006e0a    00000016     lwiplib.obj (.text:dhcp_t2_timeout)
                  00006e20    00000016     lwiplib.obj (.text:pbuf_ref)
                  00006e36    00000002     --HOLE-- [fill = 0]
                  00006e38    00000014     driverlib.lib : flash.obj (.text:FlashUserGet)
                  00006e4c    00000014                   : systick.obj (.text:SysTickEnable)
                  00006e60    00000014                   : systick.obj (.text:SysTickIntEnable)
                  00006e74    00000014     rtsv7M4_T_le_v4SPD16_eabi.lib : _lock.obj (.text)
                  00006e88    00000014     lwiplib.obj (.text:sys_arch_unprotect)
                  00006e9c    00000014     lwiplib.obj (.text:tcp_close)
                  00006eb0    00000012     driverlib.lib : gpio.obj (.text:GPIOPinTypeEthernetLED)
                  00006ec2    00000012     lwiplib.obj (.text:dhcp_option_byte)
                  00006ed4    00000012     lwiplib.obj (.text:netif_set_link_down)
                  00006ee6    00000012     lwiplib.obj (.text:pbuf_clen)
                  00006ef8    00000012     lwiplib.obj (.text:tcp_segs_free)
                  00006f0a    00000002     --HOLE-- [fill = 0]
                  00006f0c    00000010     driverlib.lib : emac.obj (.text:EMACFrameFilterSet)
                  00006f1c    00000010                   : interrupt.obj (.text:IntMasterEnable)
                  00006f2c    00000010                   : systick.obj (.text:SysTickPeriodSet)
                  00006f3c    00000010     lwiplib.obj (.text:autoip_stop)
                  00006f4c    00000010     lwiplib.obj (.text:dhcp_set_state)
                  00006f5c    00000010     lwiplib.obj (.text:inet_chksum)
                  00006f6c    00000010     lwiplib.obj (.text:lwip_init)
                  00006f7c    00000010     lwiplib.obj (.text:pbuf_chain)
                  00006f8c    00000010     lwiplib.obj (.text:sys_arch_protect)
                  00006f9c    0000000e     rtsv7M4_T_le_v4SPD16_eabi.lib : copy_decompress_none.obj (.text:decompress:none)
                  00006faa    0000000c     driverlib.lib : cpu.obj (.text:CPUcpsie)
                  00006fb6    00000002     --HOLE-- [fill = 0]
                  00006fb8    0000000c                   : sysctl.obj (.text:SysCtlMOSCConfigSet)
                  00006fc4    0000000c     lwiplib.obj (.text:autoip_restart)
                  00006fd0    0000000c     rtsv7M4_T_le_v4SPD16_eabi.lib : copy_zero_init.obj (.text:decompress:ZI)
                  00006fdc    0000000c     lwiplib.obj (.text:lwip_htons)
                  00006fe8    0000000c     lwiplib.obj (.text:netif_set_default)
                  00006ff4    0000000c     lwiplib.obj (.text:netif_set_gw)
                  00007000    0000000c     lwiplib.obj (.text:netif_set_netmask)
                  0000700c    0000000c     lwiplib.obj (.text:sys_now)
                  00007018    00000008     driverlib.lib : emac.obj (.text:EMACTxDMAPollDemand)
                  00007020    00000008     lwiplib.obj (.text:icmp_dest_unreach)
                  00007028    00000006     driverlib.lib : emac.obj (.text:EMACRxDMADescriptorListSet)
                  0000702e    00000006                   : emac.obj (.text:EMACTimestampIntStatus)
                  00007034    00000006                   : emac.obj (.text:EMACTxDMADescriptorListSet)
                  0000703a    00000006                   : gpio.obj (.text:GPIOPinRead)
                  00007040    00000006                   : gpio.obj (.text:GPIOPinWrite)
                  00007046    00000006     startup_ccs.obj (.text:ResetISR)
                  0000704c    00000006     driverlib.lib : sysctl.obj (.text:SysCtlDelay)
                  00007052    00000006     enet_lwip.obj (.text:SysTickIntHandler)
                  00007058    00000006     lwiplib.obj (.text:tcp_abort)
                  0000705e    00000006     lwiplib.obj (.text:udp_recv)
                  00007064    00000004     rtsv7M4_T_le_v4SPD16_eabi.lib : pre_init.obj (.text)

.const     0    00007068    000003dc     
                  00007068    000001b0     driverlib.lib : sysctl.obj (.const:g_pppui32XTALtoVCO)
                  00007218    0000009c                   : interrupt.obj (.const:g_pui32Regs)
                  000072b4    00000070                   : interrupt.obj (.const)
                  00007324    0000006c                   : sysctl.obj (.const:g_pui32Xtals)
                  00007390    00000030                   : sysctl.obj (.const:g_sXTALtoMEMTIM)
                  000073c0    00000018                   : emac.obj (.const)
                  000073d8    00000010     lwiplib.obj (.const:memp_num)
                  000073e8    00000010     lwiplib.obj (.const:memp_sizes)
                  000073f8    0000000d     lwiplib.obj (.const:.string:tcp_backoff)
                  00007405    00000003     --HOLE-- [fill = 0]
                  00007408    0000000c     uartstdio.obj (.const:g_ui32UARTBase)
                  00007414    0000000c     uartstdio.obj (.const:g_ui32UARTPeriph)
                  00007420    00000008     driverlib.lib : sysctl.obj (.const)
                  00007428    00000007     lwiplib.obj (.const:.string:tcp_persist_backoff)
                  0000742f    00000006     lwiplib.obj (.const:ethbroadcast)
                  00007435    00000006     lwiplib.obj (.const:ethzero)
                  0000743b    00000001     --HOLE-- [fill = 0]
                  0000743c    00000004     lwiplib.obj (.const:ip_addr_any)
                  00007440    00000004     lwiplib.obj (.const:ip_addr_broadcast)

.cinit     0    00007448    00000060     
                  00007448    0000003a     (.cinit..data.load) [load image, compression = lzss]
                  00007482    00000002     --HOLE-- [fill = 0]
                  00007484    0000000c     (__TI_handler_table)
                  00007490    00000008     (.cinit..bss.load) [load image, compression = zero_init]
                  00007498    00000010     (__TI_cinit_table)

.init_array 
*          0    00000000    00000000     UNINITIALIZED

.bss       0    20000000    00017ae6     UNINITIALIZED
                  20000000    0001001c     (.common:ram_heap)
                  2001001c    000072d4     lwiplib.obj (.bss:memp_memory)
                  200172f0    00000360     (.common:g_pTxDescriptors)
                  20017650    00000120     (.common:g_pRxDescriptors)
                  20017770    00000120     (.common:lwip_stats)
                  20017890    000000c8     lwiplib.obj (.bss:arp_table)
                  20017958    00000054     locator.obj (.bss:g_pui8LocatorData)
                  200179ac    00000050     lwiplib.obj (.bss)
                  200179fc    00000038     lwiplib.obj (.bss:g_sNetIF)
                  20017a34    00000028     (.common:dhcp_rx_options_val)
                  20017a5c    00000020     lwiplib.obj (.bss:memp_tab)
                  20017a7c    00000010     lwiplib.obj (.bss:inseg)
                  20017a8c    0000000c     (.common:dhcp_rx_options_given)
                  20017a98    00000004     (.common:current_header)
                  20017a9c    00000004     (.common:current_iphdr_dest)
                  20017aa0    00000004     (.common:current_iphdr_src)
                  20017aa4    00000004     (.common:current_netif)
                  20017aa8    00000004     (.common:g_pfnTimerHandler)
                  20017aac    00000004     (.common:g_ui32AbnormalInts)
                  20017ab0    00000004     (.common:g_ui32IPAddress)
                  20017ab4    00000004     (.common:g_ui32NormalInts)
                  20017ab8    00000004     (.common:g_ui32SysClock)
                  20017abc    00000004     (.common:netif_default)
                  20017ac0    00000004     (.common:netif_list)
                  20017ac4    00000004     (.common:tcp_active_pcbs)
                  20017ac8    00000004     (.common:tcp_bound_pcbs)
                  20017acc    00000004     (.common:tcp_input_pcb)
                  20017ad0    00000004     (.common:tcp_listen_pcbs)
                  20017ad4    00000004     (.common:tcp_ticks)
                  20017ad8    00000004     (.common:tcp_tmp_pcb)
                  20017adc    00000004     (.common:tcp_tw_pcbs)
                  20017ae0    00000004     (.common:udp_pcbs)
                  20017ae4    00000001     (.common:pbuf_free_ooseq_pending)
                  20017ae5    00000001     (.common:tcp_active_pcbs_changed)

.stack     0    20017ae8    00000800     UNINITIALIZED
                  20017ae8    00000800     --HOLE--

.data      0    200182e8    00000084     UNINITIALIZED
                  200182e8    00000038     lwiplib.obj (.data)
                  20018320    00000010     lwiplib.obj (.data:g_RxDescList)
                  20018330    00000010     lwiplib.obj (.data:g_TxDescList)
                  20018340    0000000c     rtsv7M4_T_le_v4SPD16_eabi.lib : exit.obj (.data:$O1$$)
                  2001834c    0000000c     lwiplib.obj (.data:g_StellarisIFData)
                  20018358    00000008     rtsv7M4_T_le_v4SPD16_eabi.lib : _lock.obj (.data:$O1$$)
                  20018360    00000005     uartstdio.obj (.data)
                  20018365    00000003     --HOLE--
                  20018368    00000004     rtsv7M4_T_le_v4SPD16_eabi.lib : stkdepth_vars.obj (.data)

MODULE SUMMARY

       Module                     code    ro data   rw data
       ------                     ----    -------   -------
    .\
       enet_lwip.obj              662     0         8      
       startup_ccs.obj            12      512       0      
       tcp_server.obj             2       0         0      
    +--+--------------------------+-------+---------+---------+
       Total:                     676     512       8      
                                                           
    .\drivers\
       pinout.obj                 536     0         0      
    +--+--------------------------+-------+---------+---------+
       Total:                     536     0         0      
                                                           
    .\utils\
       lwiplib.obj                22376   72        97006  
       uartstdio.obj              684     24        5      
       ustdlib.obj                663     0         0      
       locator.obj                308     0         84     
    +--+--------------------------+-------+---------+---------+
       Total:                     24031   96        97095  
                                                           
    C:/ti/TivaWare_C_Series-2.1.3.156/driverlib/ccs/Debug/driverlib.lib
       sysctl.obj                 750     596       0      
       emac.obj                   684     24        0      
       interrupt.obj              156     268       0      
       gpio.obj                   402     0         0      
       systick.obj                56      0         0      
       flash.obj                  20      0         0      
       cpu.obj                    12      0         0      
    +--+--------------------------+-------+---------+---------+
       Total:                     2080    888       0      
                                                           
    C:\ti\ccsv7\tools\compiler\ti-cgt-arm_16.9.4.LTS\lib\rtsv7M4_T_le_v4SPD16_eabi.lib
       memcpy_t2.obj              156     0         0      
       memset_t2.obj              122     0         0      
       autoinit.obj               112     0         0      
       copy_decompress_lzss.obj   104     0         0      
       exit.obj                   84      0         12     
       boot.obj                   84      0         0      
       cpy_tbl.obj                76      0         0      
       u_divt2.obj                64      0         0      
       memcmp.obj                 36      0         0      
       _lock.obj                  20      0         8      
       args_main.obj              24      0         0      
       copy_decompress_none.obj   14      0         0      
       copy_zero_init.obj         12      0         0      
       pre_init.obj               4       0         0      
       stkdepth_vars.obj          0       0         4      
       i_div0.obj                 2       0         0      
       mpu_init.obj               2       0         0      
       startup.obj                2       0         0      
    +--+--------------------------+-------+---------+---------+
       Total:                     918     0         24     
                                                           
       Stack:                     0       0         2048   
       Linker Generated:          0       94        0      
    +--+--------------------------+-------+---------+---------+
       Grand Total:               28241   1590      99175  


LINKER GENERATED COPY TABLES

__TI_cinit_table @ 00007498 records: 2, size/record: 8, table size: 16
	.data: load addr=00007448, load size=0000003a bytes, run addr=200182e8, run size=00000084 bytes, compression=lzss
	.bss: load addr=00007490, load size=00000008 bytes, run addr=20000000, run size=00017ae6 bytes, compression=zero_init


LINKER GENERATED HANDLER TABLE

__TI_handler_table @ 00007484 records: 3, size/record: 4, table size: 12
	index: 0, handler: __TI_decompress_lzss
	index: 1, handler: __TI_decompress_none
	index: 2, handler: __TI_zero_init


GLOBAL SYMBOLS: SORTED ALPHABETICALLY BY Name 

address   name                           
-------   ----                           
00005ab1  C$$EXIT                        
00006fab  CPUcpsie                       
00006331  DisplayIPAddress               
00006bcd  EMACAddrGet                    
00006561  EMACConfigGet                  
00006369  EMACConfigSet                  
00006f0d  EMACFrameFilterSet             
00004d65  EMACInit                       
00006595  EMACIntClear                   
000062f5  EMACIntEnable                  
000067bb  EMACIntStatus                  
00005801  EMACPHYConfigSet               
0000693d  EMACPHYRead                    
00006963  EMACPHYWrite                   
00006d9d  EMACReset                      
00007029  EMACRxDMADescriptorListSet     
00006db3  EMACRxEnable                   
0000702f  EMACTimestampIntStatus         
00007035  EMACTxDMADescriptorListSet     
00007019  EMACTxDMAPollDemand            
00006dc9  EMACTxEnable                   
00006e39  FlashUserGet                   
0000686d  GPIODirModeSet                 
00002b7b  GPIOPadConfigSet               
0000703b  GPIOPinRead                    
00006eb1  GPIOPinTypeEthernetLED         
00006cc5  GPIOPinTypeGPIOOutput          
00007041  GPIOPinWrite                   
00003c59  InitDMADescriptors             
000050f5  IntEnable                      
00006f1d  IntMasterEnable                
000069d5  IntPrioritySet                 
000063a1  LocatorAppTitleSet             
00005961  LocatorInit                    
00006aad  LocatorMACAddrSet              
00001861  PinoutSet                      
00007047  ResetISR                       
UNDEFED   SHT$$INIT_ARRAY$$Base          
UNDEFED   SHT$$INIT_ARRAY$$Limit         
00001a79  SysCtlClockFreqSet             
0000704d  SysCtlDelay                    
00006fb9  SysCtlMOSCConfigSet            
000063d9  SysCtlPeripheralReady          
00005b59  SysCtlPeripheralReset          
00006e4d  SysTickEnable                  
00006e61  SysTickIntEnable               
00007053  SysTickIntHandler              
00006f2d  SysTickPeriodSet               
00005631  UARTStdioConfig                
00006c5d  UARTprintf                     
00001c65  UARTvprintf                    
00005eb1  UARTwrite                      
200182e8  __STACK_END                    
00000800  __STACK_SIZE                   
200182e8  __STACK_TOP                    
00007498  __TI_CINIT_Base                
000074a8  __TI_CINIT_Limit               
00007484  __TI_Handler_Table_Base        
00007490  __TI_Handler_Table_Limit       
00004f3d  __TI_auto_init                 
20018340  __TI_cleanup_ptr               
0000515d  __TI_decompress_lzss           
00006f9d  __TI_decompress_none           
20018344  __TI_dtors_ptr                 
20018348  __TI_enable_exit_profile_output
ffffffff  __TI_pprof_out_hndl            
ffffffff  __TI_prof_data_size            
ffffffff  __TI_prof_data_start           
00000000  __TI_static_base__             
00006fd1  __TI_zero_init                 
000048f7  __aeabi_idiv0                  
00004ce9  __aeabi_memclr                 
00004ce9  __aeabi_memclr4                
00004ce9  __aeabi_memclr8                
00004401  __aeabi_memcpy                 
00004401  __aeabi_memcpy4                
00004401  __aeabi_memcpy8                
00004ceb  __aeabi_memset                 
00004ceb  __aeabi_memset4                
00004ceb  __aeabi_memset8                
00006239  __aeabi_uidiv                  
00006239  __aeabi_uidivmod               
ffffffff  __binit__                      
ffffffff  __c_args__                     
00004d63  __mpu_init                     
20017ae8  __stack                        
00006d55  _args_main                     
00005a5d  _c_int00                       
20018358  _lock                          
00006e83  _nop                           
00006e7b  _register_lock                 
00006e75  _register_unlock               
0000562f  _system_post_cinit             
00007065  _system_pre_init               
2001835c  _unlock                        
00005ab5  abort                          
00004875  autoip_arp_reply               
00006c77  autoip_network_changed         
00005859  autoip_start                   
00006f3d  autoip_stop                    
0000378d  autoip_tmr                     
ffffffff  binit                          
00005d81  copy_in                        
20017a98  current_header                 
20017a9c  current_iphdr_dest             
20017aa0  current_iphdr_src              
20017aa4  current_netif                  
00006c91  dhcp_arp_reply                 
000062b9  dhcp_coarse_tmr                
00006411  dhcp_fine_tmr                  
00006131  dhcp_network_changed           
000042b9  dhcp_release                   
00004979  dhcp_renew                     
20017a8c  dhcp_rx_options_given          
20017a34  dhcp_rx_options_val            
00004169  dhcp_start                     
00006481  dhcp_stop                      
00006915  etharp_cleanup_netif           
00002dd1  etharp_output                  
00002eed  etharp_query                   
000036b1  etharp_raw                     
00006841  etharp_request                 
000061f9  etharp_tmr                     
0000742f  ethbroadcast                   
000040bd  ethernet_input                 
00007435  ethzero                        
00005abd  exit                           
20018320  g_RxDescList                   
20018330  g_TxDescList                   
20017650  g_pRxDescriptors               
200172f0  g_pTxDescriptors               
20017aa8  g_pfnTimerHandler              
00000000  g_pfnVectors                   
20017aac  g_ui32AbnormalInts             
20017ab0  g_ui32IPAddress                
200182ec  g_ui32LocalTimer               
20017ab4  g_ui32NormalInts               
20017ab8  g_ui32SysClock                 
00007021  icmp_dest_unreach              
00002381  icmp_input                     
00006f5d  inet_chksum                    
00005c97  inet_chksum_pbuf               
00006699  ip4_addr_isbroadcast           
0000743c  ip_addr_any                    
00007440  ip_addr_broadcast              
00001e51  ip_input                       
00005f41  ip_output                      
0000435d  ip_output_if                   
00005ba9  ip_route                       
00005691  lwIPEthernetIntHandler         
0000330d  lwIPHostTimerHandler           
00003401  lwIPInit                       
00006c09  lwIPLocalIPAddrGet             
00006b4d  lwIPTimer                      
00006cab  lwip_htonl                     
00006fdd  lwip_htons                     
00006f6d  lwip_init                      
00006cab  lwip_ntohl                     
00006fdd  lwip_ntohs                     
20017770  lwip_stats                     
00002505  main                           
20018368  main_func_sp                   
00005505  mem_free                       
000056ed  mem_init                       
00003215  mem_malloc                     
000034e9  mem_trim                       
00006a41  memcmp                         
00004401  memcpy                         
000064b9  memp_free                      
00005089  memp_init                      
000058b1  memp_malloc                    
00004cf1  memset                         
00005a09  netif_add                      
20017abc  netif_default                  
20017ac0  netif_list                     
00006c25  netif_set_addr                 
00006fe9  netif_set_default              
00006beb  netif_set_down                 
00006ff5  netif_set_gw                   
00005295  netif_set_ipaddr               
00006ed5  netif_set_link_down            
00006279  netif_set_link_up              
00007001  netif_set_netmask              
00006a1d  netif_set_up                   
00002a41  pbuf_alloc                     
000068c1  pbuf_cat                       
00006f7d  pbuf_chain                     
00006ee7  pbuf_clen                      
00004535  pbuf_copy                      
000052fd  pbuf_copy_partial              
00005ce5  pbuf_free                      
20017ae4  pbuf_free_ooseq_pending        
000055cd  pbuf_header                    
000057a5  pbuf_realloc                   
00006e21  pbuf_ref                       
20000000  ram_heap                       
00004ec9  raw_input                      
00006f8d  sys_arch_protect               
00006e89  sys_arch_unprotect             
0000700d  sys_now                        
00005365  sys_timeout                    
00005bf9  sys_timeouts_init              
000045c9  tcp_abandon                    
00007059  tcp_abort                      
20017ac4  tcp_active_pcbs                
20017ae5  tcp_active_pcbs_changed        
00003861  tcp_alloc                      
000073f8  tcp_backoff                    
20017ac8  tcp_bound_pcbs                 
00006e9d  tcp_close                      
00006b6d  tcp_eff_send_mss               
00004211  tcp_enqueue_flags              
00004fad  tcp_fasttmr                    
000009c1  tcp_input                      
20017acc  tcp_input_pcb                  
000060ed  tcp_keepalive                  
20017ad0  tcp_listen_pcbs                
00006d6d  tcp_next_iss                   
000021f1  tcp_output                     
000061b5  tcp_pcb_purge                  
00005749  tcp_pcb_remove                 
00007428  tcp_persist_backoff            
00005435  tcp_process_refused_data       
000069af  tcp_recv_null                  
000066cb  tcp_recved                     
00005909  tcp_rexmit                     
00005fd1  tcp_rexmit_fast                
0000678d  tcp_rexmit_rto                 
00004bf1  tcp_rst                        
00006a65  tcp_seg_copy                   
00006d85  tcp_seg_free                   
00006ef9  tcp_segs_free                  
00006061  tcp_send_empty_ack             
000060a7  tcp_send_fin                   
000057ff  tcp_server_init                
00001121  tcp_slowtmr                    
20017ad4  tcp_ticks                      
00006631  tcp_timer_needed               
20017ad8  tcp_tmp_pcb                    
00006b8d  tcp_tmr                        
20017adc  tcp_tw_pcbs                    
0000672d  tcp_update_rcv_ann_wnd         
00004659  tcp_zero_window_probe          
00006665  tivaif_init                    
00005dcd  tivaif_interrupt               
00004c6d  tivaif_process_phy_interrupt   
0000549d  udp_bind                       
00005e19  udp_connect                    
0000202d  udp_input                      
00006c41  udp_new                        
20017ae0  udp_pcbs                       
0000705f  udp_recv                       
0000675d  udp_remove                     
00006529  udp_sendto                     
00003b91  udp_sendto_if                  
00006bad  usprintf                       
000068eb  ustrncpy                       
000013e9  uvsnprintf                     


GLOBAL SYMBOLS: SORTED BY Symbol Address 

address   name                           
-------   ----                           
00000000  __TI_static_base__             
00000000  g_pfnVectors                   
00000800  __STACK_SIZE                   
000009c1  tcp_input                      
00001121  tcp_slowtmr                    
000013e9  uvsnprintf                     
00001861  PinoutSet                      
00001a79  SysCtlClockFreqSet             
00001c65  UARTvprintf                    
00001e51  ip_input                       
0000202d  udp_input                      
000021f1  tcp_output                     
00002381  icmp_input                     
00002505  main                           
00002a41  pbuf_alloc                     
00002b7b  GPIOPadConfigSet               
00002dd1  etharp_output                  
00002eed  etharp_query                   
00003215  mem_malloc                     
0000330d  lwIPHostTimerHandler           
00003401  lwIPInit                       
000034e9  mem_trim                       
000036b1  etharp_raw                     
0000378d  autoip_tmr                     
00003861  tcp_alloc                      
00003b91  udp_sendto_if                  
00003c59  InitDMADescriptors             
000040bd  ethernet_input                 
00004169  dhcp_start                     
00004211  tcp_enqueue_flags              
000042b9  dhcp_release                   
0000435d  ip_output_if                   
00004401  __aeabi_memcpy                 
00004401  __aeabi_memcpy4                
00004401  __aeabi_memcpy8                
00004401  memcpy                         
00004535  pbuf_copy                      
000045c9  tcp_abandon                    
00004659  tcp_zero_window_probe          
00004875  autoip_arp_reply               
000048f7  __aeabi_idiv0                  
00004979  dhcp_renew                     
00004bf1  tcp_rst                        
00004c6d  tivaif_process_phy_interrupt   
00004ce9  __aeabi_memclr                 
00004ce9  __aeabi_memclr4                
00004ce9  __aeabi_memclr8                
00004ceb  __aeabi_memset                 
00004ceb  __aeabi_memset4                
00004ceb  __aeabi_memset8                
00004cf1  memset                         
00004d63  __mpu_init                     
00004d65  EMACInit                       
00004ec9  raw_input                      
00004f3d  __TI_auto_init                 
00004fad  tcp_fasttmr                    
00005089  memp_init                      
000050f5  IntEnable                      
0000515d  __TI_decompress_lzss           
00005295  netif_set_ipaddr               
000052fd  pbuf_copy_partial              
00005365  sys_timeout                    
00005435  tcp_process_refused_data       
0000549d  udp_bind                       
00005505  mem_free                       
000055cd  pbuf_header                    
0000562f  _system_post_cinit             
00005631  UARTStdioConfig                
00005691  lwIPEthernetIntHandler         
000056ed  mem_init                       
00005749  tcp_pcb_remove                 
000057a5  pbuf_realloc                   
000057ff  tcp_server_init                
00005801  EMACPHYConfigSet               
00005859  autoip_start                   
000058b1  memp_malloc                    
00005909  tcp_rexmit                     
00005961  LocatorInit                    
00005a09  netif_add                      
00005a5d  _c_int00                       
00005ab1  C$$EXIT                        
00005ab5  abort                          
00005abd  exit                           
00005b59  SysCtlPeripheralReset          
00005ba9  ip_route                       
00005bf9  sys_timeouts_init              
00005c97  inet_chksum_pbuf               
00005ce5  pbuf_free                      
00005d81  copy_in                        
00005dcd  tivaif_interrupt               
00005e19  udp_connect                    
00005eb1  UARTwrite                      
00005f41  ip_output                      
00005fd1  tcp_rexmit_fast                
00006061  tcp_send_empty_ack             
000060a7  tcp_send_fin                   
000060ed  tcp_keepalive                  
00006131  dhcp_network_changed           
000061b5  tcp_pcb_purge                  
000061f9  etharp_tmr                     
00006239  __aeabi_uidiv                  
00006239  __aeabi_uidivmod               
00006279  netif_set_link_up              
000062b9  dhcp_coarse_tmr                
000062f5  EMACIntEnable                  
00006331  DisplayIPAddress               
00006369  EMACConfigSet                  
000063a1  LocatorAppTitleSet             
000063d9  SysCtlPeripheralReady          
00006411  dhcp_fine_tmr                  
00006481  dhcp_stop                      
000064b9  memp_free                      
00006529  udp_sendto                     
00006561  EMACConfigGet                  
00006595  EMACIntClear                   
00006631  tcp_timer_needed               
00006665  tivaif_init                    
00006699  ip4_addr_isbroadcast           
000066cb  tcp_recved                     
0000672d  tcp_update_rcv_ann_wnd         
0000675d  udp_remove                     
0000678d  tcp_rexmit_rto                 
000067bb  EMACIntStatus                  
00006841  etharp_request                 
0000686d  GPIODirModeSet                 
000068c1  pbuf_cat                       
000068eb  ustrncpy                       
00006915  etharp_cleanup_netif           
0000693d  EMACPHYRead                    
00006963  EMACPHYWrite                   
000069af  tcp_recv_null                  
000069d5  IntPrioritySet                 
00006a1d  netif_set_up                   
00006a41  memcmp                         
00006a65  tcp_seg_copy                   
00006aad  LocatorMACAddrSet              
00006b4d  lwIPTimer                      
00006b6d  tcp_eff_send_mss               
00006b8d  tcp_tmr                        
00006bad  usprintf                       
00006bcd  EMACAddrGet                    
00006beb  netif_set_down                 
00006c09  lwIPLocalIPAddrGet             
00006c25  netif_set_addr                 
00006c41  udp_new                        
00006c5d  UARTprintf                     
00006c77  autoip_network_changed         
00006c91  dhcp_arp_reply                 
00006cab  lwip_htonl                     
00006cab  lwip_ntohl                     
00006cc5  GPIOPinTypeGPIOOutput          
00006d55  _args_main                     
00006d6d  tcp_next_iss                   
00006d85  tcp_seg_free                   
00006d9d  EMACReset                      
00006db3  EMACRxEnable                   
00006dc9  EMACTxEnable                   
00006e21  pbuf_ref                       
00006e39  FlashUserGet                   
00006e4d  SysTickEnable                  
00006e61  SysTickIntEnable               
00006e75  _register_unlock               
00006e7b  _register_lock                 
00006e83  _nop                           
00006e89  sys_arch_unprotect             
00006e9d  tcp_close                      
00006eb1  GPIOPinTypeEthernetLED         
00006ed5  netif_set_link_down            
00006ee7  pbuf_clen                      
00006ef9  tcp_segs_free                  
00006f0d  EMACFrameFilterSet             
00006f1d  IntMasterEnable                
00006f2d  SysTickPeriodSet               
00006f3d  autoip_stop                    
00006f5d  inet_chksum                    
00006f6d  lwip_init                      
00006f7d  pbuf_chain                     
00006f8d  sys_arch_protect               
00006f9d  __TI_decompress_none           
00006fab  CPUcpsie                       
00006fb9  SysCtlMOSCConfigSet            
00006fd1  __TI_zero_init                 
00006fdd  lwip_htons                     
00006fdd  lwip_ntohs                     
00006fe9  netif_set_default              
00006ff5  netif_set_gw                   
00007001  netif_set_netmask              
0000700d  sys_now                        
00007019  EMACTxDMAPollDemand            
00007021  icmp_dest_unreach              
00007029  EMACRxDMADescriptorListSet     
0000702f  EMACTimestampIntStatus         
00007035  EMACTxDMADescriptorListSet     
0000703b  GPIOPinRead                    
00007041  GPIOPinWrite                   
00007047  ResetISR                       
0000704d  SysCtlDelay                    
00007053  SysTickIntHandler              
00007059  tcp_abort                      
0000705f  udp_recv                       
00007065  _system_pre_init               
000073f8  tcp_backoff                    
00007428  tcp_persist_backoff            
0000742f  ethbroadcast                   
00007435  ethzero                        
0000743c  ip_addr_any                    
00007440  ip_addr_broadcast              
00007484  __TI_Handler_Table_Base        
00007490  __TI_Handler_Table_Limit       
00007498  __TI_CINIT_Base                
000074a8  __TI_CINIT_Limit               
20000000  ram_heap                       
200172f0  g_pTxDescriptors               
20017650  g_pRxDescriptors               
20017770  lwip_stats                     
20017a34  dhcp_rx_options_val            
20017a8c  dhcp_rx_options_given          
20017a98  current_header                 
20017a9c  current_iphdr_dest             
20017aa0  current_iphdr_src              
20017aa4  current_netif                  
20017aa8  g_pfnTimerHandler              
20017aac  g_ui32AbnormalInts             
20017ab0  g_ui32IPAddress                
20017ab4  g_ui32NormalInts               
20017ab8  g_ui32SysClock                 
20017abc  netif_default                  
20017ac0  netif_list                     
20017ac4  tcp_active_pcbs                
20017ac8  tcp_bound_pcbs                 
20017acc  tcp_input_pcb                  
20017ad0  tcp_listen_pcbs                
20017ad4  tcp_ticks                      
20017ad8  tcp_tmp_pcb                    
20017adc  tcp_tw_pcbs                    
20017ae0  udp_pcbs                       
20017ae4  pbuf_free_ooseq_pending        
20017ae5  tcp_active_pcbs_changed        
20017ae8  __stack                        
200182e8  __STACK_END                    
200182e8  __STACK_TOP                    
200182ec  g_ui32LocalTimer               
20018320  g_RxDescList                   
20018330  g_TxDescList                   
20018340  __TI_cleanup_ptr               
20018344  __TI_dtors_ptr                 
20018348  __TI_enable_exit_profile_output
20018358  _lock                          
2001835c  _unlock                        
20018368  main_func_sp                   
ffffffff  __TI_pprof_out_hndl            
ffffffff  __TI_prof_data_size            
ffffffff  __TI_prof_data_start           
ffffffff  __binit__                      
ffffffff  __c_args__                     
ffffffff  binit                          
UNDEFED   SHT$$INIT_ARRAY$$Base          
UNDEFED   SHT$$INIT_ARRAY$$Limit         

[258 symbols]
