<?xml version="1.0"?>
<link_info>
   <banner>TI ARM Linker PC v16.9.4.LTS</banner>
   <copyright>Copyright (c) 1996-2017 Texas Instruments Incorporated</copyright>
   <link_time>0x5ac71ec4</link_time>
   <link_errors>0x0</link_errors>
   <output_file>enet_lwip.out</output_file>
   <entry_point>
      <name>_c_int00</name>
      <address>0x6089</address>
   </entry_point>
   <input_file_list>
      <input_file id="fl-2">
         <path>.\</path>
         <kind>object</kind>
         <file>enet_fs.obj</file>
         <name>enet_fs.obj</name>
      </input_file>
      <input_file id="fl-3">
         <path>.\</path>
         <kind>object</kind>
         <file>enet_lwip.obj</file>
         <name>enet_lwip.obj</name>
      </input_file>
      <input_file id="fl-4">
         <path>.\</path>
         <kind>object</kind>
         <file>startup_ccs.obj</file>
         <name>startup_ccs.obj</name>
      </input_file>
      <input_file id="fl-5">
         <path>.\</path>
         <kind>object</kind>
         <file>tcp_server.obj</file>
         <name>tcp_server.obj</name>
      </input_file>
      <input_file id="fl-6">
         <path>.\drivers\</path>
         <kind>object</kind>
         <file>pinout.obj</file>
         <name>pinout.obj</name>
      </input_file>
      <input_file id="fl-7">
         <path>.\third_party\fatfs\port\</path>
         <kind>object</kind>
         <file>mmc-ek-tm4c1294xl.obj</file>
         <name>mmc-ek-tm4c1294xl.obj</name>
      </input_file>
      <input_file id="fl-8">
         <path>.\third_party\fatfs\src\</path>
         <kind>object</kind>
         <file>ff.obj</file>
         <name>ff.obj</name>
      </input_file>
      <input_file id="fl-9">
         <path>.\third_party\lwip-1.4.1\apps\httpserver_raw\</path>
         <kind>object</kind>
         <file>httpd.obj</file>
         <name>httpd.obj</name>
      </input_file>
      <input_file id="fl-a">
         <path>.\utils\</path>
         <kind>object</kind>
         <file>locator.obj</file>
         <name>locator.obj</name>
      </input_file>
      <input_file id="fl-b">
         <path>.\utils\</path>
         <kind>object</kind>
         <file>lwiplib.obj</file>
         <name>lwiplib.obj</name>
      </input_file>
      <input_file id="fl-c">
         <path>.\utils\</path>
         <kind>object</kind>
         <file>uartstdio.obj</file>
         <name>uartstdio.obj</name>
      </input_file>
      <input_file id="fl-d">
         <path>.\utils\</path>
         <kind>object</kind>
         <file>udp_server.obj</file>
         <name>udp_server.obj</name>
      </input_file>
      <input_file id="fl-e">
         <path>.\utils\</path>
         <kind>object</kind>
         <file>ustdlib.obj</file>
         <name>ustdlib.obj</name>
      </input_file>
      <input_file id="fl-13">
         <kind>object</kind>
         <file>&lt;internal&gt;</file>
         <name>&lt;internal&gt;</name>
      </input_file>
      <input_file id="fl-c9">
         <path>C:\ti\ccsv7\tools\compiler\ti-cgt-arm_16.9.4.LTS\lib\</path>
         <kind>archive</kind>
         <file>rtsv7M4_T_le_v4SPD16_eabi.lib</file>
         <name>boot.obj</name>
      </input_file>
      <input_file id="fl-ca">
         <path>C:\ti\ccsv7\tools\compiler\ti-cgt-arm_16.9.4.LTS\lib\</path>
         <kind>archive</kind>
         <file>rtsv7M4_T_le_v4SPD16_eabi.lib</file>
         <name>copy_decompress_lzss.obj</name>
      </input_file>
      <input_file id="fl-cb">
         <path>C:\ti\ccsv7\tools\compiler\ti-cgt-arm_16.9.4.LTS\lib\</path>
         <kind>archive</kind>
         <file>rtsv7M4_T_le_v4SPD16_eabi.lib</file>
         <name>copy_decompress_none.obj</name>
      </input_file>
      <input_file id="fl-cc">
         <path>C:\ti\ccsv7\tools\compiler\ti-cgt-arm_16.9.4.LTS\lib\</path>
         <kind>archive</kind>
         <file>rtsv7M4_T_le_v4SPD16_eabi.lib</file>
         <name>copy_zero_init.obj</name>
      </input_file>
      <input_file id="fl-cd">
         <path>C:\ti\ccsv7\tools\compiler\ti-cgt-arm_16.9.4.LTS\lib\</path>
         <kind>archive</kind>
         <file>rtsv7M4_T_le_v4SPD16_eabi.lib</file>
         <name>exit.obj</name>
      </input_file>
      <input_file id="fl-ce">
         <path>C:\ti\ccsv7\tools\compiler\ti-cgt-arm_16.9.4.LTS\lib\</path>
         <kind>archive</kind>
         <file>rtsv7M4_T_le_v4SPD16_eabi.lib</file>
         <name>memcmp.obj</name>
      </input_file>
      <input_file id="fl-cf">
         <path>C:\ti\ccsv7\tools\compiler\ti-cgt-arm_16.9.4.LTS\lib\</path>
         <kind>archive</kind>
         <file>rtsv7M4_T_le_v4SPD16_eabi.lib</file>
         <name>memcpy_t2.obj</name>
      </input_file>
      <input_file id="fl-d0">
         <path>C:\ti\ccsv7\tools\compiler\ti-cgt-arm_16.9.4.LTS\lib\</path>
         <kind>archive</kind>
         <file>rtsv7M4_T_le_v4SPD16_eabi.lib</file>
         <name>memset_t2.obj</name>
      </input_file>
      <input_file id="fl-d1">
         <path>C:\ti\ccsv7\tools\compiler\ti-cgt-arm_16.9.4.LTS\lib\</path>
         <kind>archive</kind>
         <file>rtsv7M4_T_le_v4SPD16_eabi.lib</file>
         <name>mpu_init.obj</name>
      </input_file>
      <input_file id="fl-d2">
         <path>C:\ti\ccsv7\tools\compiler\ti-cgt-arm_16.9.4.LTS\lib\</path>
         <kind>archive</kind>
         <file>rtsv7M4_T_le_v4SPD16_eabi.lib</file>
         <name>pre_init.obj</name>
      </input_file>
      <input_file id="fl-d3">
         <path>C:\ti\ccsv7\tools\compiler\ti-cgt-arm_16.9.4.LTS\lib\</path>
         <kind>archive</kind>
         <file>rtsv7M4_T_le_v4SPD16_eabi.lib</file>
         <name>stkdepth_vars.obj</name>
      </input_file>
      <input_file id="fl-d4">
         <path>C:\ti\ccsv7\tools\compiler\ti-cgt-arm_16.9.4.LTS\lib\</path>
         <kind>archive</kind>
         <file>rtsv7M4_T_le_v4SPD16_eabi.lib</file>
         <name>strchr.obj</name>
      </input_file>
      <input_file id="fl-d5">
         <path>C:\ti\ccsv7\tools\compiler\ti-cgt-arm_16.9.4.LTS\lib\</path>
         <kind>archive</kind>
         <file>rtsv7M4_T_le_v4SPD16_eabi.lib</file>
         <name>strcmp.obj</name>
      </input_file>
      <input_file id="fl-d6">
         <path>C:\ti\ccsv7\tools\compiler\ti-cgt-arm_16.9.4.LTS\lib\</path>
         <kind>archive</kind>
         <file>rtsv7M4_T_le_v4SPD16_eabi.lib</file>
         <name>strlen.obj</name>
      </input_file>
      <input_file id="fl-d7">
         <path>C:\ti\ccsv7\tools\compiler\ti-cgt-arm_16.9.4.LTS\lib\</path>
         <kind>archive</kind>
         <file>rtsv7M4_T_le_v4SPD16_eabi.lib</file>
         <name>strncmp.obj</name>
      </input_file>
      <input_file id="fl-d8">
         <path>C:\ti\ccsv7\tools\compiler\ti-cgt-arm_16.9.4.LTS\lib\</path>
         <kind>archive</kind>
         <file>rtsv7M4_T_le_v4SPD16_eabi.lib</file>
         <name>strstr.obj</name>
      </input_file>
      <input_file id="fl-d9">
         <path>C:\ti\ccsv7\tools\compiler\ti-cgt-arm_16.9.4.LTS\lib\</path>
         <kind>archive</kind>
         <file>rtsv7M4_T_le_v4SPD16_eabi.lib</file>
         <name>u_divt2.obj</name>
      </input_file>
      <input_file id="fl-da">
         <path>C:\ti\ccsv7\tools\compiler\ti-cgt-arm_16.9.4.LTS\lib\</path>
         <kind>archive</kind>
         <file>rtsv7M4_T_le_v4SPD16_eabi.lib</file>
         <name>_lock.obj</name>
      </input_file>
      <input_file id="fl-db">
         <path>C:\ti\ccsv7\tools\compiler\ti-cgt-arm_16.9.4.LTS\lib\</path>
         <kind>archive</kind>
         <file>rtsv7M4_T_le_v4SPD16_eabi.lib</file>
         <name>args_main.obj</name>
      </input_file>
      <input_file id="fl-dc">
         <path>C:\ti\ccsv7\tools\compiler\ti-cgt-arm_16.9.4.LTS\lib\</path>
         <kind>archive</kind>
         <file>rtsv7M4_T_le_v4SPD16_eabi.lib</file>
         <name>autoinit.obj</name>
      </input_file>
      <input_file id="fl-dd">
         <path>C:\ti\ccsv7\tools\compiler\ti-cgt-arm_16.9.4.LTS\lib\</path>
         <kind>archive</kind>
         <file>rtsv7M4_T_le_v4SPD16_eabi.lib</file>
         <name>cpy_tbl.obj</name>
      </input_file>
      <input_file id="fl-de">
         <path>C:\ti\ccsv7\tools\compiler\ti-cgt-arm_16.9.4.LTS\lib\</path>
         <kind>archive</kind>
         <file>rtsv7M4_T_le_v4SPD16_eabi.lib</file>
         <name>i_div0.obj</name>
      </input_file>
      <input_file id="fl-df">
         <path>C:\ti\ccsv7\tools\compiler\ti-cgt-arm_16.9.4.LTS\lib\</path>
         <kind>archive</kind>
         <file>rtsv7M4_T_le_v4SPD16_eabi.lib</file>
         <name>startup.obj</name>
      </input_file>
      <input_file id="fl-e0">
         <path>C:\ti\TivaWare_C_Series-2.1.3.156\driverlib\ccs\Debug\</path>
         <kind>archive</kind>
         <file>driverlib.lib</file>
         <name>emac.obj</name>
      </input_file>
      <input_file id="fl-e1">
         <path>C:\ti\TivaWare_C_Series-2.1.3.156\driverlib\ccs\Debug\</path>
         <kind>archive</kind>
         <file>driverlib.lib</file>
         <name>flash.obj</name>
      </input_file>
      <input_file id="fl-e2">
         <path>C:\ti\TivaWare_C_Series-2.1.3.156\driverlib\ccs\Debug\</path>
         <kind>archive</kind>
         <file>driverlib.lib</file>
         <name>gpio.obj</name>
      </input_file>
      <input_file id="fl-e3">
         <path>C:\ti\TivaWare_C_Series-2.1.3.156\driverlib\ccs\Debug\</path>
         <kind>archive</kind>
         <file>driverlib.lib</file>
         <name>interrupt.obj</name>
      </input_file>
      <input_file id="fl-e4">
         <path>C:\ti\TivaWare_C_Series-2.1.3.156\driverlib\ccs\Debug\</path>
         <kind>archive</kind>
         <file>driverlib.lib</file>
         <name>sw_crc.obj</name>
      </input_file>
      <input_file id="fl-e5">
         <path>C:\ti\TivaWare_C_Series-2.1.3.156\driverlib\ccs\Debug\</path>
         <kind>archive</kind>
         <file>driverlib.lib</file>
         <name>sysctl.obj</name>
      </input_file>
      <input_file id="fl-e6">
         <path>C:\ti\TivaWare_C_Series-2.1.3.156\driverlib\ccs\Debug\</path>
         <kind>archive</kind>
         <file>driverlib.lib</file>
         <name>systick.obj</name>
      </input_file>
      <input_file id="fl-e7">
         <path>C:\ti\TivaWare_C_Series-2.1.3.156\driverlib\ccs\Debug\</path>
         <kind>archive</kind>
         <file>driverlib.lib</file>
         <name>cpu.obj</name>
      </input_file>
   </input_file_list>
   <object_component_list>
      <object_component id="oc-f">
         <name>.intvecs</name>
         <load_address>0x0</load_address>
         <run_address>0x0</run_address>
         <size>0x200</size>
         <input_file_ref idref="fl-4"/>
      </object_component>
      <object_component id="oc-92b">
         <name>.text:tcp_receive</name>
         <load_address>0x200</load_address>
         <run_address>0x200</run_address>
         <size>0x7c0</size>
         <input_file_ref idref="fl-b"/>
      </object_component>
      <object_component id="oc-664">
         <name>.text:tcp_input</name>
         <load_address>0x9c0</load_address>
         <run_address>0x9c0</run_address>
         <size>0x3b0</size>
         <input_file_ref idref="fl-b"/>
      </object_component>
      <object_component id="oc-7ff">
         <name>.text:tcp_process</name>
         <load_address>0xd70</load_address>
         <run_address>0xd70</run_address>
         <size>0x3b0</size>
         <input_file_ref idref="fl-b"/>
      </object_component>
      <object_component id="oc-906">
         <name>.text:tcp_write</name>
         <load_address>0x1120</load_address>
         <run_address>0x1120</run_address>
         <size>0x2ec</size>
         <input_file_ref idref="fl-b"/>
      </object_component>
      <object_component id="oc-2c4">
         <name>.text:tcp_slowtmr</name>
         <load_address>0x140c</load_address>
         <run_address>0x140c</run_address>
         <size>0x2c8</size>
         <input_file_ref idref="fl-b"/>
      </object_component>
      <object_component id="oc-67b">
         <name>.text:uvsnprintf</name>
         <load_address>0x16d4</load_address>
         <run_address>0x16d4</run_address>
         <size>0x24d</size>
         <input_file_ref idref="fl-e"/>
      </object_component>
      <object_component id="oc-37">
         <name>.text:FaultISR</name>
         <load_address>0x1922</load_address>
         <run_address>0x1922</run_address>
         <size>0x2</size>
         <input_file_ref idref="fl-4"/>
      </object_component>
      <object_component id="oc-70e">
         <name>.text:dhcp_parse_reply</name>
         <load_address>0x1924</load_address>
         <run_address>0x1924</run_address>
         <size>0x228</size>
         <input_file_ref idref="fl-b"/>
      </object_component>
      <object_component id="oc-1e5">
         <name>.text:PinoutSet</name>
         <load_address>0x1b4c</load_address>
         <run_address>0x1b4c</run_address>
         <size>0x218</size>
         <input_file_ref idref="fl-6"/>
      </object_component>
      <object_component id="oc-1df">
         <name>.text:SysCtlClockFreqSet</name>
         <load_address>0x1d64</load_address>
         <run_address>0x1d64</run_address>
         <size>0x1ec</size>
         <input_file_ref idref="fl-e5"/>
      </object_component>
      <object_component id="oc-356">
         <name>.text:UARTvprintf</name>
         <load_address>0x1f50</load_address>
         <run_address>0x1f50</run_address>
         <size>0x1ea</size>
         <input_file_ref idref="fl-c"/>
      </object_component>
      <object_component id="oc-3d">
         <name>.text:IntDefaultHandler</name>
         <load_address>0x213a</load_address>
         <run_address>0x213a</run_address>
         <size>0x2</size>
         <input_file_ref idref="fl-4"/>
      </object_component>
      <object_component id="oc-421">
         <name>.text:ip_input</name>
         <load_address>0x213c</load_address>
         <run_address>0x213c</run_address>
         <size>0x1dc</size>
         <input_file_ref idref="fl-b"/>
      </object_component>
      <object_component id="oc-65e">
         <name>.text:udp_input</name>
         <load_address>0x2318</load_address>
         <run_address>0x2318</run_address>
         <size>0x1c4</size>
         <input_file_ref idref="fl-b"/>
      </object_component>
      <object_component id="oc-44a">
         <name>.text:tcp_output</name>
         <load_address>0x24dc</load_address>
         <run_address>0x24dc</run_address>
         <size>0x190</size>
         <input_file_ref idref="fl-b"/>
      </object_component>
      <object_component id="oc-66a">
         <name>.text:icmp_input</name>
         <load_address>0x266c</load_address>
         <run_address>0x266c</run_address>
         <size>0x184</size>
         <input_file_ref idref="fl-b"/>
      </object_component>
      <object_component id="oc-e8">
         <name>.text:main</name>
         <load_address>0x27f0</load_address>
         <run_address>0x27f0</run_address>
         <size>0x164</size>
         <input_file_ref idref="fl-3"/>
      </object_component>
      <object_component id="oc-415">
         <name>.text:etharp_arp_input</name>
         <load_address>0x2954</load_address>
         <run_address>0x2954</run_address>
         <size>0x150</size>
         <input_file_ref idref="fl-b"/>
      </object_component>
      <object_component id="oc-78e">
         <name>.text:tcp_close_shutdown</name>
         <load_address>0x2aa4</load_address>
         <run_address>0x2aa4</run_address>
         <size>0x148</size>
         <input_file_ref idref="fl-b"/>
      </object_component>
      <object_component id="oc-116">
         <name>.text:tivaif_receive</name>
         <load_address>0x2bec</load_address>
         <run_address>0x2bec</run_address>
         <size>0x140</size>
         <input_file_ref idref="fl-b"/>
      </object_component>
      <object_component id="oc-298">
         <name>.text:pbuf_alloc</name>
         <load_address>0x2d2c</load_address>
         <run_address>0x2d2c</run_address>
         <size>0x13a</size>
         <input_file_ref idref="fl-b"/>
      </object_component>
      <object_component id="oc-33a">
         <name>.text:GPIOPadConfigSet</name>
         <load_address>0x2e66</load_address>
         <run_address>0x2e66</run_address>
         <size>0x132</size>
         <input_file_ref idref="fl-e2"/>
      </object_component>
      <object_component id="oc-6c7">
         <name>.text:dhcp_create_msg</name>
         <load_address>0x2f98</load_address>
         <run_address>0x2f98</run_address>
         <size>0x124</size>
         <input_file_ref idref="fl-b"/>
      </object_component>
      <object_component id="oc-75a">
         <name>.text:etharp_output</name>
         <load_address>0x30bc</load_address>
         <run_address>0x30bc</run_address>
         <size>0x11c</size>
         <input_file_ref idref="fl-b"/>
      </object_component>
      <object_component id="oc-6f4">
         <name>.text:etharp_query</name>
         <load_address>0x31d8</load_address>
         <run_address>0x31d8</run_address>
         <size>0x114</size>
         <input_file_ref idref="fl-b"/>
      </object_component>
      <object_component id="oc-7f3">
         <name>.text:tcp_listen_input</name>
         <load_address>0x32ec</load_address>
         <run_address>0x32ec</run_address>
         <size>0x114</size>
         <input_file_ref idref="fl-b"/>
      </object_component>
      <object_component id="oc-760">
         <name>.text:tivaif_transmit</name>
         <load_address>0x3400</load_address>
         <run_address>0x3400</run_address>
         <size>0x100</size>
         <input_file_ref idref="fl-b"/>
      </object_component>
      <object_component id="oc-437">
         <name>.text:mem_malloc</name>
         <load_address>0x3500</load_address>
         <run_address>0x3500</run_address>
         <size>0xf8</size>
         <input_file_ref idref="fl-b"/>
      </object_component>
      <object_component id="oc-11c">
         <name>.text:lwIPHostTimerHandler</name>
         <load_address>0x35f8</load_address>
         <run_address>0x35f8</run_address>
         <size>0xf4</size>
         <input_file_ref idref="fl-3"/>
      </object_component>
      <object_component id="oc-21b">
         <name>.text:lwIPInit</name>
         <load_address>0x36ec</load_address>
         <run_address>0x36ec</run_address>
         <size>0xe8</size>
         <input_file_ref idref="fl-b"/>
      </object_component>
      <object_component id="oc-7e2">
         <name>.text:mem_trim</name>
         <load_address>0x37d4</load_address>
         <run_address>0x37d4</run_address>
         <size>0xe8</size>
         <input_file_ref idref="fl-b"/>
      </object_component>
      <object_component id="oc-7cd">
         <name>.text:etharp_find_entry</name>
         <load_address>0x38bc</load_address>
         <run_address>0x38bc</run_address>
         <size>0xe0</size>
         <input_file_ref idref="fl-b"/>
      </object_component>
      <object_component id="oc-4a1">
         <name>.text:etharp_raw</name>
         <load_address>0x399c</load_address>
         <run_address>0x399c</run_address>
         <size>0xdc</size>
         <input_file_ref idref="fl-b"/>
      </object_component>
      <object_component id="oc-12e">
         <name>.text:autoip_tmr</name>
         <load_address>0x3a78</load_address>
         <run_address>0x3a78</run_address>
         <size>0xd4</size>
         <input_file_ref idref="fl-b"/>
      </object_component>
      <object_component id="oc-5a4">
         <name>.text:tcp_alloc</name>
         <load_address>0x3b4c</load_address>
         <run_address>0x3b4c</run_address>
         <size>0xd0</size>
         <input_file_ref idref="fl-b"/>
      </object_component>
      <object_component id="oc-4fa">
         <name>.text:dhcp_recv</name>
         <load_address>0x3c1c</load_address>
         <run_address>0x3c1c</run_address>
         <size>0xcc</size>
         <input_file_ref idref="fl-b"/>
      </object_component>
      <object_component id="oc-4d2">
         <name>.text:dhcp_select</name>
         <load_address>0x3ce8</load_address>
         <run_address>0x3ce8</run_address>
         <size>0xcc</size>
         <input_file_ref idref="fl-b"/>
      </object_component>
      <object_component id="oc-4c0">
         <name>.text:dhcp_bind</name>
         <load_address>0x3db4</load_address>
         <run_address>0x3db4</run_address>
         <size>0xc8</size>
         <input_file_ref idref="fl-b"/>
      </object_component>
      <object_component id="oc-6db">
         <name>.text:udp_sendto_if</name>
         <load_address>0x3e7c</load_address>
         <run_address>0x3e7c</run_address>
         <size>0xc8</size>
         <input_file_ref idref="fl-b"/>
      </object_component>
      <object_component id="oc-891">
         <name>.text:InitDMADescriptors</name>
         <load_address>0x3f44</load_address>
         <run_address>0x3f44</run_address>
         <size>0xc4</size>
         <input_file_ref idref="fl-b"/>
      </object_component>
      <object_component id="oc-689">
         <name>.text:tcp_output_segment</name>
         <load_address>0x4008</load_address>
         <run_address>0x4008</run_address>
         <size>0xc0</size>
         <input_file_ref idref="fl-b"/>
      </object_component>
      <object_component id="oc-4d8">
         <name>.text:dhcp_discover</name>
         <load_address>0x40c8</load_address>
         <run_address>0x40c8</run_address>
         <size>0xbc</size>
         <input_file_ref idref="fl-b"/>
      </object_component>
      <object_component id="oc-751">
         <name>.text:tivaif_hwinit</name>
         <load_address>0x4184</load_address>
         <run_address>0x4184</run_address>
         <size>0xbc</size>
         <input_file_ref idref="fl-b"/>
      </object_component>
      <object_component id="oc-98e">
         <name>.text:tcp_create_segment</name>
         <load_address>0x4240</load_address>
         <run_address>0x4240</run_address>
         <size>0xb8</size>
         <input_file_ref idref="fl-b"/>
      </object_component>
      <object_component id="oc-ae">
         <name>.text:lwIPServiceTimers</name>
         <load_address>0x42f8</load_address>
         <run_address>0x42f8</run_address>
         <size>0xb0</size>
         <input_file_ref idref="fl-b"/>
      </object_component>
      <object_component id="oc-292">
         <name>.text:ethernet_input</name>
         <load_address>0x43a8</load_address>
         <run_address>0x43a8</run_address>
         <size>0xac</size>
         <input_file_ref idref="fl-b"/>
      </object_component>
      <object_component id="oc-308">
         <name>.text:dhcp_start</name>
         <load_address>0x4454</load_address>
         <run_address>0x4454</run_address>
         <size>0xa8</size>
         <input_file_ref idref="fl-b"/>
      </object_component>
      <object_component id="oc-923">
         <name>.text:tcp_enqueue_flags</name>
         <load_address>0x44fc</load_address>
         <run_address>0x44fc</run_address>
         <size>0xa8</size>
         <input_file_ref idref="fl-b"/>
      </object_component>
      <object_component id="oc-4cc">
         <name>.text:dhcp_release</name>
         <load_address>0x45a4</load_address>
         <run_address>0x45a4</run_address>
         <size>0xa4</size>
         <input_file_ref idref="fl-b"/>
      </object_component>
      <object_component id="oc-81b">
         <name>.text:ip_output_if</name>
         <load_address>0x4648</load_address>
         <run_address>0x4648</run_address>
         <size>0xa4</size>
         <input_file_ref idref="fl-b"/>
      </object_component>
      <object_component id="oc-5f1">
         <name>.text:tcp_server_recv</name>
         <load_address>0x46ec</load_address>
         <run_address>0x46ec</run_address>
         <size>0xa0</size>
         <input_file_ref idref="fl-5"/>
      </object_component>
      <object_component id="oc-5d">
         <name>.text</name>
         <load_address>0x478c</load_address>
         <run_address>0x478c</run_address>
         <size>0x9c</size>
         <input_file_ref idref="fl-cf"/>
      </object_component>
      <object_component id="oc-3b8">
         <name>.text:tcp_listen_with_backlog</name>
         <load_address>0x4828</load_address>
         <run_address>0x4828</run_address>
         <size>0x9c</size>
         <input_file_ref idref="fl-b"/>
      </object_component>
      <object_component id="oc-4ba">
         <name>.text:dhcp_reboot</name>
         <load_address>0x48c4</load_address>
         <run_address>0x48c4</run_address>
         <size>0x98</size>
         <input_file_ref idref="fl-b"/>
      </object_component>
      <object_component id="oc-815">
         <name>.text:pbuf_copy</name>
         <load_address>0x495c</load_address>
         <run_address>0x495c</run_address>
         <size>0x92</size>
         <input_file_ref idref="fl-b"/>
      </object_component>
      <object_component id="oc-31">
         <name>.text:NmiSR</name>
         <load_address>0x49ee</load_address>
         <run_address>0x49ee</run_address>
         <size>0x2</size>
         <input_file_ref idref="fl-4"/>
      </object_component>
      <object_component id="oc-83d">
         <name>.text:tcp_abandon</name>
         <load_address>0x49f0</load_address>
         <run_address>0x49f0</run_address>
         <size>0x90</size>
         <input_file_ref idref="fl-b"/>
      </object_component>
      <object_component id="oc-5fd">
         <name>.text:tcp_server_poll</name>
         <load_address>0x4a80</load_address>
         <run_address>0x4a80</run_address>
         <size>0x8c</size>
         <input_file_ref idref="fl-5"/>
      </object_component>
      <object_component id="oc-233">
         <name>.text:tcp_server_test</name>
         <load_address>0x4b0c</load_address>
         <run_address>0x4b0c</run_address>
         <size>0x8c</size>
         <input_file_ref idref="fl-5"/>
      </object_component>
      <object_component id="oc-45f">
         <name>.text:tcp_zero_window_probe</name>
         <load_address>0x4b98</load_address>
         <run_address>0x4b98</run_address>
         <size>0x8c</size>
         <input_file_ref idref="fl-b"/>
      </object_component>
      <object_component id="oc-399">
         <name>.text:LocatorReceive</name>
         <load_address>0x4c24</load_address>
         <run_address>0x4c24</run_address>
         <size>0x88</size>
         <input_file_ref idref="fl-a"/>
      </object_component>
      <object_component id="oc-140">
         <name>.text:lwIPLinkDetect</name>
         <load_address>0x4cac</load_address>
         <run_address>0x4cac</run_address>
         <size>0x84</size>
         <input_file_ref idref="fl-b"/>
      </object_component>
      <object_component id="oc-7f9">
         <name>.text:tcp_timewait_input</name>
         <load_address>0x4d30</load_address>
         <run_address>0x4d30</run_address>
         <size>0x84</size>
         <input_file_ref idref="fl-b"/>
      </object_component>
      <object_component id="oc-62c">
         <name>.text:autoip_arp_reply</name>
         <load_address>0x4db4</load_address>
         <run_address>0x4db4</run_address>
         <size>0x82</size>
         <input_file_ref idref="fl-b"/>
      </object_component>
      <object_component id="oc-72e">
         <name>.text</name>
         <load_address>0x4e36</load_address>
         <run_address>0x4e36</run_address>
         <size>0x2</size>
         <input_file_ref idref="fl-de"/>
      </object_component>
      <object_component id="oc-4b3">
         <name>.text:dhcp_rebind</name>
         <load_address>0x4e38</load_address>
         <run_address>0x4e38</run_address>
         <size>0x80</size>
         <input_file_ref idref="fl-b"/>
      </object_component>
      <object_component id="oc-4ac">
         <name>.text:dhcp_renew</name>
         <load_address>0x4eb8</load_address>
         <run_address>0x4eb8</run_address>
         <size>0x80</size>
         <input_file_ref idref="fl-b"/>
      </object_component>
      <object_component id="oc-37d">
         <name>.text:lwIPPrivateInit</name>
         <load_address>0x4f38</load_address>
         <run_address>0x4f38</run_address>
         <size>0x80</size>
         <input_file_ref idref="fl-b"/>
      </object_component>
      <object_component id="oc-91d">
         <name>.text:tcp_parseopt</name>
         <load_address>0x4fb8</load_address>
         <run_address>0x4fb8</run_address>
         <size>0x80</size>
         <input_file_ref idref="fl-b"/>
      </object_component>
      <object_component id="oc-720">
         <name>.text:dhcp_handle_ack</name>
         <load_address>0x5038</load_address>
         <run_address>0x5038</run_address>
         <size>0x7c</size>
         <input_file_ref idref="fl-b"/>
      </object_component>
      <object_component id="oc-2ef">
         <name>.text:dhcp_timeout</name>
         <load_address>0x50b4</load_address>
         <run_address>0x50b4</run_address>
         <size>0x7c</size>
         <input_file_ref idref="fl-b"/>
      </object_component>
      <object_component id="oc-3ac">
         <name>.text:tcp_bind</name>
         <load_address>0x5130</load_address>
         <run_address>0x5130</run_address>
         <size>0x7c</size>
         <input_file_ref idref="fl-b"/>
      </object_component>
      <object_component id="oc-477">
         <name>.text:tcp_rst</name>
         <load_address>0x51ac</load_address>
         <run_address>0x51ac</run_address>
         <size>0x7c</size>
         <input_file_ref idref="fl-b"/>
      </object_component>
      <object_component id="oc-10a">
         <name>.text:tivaif_process_phy_interrupt</name>
         <load_address>0x5228</load_address>
         <run_address>0x5228</run_address>
         <size>0x7c</size>
         <input_file_ref idref="fl-b"/>
      </object_component>
      <object_component id="oc-69">
         <name>.text</name>
         <load_address>0x52a4</load_address>
         <run_address>0x52a4</run_address>
         <size>0x7a</size>
         <input_file_ref idref="fl-d0"/>
      </object_component>
      <object_component id="oc-75">
         <name>.text</name>
         <load_address>0x531e</load_address>
         <run_address>0x531e</run_address>
         <size>0x2</size>
         <input_file_ref idref="fl-d1"/>
      </object_component>
      <object_component id="oc-377">
         <name>.text:EMACInit</name>
         <load_address>0x5320</load_address>
         <run_address>0x5320</run_address>
         <size>0x78</size>
         <input_file_ref idref="fl-e0"/>
      </object_component>
      <object_component id="oc-9a4">
         <name>.text:tcp_oos_insert_segment</name>
         <load_address>0x5398</load_address>
         <run_address>0x5398</run_address>
         <size>0x78</size>
         <input_file_ref idref="fl-b"/>
      </object_component>
      <object_component id="oc-632">
         <name>.text:etharp_update_arp_entry</name>
         <load_address>0x5410</load_address>
         <run_address>0x5410</run_address>
         <size>0x74</size>
         <input_file_ref idref="fl-b"/>
      </object_component>
      <object_component id="oc-652">
         <name>.text:raw_input</name>
         <load_address>0x5484</load_address>
         <run_address>0x5484</run_address>
         <size>0x74</size>
         <input_file_ref idref="fl-b"/>
      </object_component>
      <object_component id="oc-81">
         <name>.text</name>
         <load_address>0x54f8</load_address>
         <run_address>0x54f8</run_address>
         <size>0x70</size>
         <input_file_ref idref="fl-dc"/>
      </object_component>
      <object_component id="oc-2be">
         <name>.text:tcp_fasttmr</name>
         <load_address>0x5568</load_address>
         <run_address>0x5568</run_address>
         <size>0x70</size>
         <input_file_ref idref="fl-b"/>
      </object_component>
      <object_component id="oc-3c4">
         <name>.text:tcp_server_accept</name>
         <load_address>0x55d8</load_address>
         <run_address>0x55d8</run_address>
         <size>0x70</size>
         <input_file_ref idref="fl-5"/>
      </object_component>
      <object_component id="oc-7eb">
         <name>.text:icmp_send_response</name>
         <load_address>0x5648</load_address>
         <run_address>0x5648</run_address>
         <size>0x6c</size>
         <input_file_ref idref="fl-b"/>
      </object_component>
      <object_component id="oc-740">
         <name>.text:memp_init</name>
         <load_address>0x56b4</load_address>
         <run_address>0x56b4</run_address>
         <size>0x6c</size>
         <input_file_ref idref="fl-b"/>
      </object_component>
      <object_component id="oc-8c1">
         <name>.text:IntEnable</name>
         <load_address>0x5720</load_address>
         <run_address>0x5720</run_address>
         <size>0x68</size>
         <input_file_ref idref="fl-e3"/>
      </object_component>
      <object_component id="oc-12">
         <name>.text:decompress:lzss</name>
         <load_address>0x5788</load_address>
         <run_address>0x5788</run_address>
         <size>0x68</size>
         <input_file_ref idref="fl-ca"/>
      </object_component>
      <object_component id="oc-7db">
         <name>.text:dhcp_decline</name>
         <load_address>0x57f0</load_address>
         <run_address>0x57f0</run_address>
         <size>0x68</size>
         <input_file_ref idref="fl-b"/>
      </object_component>
      <object_component id="oc-93b">
         <name>.text:lwip_standard_chksum</name>
         <load_address>0x5858</load_address>
         <run_address>0x5858</run_address>
         <size>0x68</size>
         <input_file_ref idref="fl-b"/>
      </object_component>
      <object_component id="oc-488">
         <name>.text:netif_set_ipaddr</name>
         <load_address>0x58c0</load_address>
         <run_address>0x58c0</run_address>
         <size>0x68</size>
         <input_file_ref idref="fl-b"/>
      </object_component>
      <object_component id="oc-6a5">
         <name>.text:pbuf_copy_partial</name>
         <load_address>0x5928</load_address>
         <run_address>0x5928</run_address>
         <size>0x68</size>
         <input_file_ref idref="fl-b"/>
      </object_component>
      <object_component id="oc-77f">
         <name>.text:sys_timeout</name>
         <load_address>0x5990</load_address>
         <run_address>0x5990</run_address>
         <size>0x68</size>
         <input_file_ref idref="fl-b"/>
      </object_component>
      <object_component id="oc-69f">
         <name>.text:tcp_output_alloc_header</name>
         <load_address>0x59f8</load_address>
         <run_address>0x59f8</run_address>
         <size>0x68</size>
         <input_file_ref idref="fl-b"/>
      </object_component>
      <object_component id="oc-450">
         <name>.text:tcp_process_refused_data</name>
         <load_address>0x5a60</load_address>
         <run_address>0x5a60</run_address>
         <size>0x68</size>
         <input_file_ref idref="fl-b"/>
      </object_component>
      <object_component id="oc-390">
         <name>.text:udp_bind</name>
         <load_address>0x5ac8</load_address>
         <run_address>0x5ac8</run_address>
         <size>0x68</size>
         <input_file_ref idref="fl-b"/>
      </object_component>
      <object_component id="oc-401">
         <name>.text:mem_free</name>
         <load_address>0x5b30</load_address>
         <run_address>0x5b30</run_address>
         <size>0x64</size>
         <input_file_ref idref="fl-b"/>
      </object_component>
      <object_component id="oc-61f">
         <name>.text:plug_holes</name>
         <load_address>0x5b94</load_address>
         <run_address>0x5b94</run_address>
         <size>0x64</size>
         <input_file_ref idref="fl-b"/>
      </object_component>
      <object_component id="oc-41b">
         <name>.text:pbuf_header</name>
         <load_address>0x5bf8</load_address>
         <run_address>0x5bf8</run_address>
         <size>0x62</size>
         <input_file_ref idref="fl-b"/>
      </object_component>
      <object_component id="oc-e0">
         <name>.text</name>
         <load_address>0x5c5a</load_address>
         <run_address>0x5c5a</run_address>
         <size>0x2</size>
         <input_file_ref idref="fl-df"/>
      </object_component>
      <object_component id="oc-1eb">
         <name>.text:UARTStdioConfig</name>
         <load_address>0x5c5c</load_address>
         <run_address>0x5c5c</run_address>
         <size>0x60</size>
         <input_file_ref idref="fl-c"/>
      </object_component>
      <object_component id="oc-49">
         <name>.text:lwIPEthernetIntHandler</name>
         <load_address>0x5cbc</load_address>
         <run_address>0x5cbc</run_address>
         <size>0x5c</size>
         <input_file_ref idref="fl-b"/>
      </object_component>
      <object_component id="oc-73a">
         <name>.text:mem_init</name>
         <load_address>0x5d18</load_address>
         <run_address>0x5d18</run_address>
         <size>0x5c</size>
         <input_file_ref idref="fl-b"/>
      </object_component>
      <object_component id="oc-805">
         <name>.text:tcp_pcb_remove</name>
         <load_address>0x5d74</load_address>
         <run_address>0x5d74</run_address>
         <size>0x5c</size>
         <input_file_ref idref="fl-b"/>
      </object_component>
      <object_component id="oc-646">
         <name>.text:pbuf_realloc</name>
         <load_address>0x5dd0</load_address>
         <run_address>0x5dd0</run_address>
         <size>0x5a</size>
         <input_file_ref idref="fl-b"/>
      </object_component>
      <object_component id="oc-371">
         <name>.text:EMACPHYConfigSet</name>
         <load_address>0x5e2c</load_address>
         <run_address>0x5e2c</run_address>
         <size>0x58</size>
         <input_file_ref idref="fl-e0"/>
      </object_component>
      <object_component id="oc-30e">
         <name>.text:autoip_start</name>
         <load_address>0x5e84</load_address>
         <run_address>0x5e84</run_address>
         <size>0x58</size>
         <input_file_ref idref="fl-b"/>
      </object_component>
      <object_component id="oc-42b">
         <name>.text:memp_malloc</name>
         <load_address>0x5edc</load_address>
         <run_address>0x5edc</run_address>
         <size>0x58</size>
         <input_file_ref idref="fl-b"/>
      </object_component>
      <object_component id="oc-931">
         <name>.text:tcp_rexmit</name>
         <load_address>0x5f34</load_address>
         <run_address>0x5f34</run_address>
         <size>0x56</size>
         <input_file_ref idref="fl-b"/>
      </object_component>
      <object_component id="oc-221">
         <name>.text:LocatorInit</name>
         <load_address>0x5f8c</load_address>
         <run_address>0x5f8c</run_address>
         <size>0x54</size>
         <input_file_ref idref="fl-a"/>
      </object_component>
      <object_component id="oc-501">
         <name>.text:autoip_create_addr</name>
         <load_address>0x5fe0</load_address>
         <run_address>0x5fe0</run_address>
         <size>0x54</size>
         <input_file_ref idref="fl-b"/>
      </object_component>
      <object_component id="oc-57a">
         <name>.text:netif_add</name>
         <load_address>0x6034</load_address>
         <run_address>0x6034</run_address>
         <size>0x54</size>
         <input_file_ref idref="fl-b"/>
      </object_component>
      <object_component id="oc-24">
         <name>.text</name>
         <load_address>0x6088</load_address>
         <run_address>0x6088</run_address>
         <size>0x54</size>
         <input_file_ref idref="fl-c9"/>
      </object_component>
      <object_component id="oc-8d">
         <name>.text</name>
         <load_address>0x60dc</load_address>
         <run_address>0x60dc</run_address>
         <size>0x54</size>
         <input_file_ref idref="fl-cd"/>
      </object_component>
      <object_component id="oc-5ab">
         <name>.text:tcp_new_port</name>
         <load_address>0x6130</load_address>
         <run_address>0x6130</run_address>
         <size>0x54</size>
         <input_file_ref idref="fl-b"/>
      </object_component>
      <object_component id="oc-988">
         <name>.text:tcp_pbuf_prealloc</name>
         <load_address>0x6184</load_address>
         <run_address>0x6184</run_address>
         <size>0x52</size>
         <input_file_ref idref="fl-b"/>
      </object_component>
      <object_component id="oc-7b0">
         <name>.text:tcp_server_senddata</name>
         <load_address>0x61d6</load_address>
         <run_address>0x61d6</run_address>
         <size>0x52</size>
         <input_file_ref idref="fl-5"/>
      </object_component>
      <object_component id="oc-110">
         <name>.text:tivaif_process_transmit</name>
         <load_address>0x6228</load_address>
         <run_address>0x6228</run_address>
         <size>0x52</size>
         <input_file_ref idref="fl-b"/>
      </object_component>
      <object_component id="oc-557">
         <name>.text:SysCtlPeripheralReset</name>
         <load_address>0x627c</load_address>
         <run_address>0x627c</run_address>
         <size>0x50</size>
         <input_file_ref idref="fl-e5"/>
      </object_component>
      <object_component id="oc-768">
         <name>.text:ip_route</name>
         <load_address>0x62cc</load_address>
         <run_address>0x62cc</run_address>
         <size>0x50</size>
         <input_file_ref idref="fl-b"/>
      </object_component>
      <object_component id="oc-746">
         <name>.text:sys_timeouts_init</name>
         <load_address>0x631c</load_address>
         <run_address>0x631c</run_address>
         <size>0x50</size>
         <input_file_ref idref="fl-b"/>
      </object_component>
      <object_component id="oc-982">
         <name>.text:tcp_write_checks</name>
         <load_address>0x636c</load_address>
         <run_address>0x636c</run_address>
         <size>0x50</size>
         <input_file_ref idref="fl-b"/>
      </object_component>
      <object_component id="oc-507">
         <name>.text:autoip_start_probing</name>
         <load_address>0x63bc</load_address>
         <run_address>0x63bc</run_address>
         <size>0x4e</size>
         <input_file_ref idref="fl-b"/>
      </object_component>
      <object_component id="oc-80f">
         <name>.text:inet_chksum_pbuf</name>
         <load_address>0x640a</load_address>
         <run_address>0x640a</run_address>
         <size>0x4e</size>
         <input_file_ref idref="fl-b"/>
      </object_component>
      <object_component id="oc-285">
         <name>.text:pbuf_free</name>
         <load_address>0x6458</load_address>
         <run_address>0x6458</run_address>
         <size>0x4e</size>
         <input_file_ref idref="fl-b"/>
      </object_component>
      <object_component id="oc-8d6">
         <name>.text:etharp_output_to_arp_index</name>
         <load_address>0x64a8</load_address>
         <run_address>0x64a8</run_address>
         <size>0x4c</size>
         <input_file_ref idref="fl-b"/>
      </object_component>
      <object_component id="oc-7aa">
         <name>.text:pbuf_take</name>
         <load_address>0x64f4</load_address>
         <run_address>0x64f4</run_address>
         <size>0x4c</size>
         <input_file_ref idref="fl-b"/>
      </object_component>
      <object_component id="oc-da">
         <name>.text</name>
         <load_address>0x6540</load_address>
         <run_address>0x6540</run_address>
         <size>0x4c</size>
         <input_file_ref idref="fl-dd"/>
      </object_component>
      <object_component id="oc-3b2">
         <name>.text:tcp_server_connection_close</name>
         <load_address>0x658c</load_address>
         <run_address>0x658c</run_address>
         <size>0x4c</size>
         <input_file_ref idref="fl-5"/>
      </object_component>
      <object_component id="oc-a8">
         <name>.text:tivaif_interrupt</name>
         <load_address>0x65d8</load_address>
         <run_address>0x65d8</run_address>
         <size>0x4c</size>
         <input_file_ref idref="fl-b"/>
      </object_component>
      <object_component id="oc-4f4">
         <name>.text:udp_connect</name>
         <load_address>0x6624</load_address>
         <run_address>0x6624</run_address>
         <size>0x4c</size>
         <input_file_ref idref="fl-b"/>
      </object_component>
      <object_component id="oc-58f">
         <name>.text:udp_new_port</name>
         <load_address>0x6670</load_address>
         <run_address>0x6670</run_address>
         <size>0x4c</size>
         <input_file_ref idref="fl-b"/>
      </object_component>
      <object_component id="oc-544">
         <name>.text:UARTwrite</name>
         <load_address>0x66bc</load_address>
         <run_address>0x66bc</run_address>
         <size>0x48</size>
         <input_file_ref idref="fl-c"/>
      </object_component>
      <object_component id="oc-32a">
         <name>.text:_SysCtlFrequencyGet</name>
         <load_address>0x6704</load_address>
         <run_address>0x6704</run_address>
         <size>0x48</size>
         <input_file_ref idref="fl-e5"/>
      </object_component>
      <object_component id="oc-6ab">
         <name>.text:ip_output</name>
         <load_address>0x674c</load_address>
         <run_address>0x674c</run_address>
         <size>0x48</size>
         <input_file_ref idref="fl-b"/>
      </object_component>
      <object_component id="oc-775">
         <name>.text:tcp_kill_prio</name>
         <load_address>0x6794</load_address>
         <run_address>0x6794</run_address>
         <size>0x48</size>
         <input_file_ref idref="fl-b"/>
      </object_component>
      <object_component id="oc-998">
         <name>.text:tcp_rexmit_fast</name>
         <load_address>0x67dc</load_address>
         <run_address>0x67dc</run_address>
         <size>0x48</size>
         <input_file_ref idref="fl-b"/>
      </object_component>
      <object_component id="oc-8dd">
         <name>.text:tivaif_check_pbuf</name>
         <load_address>0x6824</load_address>
         <run_address>0x6824</run_address>
         <size>0x48</size>
         <input_file_ref idref="fl-b"/>
      </object_component>
      <object_component id="oc-683">
         <name>.text:tcp_send_empty_ack</name>
         <load_address>0x686c</load_address>
         <run_address>0x686c</run_address>
         <size>0x46</size>
         <input_file_ref idref="fl-b"/>
      </object_component>
      <object_component id="oc-8f5">
         <name>.text:tcp_send_fin</name>
         <load_address>0x68b2</load_address>
         <run_address>0x68b2</run_address>
         <size>0x46</size>
         <input_file_ref idref="fl-b"/>
      </object_component>
      <object_component id="oc-465">
         <name>.text:tcp_keepalive</name>
         <load_address>0x68f8</load_address>
         <run_address>0x68f8</run_address>
         <size>0x44</size>
         <input_file_ref idref="fl-b"/>
      </object_component>
      <object_component id="oc-3e0">
         <name>.text:dhcp_network_changed</name>
         <load_address>0x693c</load_address>
         <run_address>0x693c</run_address>
         <size>0x42</size>
         <input_file_ref idref="fl-b"/>
      </object_component>
      <object_component id="oc-6ec">
         <name>.text:dhcp_option_long</name>
         <load_address>0x697e</load_address>
         <run_address>0x697e</run_address>
         <size>0x42</size>
         <input_file_ref idref="fl-b"/>
      </object_component>
      <object_component id="oc-471">
         <name>.text:tcp_pcb_purge</name>
         <load_address>0x69c0</load_address>
         <run_address>0x69c0</run_address>
         <size>0x42</size>
         <input_file_ref idref="fl-b"/>
      </object_component>
      <object_component id="oc-122">
         <name>.text:etharp_tmr</name>
         <load_address>0x6a04</load_address>
         <run_address>0x6a04</run_address>
         <size>0x40</size>
         <input_file_ref idref="fl-b"/>
      </object_component>
      <object_component id="oc-54a">
         <name>.text</name>
         <load_address>0x6a44</load_address>
         <run_address>0x6a44</run_address>
         <size>0x40</size>
         <input_file_ref idref="fl-d9"/>
      </object_component>
      <object_component id="oc-272">
         <name>.text:netif_set_link_up</name>
         <load_address>0x6a84</load_address>
         <run_address>0x6a84</run_address>
         <size>0x3e</size>
         <input_file_ref idref="fl-b"/>
      </object_component>
      <object_component id="oc-134">
         <name>.text:dhcp_coarse_tmr</name>
         <load_address>0x6ac4</load_address>
         <run_address>0x6ac4</run_address>
         <size>0x3c</size>
         <input_file_ref idref="fl-b"/>
      </object_component>
      <object_component id="oc-8bb">
         <name>.text:EMACIntEnable</name>
         <load_address>0x6b00</load_address>
         <run_address>0x6b00</run_address>
         <size>0x3a</size>
         <input_file_ref idref="fl-e0"/>
      </object_component>
      <object_component id="oc-2a5">
         <name>.text:DisplayIPAddress</name>
         <load_address>0x6b3c</load_address>
         <run_address>0x6b3c</run_address>
         <size>0x38</size>
         <input_file_ref idref="fl-3"/>
      </object_component>
      <object_component id="oc-27e">
         <name>.text:EMACConfigSet</name>
         <load_address>0x6b74</load_address>
         <run_address>0x6b74</run_address>
         <size>0x38</size>
         <input_file_ref idref="fl-e0"/>
      </object_component>
      <object_component id="oc-22d">
         <name>.text:LocatorAppTitleSet</name>
         <load_address>0x6bac</load_address>
         <run_address>0x6bac</run_address>
         <size>0x38</size>
         <input_file_ref idref="fl-a"/>
      </object_component>
      <object_component id="oc-55d">
         <name>.text:SysCtlPeripheralReady</name>
         <load_address>0x6be4</load_address>
         <run_address>0x6be4</run_address>
         <size>0x38</size>
         <input_file_ref idref="fl-e5"/>
      </object_component>
      <object_component id="oc-13a">
         <name>.text:dhcp_fine_tmr</name>
         <load_address>0x6c1c</load_address>
         <run_address>0x6c1c</run_address>
         <size>0x38</size>
         <input_file_ref idref="fl-b"/>
      </object_component>
      <object_component id="oc-71a">
         <name>.text:dhcp_handle_nak</name>
         <load_address>0x6c54</load_address>
         <run_address>0x6c54</run_address>
         <size>0x38</size>
         <input_file_ref idref="fl-b"/>
      </object_component>
      <object_component id="oc-2fc">
         <name>.text:dhcp_stop</name>
         <load_address>0x6c8c</load_address>
         <run_address>0x6c8c</run_address>
         <size>0x38</size>
         <input_file_ref idref="fl-b"/>
      </object_component>
      <object_component id="oc-407">
         <name>.text:memp_free</name>
         <load_address>0x6cc4</load_address>
         <run_address>0x6cc4</run_address>
         <size>0x38</size>
         <input_file_ref idref="fl-b"/>
      </object_component>
      <object_component id="oc-785">
         <name>.text:tcpip_tcp_timer</name>
         <load_address>0x6cfc</load_address>
         <run_address>0x6cfc</run_address>
         <size>0x38</size>
         <input_file_ref idref="fl-b"/>
      </object_component>
      <object_component id="oc-599">
         <name>.text:udp_sendto</name>
         <load_address>0x6d34</load_address>
         <run_address>0x6d34</run_address>
         <size>0x38</size>
         <input_file_ref idref="fl-b"/>
      </object_component>
      <object_component id="oc-278">
         <name>.text:EMACConfigGet</name>
         <load_address>0x6d6c</load_address>
         <run_address>0x6d6c</run_address>
         <size>0x34</size>
         <input_file_ref idref="fl-e0"/>
      </object_component>
      <object_component id="oc-8a9">
         <name>.text:EMACIntClear</name>
         <load_address>0x6da0</load_address>
         <run_address>0x6da0</run_address>
         <size>0x34</size>
         <input_file_ref idref="fl-e0"/>
      </object_component>
      <object_component id="oc-2da">
         <name>.text:autoip_arp_probe</name>
         <load_address>0x6dd4</load_address>
         <run_address>0x6dd4</run_address>
         <size>0x34</size>
         <input_file_ref idref="fl-b"/>
      </object_component>
      <object_component id="oc-76f">
         <name>.text:tcp_kill_timewait</name>
         <load_address>0x6e08</load_address>
         <run_address>0x6e08</run_address>
         <size>0x34</size>
         <input_file_ref idref="fl-b"/>
      </object_component>
      <object_component id="oc-5b1">
         <name>.text:tcp_timer_needed</name>
         <load_address>0x6e3c</load_address>
         <run_address>0x6e3c</run_address>
         <size>0x34</size>
         <input_file_ref idref="fl-b"/>
      </object_component>
      <object_component id="oc-586">
         <name>.text:tivaif_init</name>
         <load_address>0x6e70</load_address>
         <run_address>0x6e70</run_address>
         <size>0x34</size>
         <input_file_ref idref="fl-b"/>
      </object_component>
      <object_component id="oc-64c">
         <name>.text:ip4_addr_isbroadcast</name>
         <load_address>0x6ea4</load_address>
         <run_address>0x6ea4</run_address>
         <size>0x32</size>
         <input_file_ref idref="fl-b"/>
      </object_component>
      <object_component id="oc-79c">
         <name>.text:tcp_recved</name>
         <load_address>0x6ed6</load_address>
         <run_address>0x6ed6</run_address>
         <size>0x32</size>
         <input_file_ref idref="fl-b"/>
      </object_component>
      <object_component id="oc-6d5">
         <name>.text:dhcp_option_trailer</name>
         <load_address>0x6f08</load_address>
         <run_address>0x6f08</run_address>
         <size>0x30</size>
         <input_file_ref idref="fl-b"/>
      </object_component>
      <object_component id="oc-8fc">
         <name>.text:tcp_update_rcv_ann_wnd</name>
         <load_address>0x6f38</load_address>
         <run_address>0x6f38</run_address>
         <size>0x30</size>
         <input_file_ref idref="fl-b"/>
      </object_component>
      <object_component id="oc-4e0">
         <name>.text:udp_remove</name>
         <load_address>0x6f68</load_address>
         <run_address>0x6f68</run_address>
         <size>0x30</size>
         <input_file_ref idref="fl-b"/>
      </object_component>
      <object_component id="oc-459">
         <name>.text:tcp_rexmit_rto</name>
         <load_address>0x6f98</load_address>
         <run_address>0x6f98</run_address>
         <size>0x2e</size>
         <input_file_ref idref="fl-b"/>
      </object_component>
      <object_component id="oc-8a3">
         <name>.text:EMACIntStatus</name>
         <load_address>0x6fc6</load_address>
         <run_address>0x6fc6</run_address>
         <size>0x2c</size>
         <input_file_ref idref="fl-e0"/>
      </object_component>
      <object_component id="oc-2d4">
         <name>.text:autoip_arp_announce</name>
         <load_address>0x6ff4</load_address>
         <run_address>0x6ff4</run_address>
         <size>0x2c</size>
         <input_file_ref idref="fl-b"/>
      </object_component>
      <object_component id="oc-714">
         <name>.text:dhcp_handle_offer</name>
         <load_address>0x7020</load_address>
         <run_address>0x7020</run_address>
         <size>0x2c</size>
         <input_file_ref idref="fl-b"/>
      </object_component>
      <object_component id="oc-3ec">
         <name>.text:etharp_request</name>
         <load_address>0x704c</load_address>
         <run_address>0x704c</run_address>
         <size>0x2c</size>
         <input_file_ref idref="fl-b"/>
      </object_component>
      <object_component id="oc-362">
         <name>.text:GPIODirModeSet</name>
         <load_address>0x7078</load_address>
         <run_address>0x7078</run_address>
         <size>0x2a</size>
         <input_file_ref idref="fl-e2"/>
      </object_component>
      <object_component id="oc-2ce">
         <name>.text:autoip_bind</name>
         <load_address>0x70a2</load_address>
         <run_address>0x70a2</run_address>
         <size>0x2a</size>
         <input_file_ref idref="fl-b"/>
      </object_component>
      <object_component id="oc-28c">
         <name>.text:pbuf_cat</name>
         <load_address>0x70cc</load_address>
         <run_address>0x70cc</run_address>
         <size>0x2a</size>
         <input_file_ref idref="fl-b"/>
      </object_component>
      <object_component id="oc-822">
         <name>.text:ustrncpy</name>
         <load_address>0x70f6</load_address>
         <run_address>0x70f6</run_address>
         <size>0x2a</size>
         <input_file_ref idref="fl-e"/>
      </object_component>
      <object_component id="oc-706">
         <name>.text:etharp_cleanup_netif</name>
         <load_address>0x7120</load_address>
         <run_address>0x7120</run_address>
         <size>0x28</size>
         <input_file_ref idref="fl-b"/>
      </object_component>
      <object_component id="oc-5f7">
         <name>.text:tcp_server_error</name>
         <load_address>0x7148</load_address>
         <run_address>0x7148</run_address>
         <size>0x27</size>
         <input_file_ref idref="fl-5"/>
      </object_component>
      <object_component id="oc-266">
         <name>.text:EMACPHYRead</name>
         <load_address>0x7170</load_address>
         <run_address>0x7170</run_address>
         <size>0x26</size>
         <input_file_ref idref="fl-e0"/>
      </object_component>
      <object_component id="oc-897">
         <name>.text:EMACPHYWrite</name>
         <load_address>0x7196</load_address>
         <run_address>0x7196</run_address>
         <size>0x26</size>
         <input_file_ref idref="fl-e0"/>
      </object_component>
      <object_component id="oc-4c6">
         <name>.text:dhcp_check</name>
         <load_address>0x71bc</load_address>
         <run_address>0x71bc</run_address>
         <size>0x26</size>
         <input_file_ref idref="fl-b"/>
      </object_component>
      <object_component id="oc-697">
         <name>.text:tcp_recv_null</name>
         <load_address>0x71e2</load_address>
         <run_address>0x71e2</run_address>
         <size>0x26</size>
         <input_file_ref idref="fl-b"/>
      </object_component>
      <object_component id="oc-239">
         <name>.text:IntPrioritySet</name>
         <load_address>0x7208</load_address>
         <run_address>0x7208</run_address>
         <size>0x24</size>
         <input_file_ref idref="fl-e3"/>
      </object_component>
      <object_component id="oc-2b4">
         <name>.text:etharp_free_entry</name>
         <load_address>0x722c</load_address>
         <run_address>0x722c</run_address>
         <size>0x24</size>
         <input_file_ref idref="fl-b"/>
      </object_component>
      <object_component id="oc-49a">
         <name>.text:netif_set_up</name>
         <load_address>0x7250</load_address>
         <run_address>0x7250</run_address>
         <size>0x24</size>
         <input_file_ref idref="fl-b"/>
      </object_component>
      <object_component id="oc-40f">
         <name>.text</name>
         <load_address>0x7274</load_address>
         <run_address>0x7274</run_address>
         <size>0x24</size>
         <input_file_ref idref="fl-ce"/>
      </object_component>
      <object_component id="oc-99e">
         <name>.text:tcp_seg_copy</name>
         <load_address>0x7298</load_address>
         <run_address>0x7298</run_address>
         <size>0x24</size>
         <input_file_ref idref="fl-b"/>
      </object_component>
      <object_component id="oc-6cf">
         <name>.text:dhcp_option_short</name>
         <load_address>0x72bc</load_address>
         <run_address>0x72bc</run_address>
         <size>0x22</size>
         <input_file_ref idref="fl-b"/>
      </object_component>
      <object_component id="oc-227">
         <name>.text:LocatorMACAddrSet</name>
         <load_address>0x72e0</load_address>
         <run_address>0x72e0</run_address>
         <size>0x20</size>
         <input_file_ref idref="fl-a"/>
      </object_component>
      <object_component id="oc-324">
         <name>.text:_SysCtlMemTimingGet</name>
         <load_address>0x7300</load_address>
         <run_address>0x7300</run_address>
         <size>0x20</size>
         <input_file_ref idref="fl-e5"/>
      </object_component>
      <object_component id="oc-7c0">
         <name>.text:autoip_handle_arp_conflict</name>
         <load_address>0x7320</load_address>
         <run_address>0x7320</run_address>
         <size>0x20</size>
         <input_file_ref idref="fl-b"/>
      </object_component>
      <object_component id="oc-6c9">
         <name>.text:dhcp_option</name>
         <load_address>0x7340</load_address>
         <run_address>0x7340</run_address>
         <size>0x20</size>
         <input_file_ref idref="fl-b"/>
      </object_component>
      <object_component id="oc-7d3">
         <name>.text:etharp_send_ip</name>
         <load_address>0x7360</load_address>
         <run_address>0x7360</run_address>
         <size>0x20</size>
         <input_file_ref idref="fl-b"/>
      </object_component>
      <object_component id="oc-9b">
         <name>.text:lwIPTimer</name>
         <load_address>0x7380</load_address>
         <run_address>0x7380</run_address>
         <size>0x20</size>
         <input_file_ref idref="fl-b"/>
      </object_component>
      <object_component id="oc-831">
         <name>.text:tcp_eff_send_mss</name>
         <load_address>0x73a0</load_address>
         <run_address>0x73a0</run_address>
         <size>0x20</size>
         <input_file_ref idref="fl-b"/>
      </object_component>
      <object_component id="oc-128">
         <name>.text:tcp_tmr</name>
         <load_address>0x73c0</load_address>
         <run_address>0x73c0</run_address>
         <size>0x20</size>
         <input_file_ref idref="fl-b"/>
      </object_component>
      <object_component id="oc-43f">
         <name>.text:usprintf</name>
         <load_address>0x73e0</load_address>
         <run_address>0x73e0</run_address>
         <size>0x20</size>
         <input_file_ref idref="fl-e"/>
      </object_component>
      <object_component id="oc-88b">
         <name>.text:EMACAddrGet</name>
         <load_address>0x7400</load_address>
         <run_address>0x7400</run_address>
         <size>0x1e</size>
         <input_file_ref idref="fl-e0"/>
      </object_component>
      <object_component id="oc-4ed">
         <name>.text:netif_set_down</name>
         <load_address>0x741e</load_address>
         <run_address>0x741e</run_address>
         <size>0x1e</size>
         <input_file_ref idref="fl-b"/>
      </object_component>
      <object_component id="oc-29f">
         <name>.text:lwIPLocalIPAddrGet</name>
         <load_address>0x743c</load_address>
         <run_address>0x743c</run_address>
         <size>0x1c</size>
         <input_file_ref idref="fl-b"/>
      </object_component>
      <object_component id="oc-2f6">
         <name>.text:netif_set_addr</name>
         <load_address>0x7458</load_address>
         <run_address>0x7458</run_address>
         <size>0x1c</size>
         <input_file_ref idref="fl-b"/>
      </object_component>
      <object_component id="oc-384">
         <name>.text:udp_new</name>
         <load_address>0x7474</load_address>
         <run_address>0x7474</run_address>
         <size>0x1c</size>
         <input_file_ref idref="fl-b"/>
      </object_component>
      <object_component id="oc-1f1">
         <name>.text:UARTprintf</name>
         <load_address>0x7490</load_address>
         <run_address>0x7490</run_address>
         <size>0x1a</size>
         <input_file_ref idref="fl-c"/>
      </object_component>
      <object_component id="oc-3e6">
         <name>.text:autoip_network_changed</name>
         <load_address>0x74aa</load_address>
         <run_address>0x74aa</run_address>
         <size>0x1a</size>
         <input_file_ref idref="fl-b"/>
      </object_component>
      <object_component id="oc-63e">
         <name>.text:dhcp_arp_reply</name>
         <load_address>0x74c4</load_address>
         <run_address>0x74c4</run_address>
         <size>0x1a</size>
         <input_file_ref idref="fl-b"/>
      </object_component>
      <object_component id="oc-574">
         <name>.text:lwip_htonl</name>
         <load_address>0x74de</load_address>
         <run_address>0x74de</run_address>
         <size>0x1a</size>
         <input_file_ref idref="fl-b"/>
      </object_component>
      <object_component id="oc-1f7">
         <name>.text:GPIOPinTypeGPIOOutput</name>
         <load_address>0x74f8</load_address>
         <run_address>0x74f8</run_address>
         <size>0x18</size>
         <input_file_ref idref="fl-e2"/>
      </object_component>
      <object_component id="oc-872">
         <name>.text:arp_timer</name>
         <load_address>0x7510</load_address>
         <run_address>0x7510</run_address>
         <size>0x18</size>
         <input_file_ref idref="fl-b"/>
      </object_component>
      <object_component id="oc-884">
         <name>.text:autoip_timer</name>
         <load_address>0x7528</load_address>
         <run_address>0x7528</run_address>
         <size>0x18</size>
         <input_file_ref idref="fl-b"/>
      </object_component>
      <object_component id="oc-878">
         <name>.text:dhcp_timer_coarse</name>
         <load_address>0x7540</load_address>
         <run_address>0x7540</run_address>
         <size>0x18</size>
         <input_file_ref idref="fl-b"/>
      </object_component>
      <object_component id="oc-87e">
         <name>.text:dhcp_timer_fine</name>
         <load_address>0x7558</load_address>
         <run_address>0x7558</run_address>
         <size>0x18</size>
         <input_file_ref idref="fl-b"/>
      </object_component>
      <object_component id="oc-431">
         <name>.text:pbuf_pool_is_empty</name>
         <load_address>0x7570</load_address>
         <run_address>0x7570</run_address>
         <size>0x18</size>
         <input_file_ref idref="fl-b"/>
      </object_component>
      <object_component id="oc-87">
         <name>.text</name>
         <load_address>0x7588</load_address>
         <run_address>0x7588</run_address>
         <size>0x18</size>
         <input_file_ref idref="fl-db"/>
      </object_component>
      <object_component id="oc-77b">
         <name>.text:tcp_next_iss</name>
         <load_address>0x75a0</load_address>
         <run_address>0x75a0</run_address>
         <size>0x18</size>
         <input_file_ref idref="fl-b"/>
      </object_component>
      <object_component id="oc-68f">
         <name>.text:tcp_seg_free</name>
         <load_address>0x75b8</load_address>
         <run_address>0x75b8</run_address>
         <size>0x18</size>
         <input_file_ref idref="fl-b"/>
      </object_component>
      <object_component id="oc-563">
         <name>.text:EMACReset</name>
         <load_address>0x75d0</load_address>
         <run_address>0x75d0</run_address>
         <size>0x16</size>
         <input_file_ref idref="fl-e0"/>
      </object_component>
      <object_component id="oc-8b5">
         <name>.text:EMACRxEnable</name>
         <load_address>0x75e6</load_address>
         <run_address>0x75e6</run_address>
         <size>0x16</size>
         <input_file_ref idref="fl-e0"/>
      </object_component>
      <object_component id="oc-8af">
         <name>.text:EMACTxEnable</name>
         <load_address>0x75fc</load_address>
         <run_address>0x75fc</run_address>
         <size>0x16</size>
         <input_file_ref idref="fl-e0"/>
      </object_component>
      <object_component id="oc-6e1">
         <name>.text:dhcp_delete_msg</name>
         <load_address>0x7612</load_address>
         <run_address>0x7612</run_address>
         <size>0x16</size>
         <input_file_ref idref="fl-b"/>
      </object_component>
      <object_component id="oc-2e2">
         <name>.text:dhcp_t1_timeout</name>
         <load_address>0x7628</load_address>
         <run_address>0x7628</run_address>
         <size>0x16</size>
         <input_file_ref idref="fl-b"/>
      </object_component>
      <object_component id="oc-2e8">
         <name>.text:dhcp_t2_timeout</name>
         <load_address>0x763e</load_address>
         <run_address>0x763e</run_address>
         <size>0x16</size>
         <input_file_ref idref="fl-b"/>
      </object_component>
      <object_component id="oc-852">
         <name>.text:pbuf_ref</name>
         <load_address>0x7654</load_address>
         <run_address>0x7654</run_address>
         <size>0x16</size>
         <input_file_ref idref="fl-b"/>
      </object_component>
      <object_component id="oc-215">
         <name>.text:FlashUserGet</name>
         <load_address>0x766c</load_address>
         <run_address>0x766c</run_address>
         <size>0x14</size>
         <input_file_ref idref="fl-e1"/>
      </object_component>
      <object_component id="oc-209">
         <name>.text:SysTickEnable</name>
         <load_address>0x7680</load_address>
         <run_address>0x7680</run_address>
         <size>0x14</size>
         <input_file_ref idref="fl-e6"/>
      </object_component>
      <object_component id="oc-20f">
         <name>.text:SysTickIntEnable</name>
         <load_address>0x7694</load_address>
         <run_address>0x7694</run_address>
         <size>0x14</size>
         <input_file_ref idref="fl-e6"/>
      </object_component>
      <object_component id="oc-24c">
         <name>.text</name>
         <load_address>0x76a8</load_address>
         <run_address>0x76a8</run_address>
         <size>0x14</size>
         <input_file_ref idref="fl-da"/>
      </object_component>
      <object_component id="oc-7a4">
         <name>.text</name>
         <load_address>0x76bc</load_address>
         <run_address>0x76bc</run_address>
         <size>0x14</size>
         <input_file_ref idref="fl-d6"/>
      </object_component>
      <object_component id="oc-3fb">
         <name>.text:sys_arch_unprotect</name>
         <load_address>0x76d0</load_address>
         <run_address>0x76d0</run_address>
         <size>0x14</size>
         <input_file_ref idref="fl-b"/>
      </object_component>
      <object_component id="oc-5bc">
         <name>.text:tcp_close</name>
         <load_address>0x76e4</load_address>
         <run_address>0x76e4</run_address>
         <size>0x14</size>
         <input_file_ref idref="fl-b"/>
      </object_component>
      <object_component id="oc-603">
         <name>.text:tcp_server_sent</name>
         <load_address>0x76f8</load_address>
         <run_address>0x76f8</run_address>
         <size>0x14</size>
         <input_file_ref idref="fl-5"/>
      </object_component>
      <object_component id="oc-340">
         <name>.text:GPIOPinTypeEthernetLED</name>
         <load_address>0x770c</load_address>
         <run_address>0x770c</run_address>
         <size>0x12</size>
         <input_file_ref idref="fl-e2"/>
      </object_component>
      <object_component id="oc-6fc">
         <name>.text:dhcp_option_byte</name>
         <load_address>0x771e</load_address>
         <run_address>0x771e</run_address>
         <size>0x12</size>
         <input_file_ref idref="fl-b"/>
      </object_component>
      <object_component id="oc-26c">
         <name>.text:netif_set_link_down</name>
         <load_address>0x7730</load_address>
         <run_address>0x7730</run_address>
         <size>0x12</size>
         <input_file_ref idref="fl-b"/>
      </object_component>
      <object_component id="oc-8e3">
         <name>.text:pbuf_clen</name>
         <load_address>0x7742</load_address>
         <run_address>0x7742</run_address>
         <size>0x12</size>
         <input_file_ref idref="fl-b"/>
      </object_component>
      <object_component id="oc-46b">
         <name>.text:tcp_segs_free</name>
         <load_address>0x7754</load_address>
         <run_address>0x7754</run_address>
         <size>0x12</size>
         <input_file_ref idref="fl-b"/>
      </object_component>
      <object_component id="oc-89d">
         <name>.text:EMACFrameFilterSet</name>
         <load_address>0x7768</load_address>
         <run_address>0x7768</run_address>
         <size>0x10</size>
         <input_file_ref idref="fl-e0"/>
      </object_component>
      <object_component id="oc-8c7">
         <name>.text:IntMasterEnable</name>
         <load_address>0x7778</load_address>
         <run_address>0x7778</run_address>
         <size>0x10</size>
         <input_file_ref idref="fl-e3"/>
      </object_component>
      <object_component id="oc-203">
         <name>.text:SysTickPeriodSet</name>
         <load_address>0x7788</load_address>
         <run_address>0x7788</run_address>
         <size>0x10</size>
         <input_file_ref idref="fl-e6"/>
      </object_component>
      <object_component id="oc-302">
         <name>.text:autoip_stop</name>
         <load_address>0x7798</load_address>
         <run_address>0x7798</run_address>
         <size>0x10</size>
         <input_file_ref idref="fl-b"/>
      </object_component>
      <object_component id="oc-4e6">
         <name>.text:dhcp_set_state</name>
         <load_address>0x77a8</load_address>
         <run_address>0x77a8</run_address>
         <size>0x10</size>
         <input_file_ref idref="fl-b"/>
      </object_component>
      <object_component id="oc-916">
         <name>.text:inet_chksum</name>
         <load_address>0x77b8</load_address>
         <run_address>0x77b8</run_address>
         <size>0x10</size>
         <input_file_ref idref="fl-b"/>
      </object_component>
      <object_component id="oc-56e">
         <name>.text:lwip_init</name>
         <load_address>0x77c8</load_address>
         <run_address>0x77c8</run_address>
         <size>0x10</size>
         <input_file_ref idref="fl-b"/>
      </object_component>
      <object_component id="oc-847">
         <name>.text:pbuf_chain</name>
         <load_address>0x77d8</load_address>
         <run_address>0x77d8</run_address>
         <size>0x10</size>
         <input_file_ref idref="fl-b"/>
      </object_component>
      <object_component id="oc-3f5">
         <name>.text:sys_arch_protect</name>
         <load_address>0x77e8</load_address>
         <run_address>0x77e8</run_address>
         <size>0x10</size>
         <input_file_ref idref="fl-b"/>
      </object_component>
      <object_component id="oc-18">
         <name>.text:decompress:none</name>
         <load_address>0x77f8</load_address>
         <run_address>0x77f8</run_address>
         <size>0xe</size>
         <input_file_ref idref="fl-cb"/>
      </object_component>
      <object_component id="oc-96f">
         <name>.text:CPUcpsie</name>
         <load_address>0x7806</load_address>
         <run_address>0x7806</run_address>
         <size>0xc</size>
         <input_file_ref idref="fl-e7"/>
      </object_component>
      <object_component id="oc-1d9">
         <name>.text:SysCtlMOSCConfigSet</name>
         <load_address>0x7814</load_address>
         <run_address>0x7814</run_address>
         <size>0xc</size>
         <input_file_ref idref="fl-e5"/>
      </object_component>
      <object_component id="oc-7c6">
         <name>.text:autoip_restart</name>
         <load_address>0x7820</load_address>
         <run_address>0x7820</run_address>
         <size>0xc</size>
         <input_file_ref idref="fl-b"/>
      </object_component>
      <object_component id="oc-1e">
         <name>.text:decompress:ZI</name>
         <load_address>0x782c</load_address>
         <run_address>0x782c</run_address>
         <size>0xc</size>
         <input_file_ref idref="fl-cc"/>
      </object_component>
      <object_component id="oc-638">
         <name>.text:lwip_htons</name>
         <load_address>0x7838</load_address>
         <run_address>0x7838</run_address>
         <size>0xc</size>
         <input_file_ref idref="fl-b"/>
      </object_component>
      <object_component id="oc-580">
         <name>.text:netif_set_default</name>
         <load_address>0x7844</load_address>
         <run_address>0x7844</run_address>
         <size>0xc</size>
         <input_file_ref idref="fl-b"/>
      </object_component>
      <object_component id="oc-494">
         <name>.text:netif_set_gw</name>
         <load_address>0x7850</load_address>
         <run_address>0x7850</run_address>
         <size>0xc</size>
         <input_file_ref idref="fl-b"/>
      </object_component>
      <object_component id="oc-48e">
         <name>.text:netif_set_netmask</name>
         <load_address>0x785c</load_address>
         <run_address>0x785c</run_address>
         <size>0xc</size>
         <input_file_ref idref="fl-b"/>
      </object_component>
      <object_component id="oc-86c">
         <name>.text:sys_now</name>
         <load_address>0x7868</load_address>
         <run_address>0x7868</run_address>
         <size>0xc</size>
         <input_file_ref idref="fl-b"/>
      </object_component>
      <object_component id="oc-5da">
         <name>.text:tcp_poll</name>
         <load_address>0x7874</load_address>
         <run_address>0x7874</run_address>
         <size>0xa</size>
         <input_file_ref idref="fl-b"/>
      </object_component>
      <object_component id="oc-8e9">
         <name>.text:EMACTxDMAPollDemand</name>
         <load_address>0x787e</load_address>
         <run_address>0x787e</run_address>
         <size>0x8</size>
         <input_file_ref idref="fl-e0"/>
      </object_component>
      <object_component id="oc-658">
         <name>.text:icmp_dest_unreach</name>
         <load_address>0x7886</load_address>
         <run_address>0x7886</run_address>
         <size>0x8</size>
         <input_file_ref idref="fl-b"/>
      </object_component>
      <object_component id="oc-955">
         <name>.text:EMACRxDMADescriptorListSet</name>
         <load_address>0x788e</load_address>
         <run_address>0x788e</run_address>
         <size>0x6</size>
         <input_file_ref idref="fl-e0"/>
      </object_component>
      <object_component id="oc-a2">
         <name>.text:EMACTimestampIntStatus</name>
         <load_address>0x7894</load_address>
         <run_address>0x7894</run_address>
         <size>0x6</size>
         <input_file_ref idref="fl-e0"/>
      </object_component>
      <object_component id="oc-95b">
         <name>.text:EMACTxDMADescriptorListSet</name>
         <load_address>0x789a</load_address>
         <run_address>0x789a</run_address>
         <size>0x6</size>
         <input_file_ref idref="fl-e0"/>
      </object_component>
      <object_component id="oc-2ab">
         <name>.text:GPIOPinRead</name>
         <load_address>0x78a0</load_address>
         <run_address>0x78a0</run_address>
         <size>0x6</size>
         <input_file_ref idref="fl-e2"/>
      </object_component>
      <object_component id="oc-1fd">
         <name>.text:GPIOPinWrite</name>
         <load_address>0x78a6</load_address>
         <run_address>0x78a6</run_address>
         <size>0x6</size>
         <input_file_ref idref="fl-e2"/>
      </object_component>
      <object_component id="oc-2b">
         <name>.text:ResetISR</name>
         <load_address>0x78ac</load_address>
         <run_address>0x78ac</run_address>
         <size>0x6</size>
         <input_file_ref idref="fl-4"/>
      </object_component>
      <object_component id="oc-2b1">
         <name>.text:SysCtlDelay</name>
         <load_address>0x78b2</load_address>
         <run_address>0x78b2</run_address>
         <size>0x6</size>
         <input_file_ref idref="fl-e5"/>
      </object_component>
      <object_component id="oc-43">
         <name>.text:SysTickIntHandler</name>
         <load_address>0x78b8</load_address>
[...]
         <object_component_ref idref="oc-298"/>
      </symbol>
      <symbol id="sm-ec9">
         <name>icmp_input</name>
         <value>0x266d</value>
         <object_component_ref idref="oc-66a"/>
      </symbol>
      <symbol id="sm-eca">
         <name>netif_set_gw</name>
         <value>0x7851</value>
         <object_component_ref idref="oc-494"/>
      </symbol>
      <symbol id="sm-ecb">
         <name>inet_chksum_pbuf</name>
         <value>0x640b</value>
         <object_component_ref idref="oc-80f"/>
      </symbol>
      <symbol id="sm-ecc">
         <name>ip_output</name>
         <value>0x674d</value>
         <object_component_ref idref="oc-6ab"/>
      </symbol>
      <symbol id="sm-ecd">
         <name>autoip_network_changed</name>
         <value>0x74ab</value>
         <object_component_ref idref="oc-3e6"/>
      </symbol>
      <symbol id="sm-ece">
         <name>pbuf_copy</name>
         <value>0x495d</value>
         <object_component_ref idref="oc-815"/>
      </symbol>
      <symbol id="sm-ecf">
         <name>tcp_segs_free</name>
         <value>0x7755</value>
         <object_component_ref idref="oc-46b"/>
      </symbol>
      <symbol id="sm-ed0">
         <name>tcp_close</name>
         <value>0x76e5</value>
         <object_component_ref idref="oc-5bc"/>
      </symbol>
      <symbol id="sm-ed1">
         <name>tivaif_interrupt</name>
         <value>0x65d9</value>
         <object_component_ref idref="oc-a8"/>
      </symbol>
      <symbol id="sm-ed2">
         <name>ethzero</name>
         <value>0x7ced</value>
         <object_component_ref idref="oc-4a7"/>
      </symbol>
      <symbol id="sm-ed3">
         <name>lwIPTimer</name>
         <value>0x7381</value>
         <object_component_ref idref="oc-9b"/>
      </symbol>
      <symbol id="sm-ed4">
         <name>tcp_update_rcv_ann_wnd</name>
         <value>0x6f39</value>
         <object_component_ref idref="oc-8fc"/>
      </symbol>
      <symbol id="sm-ed5">
         <name>tcp_new</name>
         <value>0x78d1</value>
         <object_component_ref idref="oc-3a6"/>
      </symbol>
      <symbol id="sm-ed6">
         <name>ethbroadcast</name>
         <value>0x7ce7</value>
         <object_component_ref idref="oc-427"/>
      </symbol>
      <symbol id="sm-ed7">
         <name>lwip_init</name>
         <value>0x77c9</value>
         <object_component_ref idref="oc-56e"/>
      </symbol>
      <symbol id="sm-ed8">
         <name>lwIPEthernetIntHandler</name>
         <value>0x5cbd</value>
         <object_component_ref idref="oc-49"/>
      </symbol>
      <symbol id="sm-ed9">
         <name>tcp_sent</name>
         <value>0x78ef</value>
         <object_component_ref idref="oc-5c8"/>
      </symbol>
      <symbol id="sm-eda">
         <name>tcp_tmr</name>
         <value>0x73c1</value>
         <object_component_ref idref="oc-128"/>
      </symbol>
      <symbol id="sm-edb">
         <name>autoip_tmr</name>
         <value>0x3a79</value>
         <object_component_ref idref="oc-12e"/>
      </symbol>
      <symbol id="sm-edc">
         <name>tcp_eff_send_mss</name>
         <value>0x73a1</value>
         <object_component_ref idref="oc-831"/>
      </symbol>
      <symbol id="sm-edd">
         <name>tcp_process_refused_data</name>
         <value>0x5a61</value>
         <object_component_ref idref="oc-450"/>
      </symbol>
      <symbol id="sm-ede">
         <name>tcp_listen_with_backlog</name>
         <value>0x4829</value>
         <object_component_ref idref="oc-3b8"/>
      </symbol>
      <symbol id="sm-edf">
         <name>udp_remove</name>
         <value>0x6f69</value>
         <object_component_ref idref="oc-4e0"/>
      </symbol>
      <symbol id="sm-ee0">
         <name>udp_connect</name>
         <value>0x6625</value>
         <object_component_ref idref="oc-4f4"/>
      </symbol>
      <symbol id="sm-ee1">
         <name>dhcp_arp_reply</name>
         <value>0x74c5</value>
         <object_component_ref idref="oc-63e"/>
      </symbol>
      <symbol id="sm-ee2">
         <name>netif_add</name>
         <value>0x6035</value>
         <object_component_ref idref="oc-57a"/>
      </symbol>
      <symbol id="sm-ee3">
         <name>tcp_seg_copy</name>
         <value>0x7299</value>
         <object_component_ref idref="oc-99e"/>
      </symbol>
      <symbol id="sm-ee4">
         <name>netif_set_default</name>
         <value>0x7845</value>
         <object_component_ref idref="oc-580"/>
      </symbol>
      <symbol id="sm-ee5">
         <name>tcp_accept</name>
         <value>0x78e7</value>
         <object_component_ref idref="oc-3be"/>
      </symbol>
      <symbol id="sm-ee6">
         <name>sys_now</name>
         <value>0x7869</value>
         <object_component_ref idref="oc-86c"/>
      </symbol>
      <symbol id="sm-ee7">
         <name>ip_route</name>
         <value>0x62cd</value>
         <object_component_ref idref="oc-768"/>
      </symbol>
      <symbol id="sm-ee8">
         <name>tcp_pcb_remove</name>
         <value>0x5d75</value>
         <object_component_ref idref="oc-805"/>
      </symbol>
      <symbol id="sm-ee9">
         <name>g_RxDescList</name>
         <value>0x20018af0</value>
         <object_component_ref idref="oc-8d1"/>
      </symbol>
      <symbol id="sm-eea">
         <name>g_TxDescList</name>
         <value>0x20018b00</value>
         <object_component_ref idref="oc-8ce"/>
      </symbol>
      <symbol id="sm-eeb">
         <name>sys_timeout</name>
         <value>0x5991</value>
         <object_component_ref idref="oc-77f"/>
      </symbol>
      <symbol id="sm-eec">
         <name>etharp_tmr</name>
         <value>0x6a05</value>
         <object_component_ref idref="oc-122"/>
      </symbol>
      <symbol id="sm-eed">
         <name>tcp_abort</name>
         <value>0x78bf</value>
         <object_component_ref idref="oc-6ba"/>
      </symbol>
      <symbol id="sm-eee">
         <name>mem_trim</name>
         <value>0x37d5</value>
         <object_component_ref idref="oc-7e2"/>
      </symbol>
      <symbol id="sm-eef">
         <name>dhcp_renew</name>
         <value>0x4eb9</value>
         <object_component_ref idref="oc-4ac"/>
      </symbol>
      <symbol id="sm-ef0">
         <name>tcp_setprio</name>
         <value>0x78f3</value>
         <object_component_ref idref="oc-5eb"/>
      </symbol>
      <symbol id="sm-f5e">
         <name>UARTStdioConfig</name>
         <value>0x5c5d</value>
         <object_component_ref idref="oc-1eb"/>
      </symbol>
      <symbol id="sm-f5f">
         <name>UARTwrite</name>
         <value>0x66bd</value>
         <object_component_ref idref="oc-544"/>
      </symbol>
      <symbol id="sm-f60">
         <name>UARTprintf</name>
         <value>0x7491</value>
         <object_component_ref idref="oc-1f1"/>
      </symbol>
      <symbol id="sm-f61">
         <name>UARTvprintf</name>
         <value>0x1f51</value>
         <object_component_ref idref="oc-356"/>
      </symbol>
      <symbol id="sm-faa">
         <name>uvsnprintf</name>
         <value>0x16d5</value>
         <object_component_ref idref="oc-67b"/>
      </symbol>
      <symbol id="sm-fab">
         <name>ustrncpy</name>
         <value>0x70f7</value>
         <object_component_ref idref="oc-822"/>
      </symbol>
      <symbol id="sm-fac">
         <name>usprintf</name>
         <value>0x73e1</value>
         <object_component_ref idref="oc-43f"/>
      </symbol>
      <symbol id="sm-fbd">
         <name>_c_int00</name>
         <value>0x6089</value>
         <object_component_ref idref="oc-24"/>
      </symbol>
      <symbol id="sm-fbe">
         <name>__stack</name>
         <value>0x200182b8</value>
         <object_component_ref idref="oc-2a"/>
      </symbol>
      <symbol id="sm-fdc">
         <name>__TI_decompress_lzss</name>
         <value>0x5789</value>
         <object_component_ref idref="oc-12"/>
      </symbol>
      <symbol id="sm-ff3">
         <name>__TI_decompress_none</name>
         <value>0x77f9</value>
         <object_component_ref idref="oc-18"/>
      </symbol>
      <symbol id="sm-1005">
         <name>__TI_zero_init</name>
         <value>0x782d</value>
         <object_component_ref idref="oc-1e"/>
      </symbol>
      <symbol id="sm-1026">
         <name>C$$EXIT</name>
         <value>0x60dd</value>
         <object_component_ref idref="oc-8d"/>
      </symbol>
      <symbol id="sm-1027">
         <name>abort</name>
         <value>0x60e1</value>
         <object_component_ref idref="oc-8d"/>
      </symbol>
      <symbol id="sm-1028">
         <name>exit</name>
         <value>0x60e9</value>
         <object_component_ref idref="oc-8d"/>
      </symbol>
      <symbol id="sm-1029">
         <name>__TI_dtors_ptr</name>
         <value>0x20018b14</value>
         <object_component_ref idref="oc-f0"/>
      </symbol>
      <symbol id="sm-102a">
         <name>__TI_cleanup_ptr</name>
         <value>0x20018b10</value>
         <object_component_ref idref="oc-f0"/>
      </symbol>
      <symbol id="sm-102b">
         <name>__TI_enable_exit_profile_output</name>
         <value>0x20018b18</value>
         <object_component_ref idref="oc-f0"/>
      </symbol>
      <symbol id="sm-103b">
         <name>memcmp</name>
         <value>0x7275</value>
         <object_component_ref idref="oc-40f"/>
      </symbol>
      <symbol id="sm-1056">
         <name>memcpy</name>
         <value>0x478d</value>
         <object_component_ref idref="oc-5d"/>
      </symbol>
      <symbol id="sm-1057">
         <name>__aeabi_memcpy</name>
         <value>0x478d</value>
         <object_component_ref idref="oc-5d"/>
      </symbol>
      <symbol id="sm-1058">
         <name>__aeabi_memcpy8</name>
         <value>0x478d</value>
         <object_component_ref idref="oc-5d"/>
      </symbol>
      <symbol id="sm-1059">
         <name>__aeabi_memcpy4</name>
         <value>0x478d</value>
         <object_component_ref idref="oc-5d"/>
      </symbol>
      <symbol id="sm-1068">
         <name>__aeabi_memset</name>
         <value>0x52a7</value>
         <object_component_ref idref="oc-69"/>
      </symbol>
      <symbol id="sm-1069">
         <name>memset</name>
         <value>0x52ad</value>
         <object_component_ref idref="oc-69"/>
      </symbol>
      <symbol id="sm-106a">
         <name>__aeabi_memset8</name>
         <value>0x52a7</value>
         <object_component_ref idref="oc-69"/>
      </symbol>
      <symbol id="sm-106b">
         <name>__aeabi_memset4</name>
         <value>0x52a7</value>
         <object_component_ref idref="oc-69"/>
      </symbol>
      <symbol id="sm-106c">
         <name>__aeabi_memclr8</name>
         <value>0x52a5</value>
         <object_component_ref idref="oc-69"/>
      </symbol>
      <symbol id="sm-106d">
         <name>__aeabi_memclr4</name>
         <value>0x52a5</value>
         <object_component_ref idref="oc-69"/>
      </symbol>
      <symbol id="sm-106e">
         <name>__aeabi_memclr</name>
         <value>0x52a5</value>
         <object_component_ref idref="oc-69"/>
      </symbol>
      <symbol id="sm-1078">
         <name>__mpu_init</name>
         <value>0x531f</value>
         <object_component_ref idref="oc-75"/>
      </symbol>
      <symbol id="sm-1082">
         <name>_system_pre_init</name>
         <value>0x78e3</value>
         <object_component_ref idref="oc-7b"/>
      </symbol>
      <symbol id="sm-108a">
         <name>main_func_sp</name>
         <value>0x20018b38</value>
         <object_component_ref idref="oc-93"/>
      </symbol>
      <symbol id="sm-109a">
         <name>strlen</name>
         <value>0x76bd</value>
         <object_component_ref idref="oc-7a4"/>
      </symbol>
      <symbol id="sm-10ab">
         <name>__aeabi_uidivmod</name>
         <value>0x6a45</value>
         <object_component_ref idref="oc-54a"/>
      </symbol>
      <symbol id="sm-10ac">
         <name>__aeabi_uidiv</name>
         <value>0x6a45</value>
         <object_component_ref idref="oc-54a"/>
      </symbol>
      <symbol id="sm-10c5">
         <name>_nop</name>
         <value>0x76b7</value>
         <object_component_ref idref="oc-24c"/>
      </symbol>
      <symbol id="sm-10c6">
         <name>_lock</name>
         <value>0x20018b28</value>
         <object_component_ref idref="oc-f3"/>
      </symbol>
      <symbol id="sm-10c7">
         <name>_unlock</name>
         <value>0x20018b2c</value>
         <object_component_ref idref="oc-f3"/>
      </symbol>
      <symbol id="sm-10c8">
         <name>_register_lock</name>
         <value>0x76af</value>
         <object_component_ref idref="oc-24c"/>
      </symbol>
      <symbol id="sm-10c9">
         <name>_register_unlock</name>
         <value>0x76a9</value>
         <object_component_ref idref="oc-24c"/>
      </symbol>
      <symbol id="sm-10dd">
         <name>_args_main</name>
         <value>0x7589</value>
         <object_component_ref idref="oc-87"/>
      </symbol>
      <symbol id="sm-1107">
         <name>__TI_auto_init</name>
         <value>0x54f9</value>
         <object_component_ref idref="oc-81"/>
      </symbol>
      <symbol id="sm-1121">
         <name>copy_in</name>
         <value>0x6541</value>
         <object_component_ref idref="oc-da"/>
      </symbol>
      <symbol id="sm-112b">
         <name>__aeabi_idiv0</name>
         <value>0x4e37</value>
         <object_component_ref idref="oc-72e"/>
      </symbol>
      <symbol id="sm-1135">
         <name>_system_post_cinit</name>
         <value>0x5c5b</value>
         <object_component_ref idref="oc-e0"/>
      </symbol>
      <symbol id="sm-11f6">
         <name>EMACConfigSet</name>
         <value>0x6b75</value>
         <object_component_ref idref="oc-27e"/>
      </symbol>
      <symbol id="sm-11f7">
         <name>EMACTxEnable</name>
         <value>0x75fd</value>
         <object_component_ref idref="oc-8af"/>
      </symbol>
      <symbol id="sm-11f8">
         <name>EMACRxDMADescriptorListSet</name>
         <value>0x788f</value>
         <object_component_ref idref="oc-955"/>
      </symbol>
      <symbol id="sm-11f9">
         <name>EMACPHYConfigSet</name>
         <value>0x5e2d</value>
         <object_component_ref idref="oc-371"/>
      </symbol>
      <symbol id="sm-11fa">
         <name>EMACPHYRead</name>
         <value>0x7171</value>
         <object_component_ref idref="oc-266"/>
      </symbol>
      <symbol id="sm-11fb">
         <name>EMACTimestampIntStatus</name>
         <value>0x7895</value>
         <object_component_ref idref="oc-a2"/>
      </symbol>
      <symbol id="sm-11fc">
         <name>EMACRxEnable</name>
         <value>0x75e7</value>
         <object_component_ref idref="oc-8b5"/>
      </symbol>
      <symbol id="sm-11fd">
         <name>EMACIntClear</name>
         <value>0x6da1</value>
         <object_component_ref idref="oc-8a9"/>
      </symbol>
      <symbol id="sm-11fe">
         <name>EMACConfigGet</name>
         <value>0x6d6d</value>
         <object_component_ref idref="oc-278"/>
      </symbol>
      <symbol id="sm-11ff">
         <name>EMACInit</name>
         <value>0x5321</value>
         <object_component_ref idref="oc-377"/>
      </symbol>
      <symbol id="sm-1200">
         <name>EMACIntEnable</name>
         <value>0x6b01</value>
         <object_component_ref idref="oc-8bb"/>
      </symbol>
      <symbol id="sm-1201">
         <name>EMACPHYWrite</name>
         <value>0x7197</value>
         <object_component_ref idref="oc-897"/>
      </symbol>
      <symbol id="sm-1202">
         <name>EMACReset</name>
         <value>0x75d1</value>
         <object_component_ref idref="oc-563"/>
      </symbol>
      <symbol id="sm-1203">
         <name>EMACFrameFilterSet</name>
         <value>0x7769</value>
         <object_component_ref idref="oc-89d"/>
      </symbol>
      <symbol id="sm-1204">
         <name>EMACTxDMAPollDemand</name>
         <value>0x787f</value>
         <object_component_ref idref="oc-8e9"/>
      </symbol>
      <symbol id="sm-1205">
         <name>EMACAddrGet</name>
         <value>0x7401</value>
         <object_component_ref idref="oc-88b"/>
      </symbol>
      <symbol id="sm-1206">
         <name>EMACTxDMADescriptorListSet</name>
         <value>0x789b</value>
         <object_component_ref idref="oc-95b"/>
      </symbol>
      <symbol id="sm-1207">
         <name>EMACIntStatus</name>
         <value>0x6fc7</value>
         <object_component_ref idref="oc-8a3"/>
      </symbol>
      <symbol id="sm-1216">
         <name>FlashUserGet</name>
         <value>0x766d</value>
         <object_component_ref idref="oc-215"/>
      </symbol>
      <symbol id="sm-124d">
         <name>GPIOPinTypeGPIOOutput</name>
         <value>0x74f9</value>
         <object_component_ref idref="oc-1f7"/>
      </symbol>
      <symbol id="sm-124e">
         <name>GPIOPinRead</name>
         <value>0x78a1</value>
         <object_component_ref idref="oc-2ab"/>
      </symbol>
      <symbol id="sm-124f">
         <name>GPIODirModeSet</name>
         <value>0x7079</value>
         <object_component_ref idref="oc-362"/>
      </symbol>
      <symbol id="sm-1250">
         <name>GPIOPinWrite</name>
         <value>0x78a7</value>
         <object_component_ref idref="oc-1fd"/>
      </symbol>
      <symbol id="sm-1251">
         <name>GPIOPadConfigSet</name>
         <value>0x2e67</value>
         <object_component_ref idref="oc-33a"/>
      </symbol>
      <symbol id="sm-1252">
         <name>GPIOPinTypeEthernetLED</name>
         <value>0x770d</value>
         <object_component_ref idref="oc-340"/>
      </symbol>
      <symbol id="sm-1293">
         <name>IntPrioritySet</name>
         <value>0x7209</value>
         <object_component_ref idref="oc-239"/>
      </symbol>
      <symbol id="sm-1294">
         <name>IntEnable</name>
         <value>0x5721</value>
         <object_component_ref idref="oc-8c1"/>
      </symbol>
      <symbol id="sm-1295">
         <name>IntMasterEnable</name>
         <value>0x7779</value>
         <object_component_ref idref="oc-8c7"/>
      </symbol>
      <symbol id="sm-131c">
         <name>SysCtlDelay</name>
         <value>0x78b3</value>
         <object_component_ref idref="oc-2b1"/>
      </symbol>
      <symbol id="sm-131d">
         <name>SysCtlMOSCConfigSet</name>
         <value>0x7815</value>
         <object_component_ref idref="oc-1d9"/>
      </symbol>
      <symbol id="sm-131e">
         <name>SysCtlPeripheralReady</name>
         <value>0x6be5</value>
         <object_component_ref idref="oc-55d"/>
      </symbol>
      <symbol id="sm-131f">
         <name>SysCtlClockFreqSet</name>
         <value>0x1d65</value>
         <object_component_ref idref="oc-1df"/>
      </symbol>
      <symbol id="sm-1320">
         <name>SysCtlPeripheralReset</name>
         <value>0x627d</value>
         <object_component_ref idref="oc-557"/>
      </symbol>
      <symbol id="sm-1343">
         <name>SysTickEnable</name>
         <value>0x7681</value>
         <object_component_ref idref="oc-209"/>
      </symbol>
      <symbol id="sm-1344">
         <name>SysTickIntEnable</name>
         <value>0x7695</value>
         <object_component_ref idref="oc-20f"/>
      </symbol>
      <symbol id="sm-1345">
         <name>SysTickPeriodSet</name>
         <value>0x7789</value>
         <object_component_ref idref="oc-203"/>
      </symbol>
      <symbol id="sm-134f">
         <name>CPUcpsie</name>
         <value>0x7807</value>
         <object_component_ref idref="oc-96f"/>
      </symbol>
      <symbol id="sm-1350">
         <name>__TI_static_base__</name>
         <value>0x0</value>
      </symbol>
      <symbol id="sm-1353">
         <name>SHT$$INIT_ARRAY$$Limit</name>
         <value>0x0</value>
      </symbol>
      <symbol id="sm-1354">
         <name>SHT$$INIT_ARRAY$$Base</name>
         <value>0x0</value>
      </symbol>
   </symbol_table>
   <title>Link successful</title>
</link_info>
