******************************************************************************
                  TI ARM Linker PC v16.9.4                     
******************************************************************************
>> Linked Mon Apr 09 15:49:10 2018

OUTPUT FILE NAME:   <enet_lwip.out>
ENTRY POINT SYMBOL: "_c_int00"  address: 00005f9d


MEMORY CONFIGURATION

         name            origin    length      used     unused   attr    fill
----------------------  --------  ---------  --------  --------  ----  --------
  FLASH                 00000000   00100000  00007cda  000f8326  R  X
  SRAM                  20000000   00040000  00018b42  000274be  RW X


SEGMENT ALLOCATION MAP

run origin  load origin   length   init length attrs members
----------  ----------- ---------- ----------- ----- -------
00000000    00000000    00007ce0   00007ce0    r-x
  00000000    00000000    00000200   00000200    r-- .intvecs
  00000200    00000200    0000766e   0000766e    r-x .text
  00007870    00007870    00000404   00000404    r-- .const
  00007c78    00007c78    00000068   00000068    r-- .cinit
20000000    20000000    00018b44   00000000    rw-
  20000000    20000000    000182b6   00000000    rw- .bss
  200182b8    200182b8    00000800   00000000    rw- .stack
  20018ab8    20018ab8    0000008c   00000000    rw- .data


SECTION ALLOCATION MAP

 output                                  attributes/
section   page    origin      length       input sections
--------  ----  ----------  ----------   ----------------
.intvecs   0    00000000    00000200     
                  00000000    00000200     startup_ccs.obj (.intvecs)

.text      0    00000200    0000766e     
                  00000200    000007c0     lwiplib.obj (.text:tcp_receive)
                  000009c0    000003b0     lwiplib.obj (.text:tcp_input)
                  00000d70    000003b0     lwiplib.obj (.text:tcp_process)
                  00001120    000002ec     lwiplib.obj (.text:tcp_write)
                  0000140c    000002c8     lwiplib.obj (.text:tcp_slowtmr)
                  000016d4    0000024d     ustdlib.obj (.text:uvsnprintf)
                  00001921    00000001     --HOLE-- [fill = 0]
                  00001922    00000002     startup_ccs.obj (.text:FaultISR)
                  00001924    00000228     lwiplib.obj (.text:dhcp_parse_reply)
                  00001b4c    00000218     pinout.obj (.text:PinoutSet)
                  00001d64    000001ec     driverlib.lib : sysctl.obj (.text:SysCtlClockFreqSet)
                  00001f50    000001ea     uartstdio.obj (.text:UARTvprintf)
                  0000213a    00000002     startup_ccs.obj (.text:IntDefaultHandler)
                  0000213c    000001dc     lwiplib.obj (.text:ip_input)
                  00002318    000001c4     lwiplib.obj (.text:udp_input)
                  000024dc    00000190     lwiplib.obj (.text:tcp_output)
                  0000266c    00000184     lwiplib.obj (.text:icmp_input)
                  000027f0    00000164     enet_lwip.obj (.text:main)
                  00002954    00000150     lwiplib.obj (.text:etharp_arp_input)
                  00002aa4    00000148     lwiplib.obj (.text:tcp_close_shutdown)
                  00002bec    00000140     lwiplib.obj (.text:tivaif_receive)
                  00002d2c    0000013a     lwiplib.obj (.text:pbuf_alloc)
                  00002e66    00000132     driverlib.lib : gpio.obj (.text:GPIOPadConfigSet)
                  00002f98    00000124     lwiplib.obj (.text:dhcp_create_msg)
                  000030bc    0000011c     lwiplib.obj (.text:etharp_output)
                  000031d8    00000114     lwiplib.obj (.text:etharp_query)
                  000032ec    00000114     lwiplib.obj (.text:tcp_listen_input)
                  00003400    00000100     lwiplib.obj (.text:tivaif_transmit)
                  00003500    000000f8     lwiplib.obj (.text:mem_malloc)
                  000035f8    000000f4     enet_lwip.obj (.text:lwIPHostTimerHandler)
                  000036ec    000000e8     lwiplib.obj (.text:lwIPInit)
                  000037d4    000000e8     lwiplib.obj (.text:mem_trim)
                  000038bc    000000e0     lwiplib.obj (.text:etharp_find_entry)
                  0000399c    000000dc     lwiplib.obj (.text:etharp_raw)
                  00003a78    000000d8     tcp_server.obj (.text:tcp_server_recv)
                  00003b50    000000d4     lwiplib.obj (.text:autoip_tmr)
                  00003c24    000000d0     lwiplib.obj (.text:tcp_alloc)
                  00003cf4    000000cc     lwiplib.obj (.text:dhcp_recv)
                  00003dc0    000000cc     lwiplib.obj (.text:dhcp_select)
                  00003e8c    000000c8     lwiplib.obj (.text:dhcp_bind)
                  00003f54    000000c8     lwiplib.obj (.text:udp_sendto_if)
                  0000401c    000000c4     lwiplib.obj (.text:InitDMADescriptors)
                  000040e0    000000c0     lwiplib.obj (.text:tcp_output_segment)
                  000041a0    000000bc     lwiplib.obj (.text:dhcp_discover)
                  0000425c    000000bc     lwiplib.obj (.text:tivaif_hwinit)
                  00004318    000000b8     lwiplib.obj (.text:tcp_create_segment)
                  000043d0    000000b0     lwiplib.obj (.text:lwIPServiceTimers)
                  00004480    000000ac     lwiplib.obj (.text:ethernet_input)
                  0000452c    000000a8     lwiplib.obj (.text:dhcp_start)
                  000045d4    000000a8     lwiplib.obj (.text:tcp_enqueue_flags)
                  0000467c    000000a4     lwiplib.obj (.text:dhcp_release)
                  00004720    000000a4     lwiplib.obj (.text:ip_output_if)
                  000047c4    0000009c     rtsv7M4_T_le_v4SPD16_eabi.lib : memcpy_t2.obj (.text)
                  00004860    0000009c     lwiplib.obj (.text:tcp_listen_with_backlog)
                  000048fc    00000098     lwiplib.obj (.text:dhcp_reboot)
                  00004994    00000092     lwiplib.obj (.text:pbuf_copy)
                  00004a26    00000002     startup_ccs.obj (.text:NmiSR)
                  00004a28    00000090     lwiplib.obj (.text:tcp_abandon)
                  00004ab8    0000008c     lwiplib.obj (.text:tcp_zero_window_probe)
                  00004b44    00000088     locator.obj (.text:LocatorReceive)
                  00004bcc    00000084     lwiplib.obj (.text:lwIPLinkDetect)
                  00004c50    00000084     lwiplib.obj (.text:tcp_timewait_input)
                  00004cd4    00000082     lwiplib.obj (.text:autoip_arp_reply)
                  00004d56    00000002     rtsv7M4_T_le_v4SPD16_eabi.lib : i_div0.obj (.text)
                  00004d58    00000080     lwiplib.obj (.text:dhcp_rebind)
                  00004dd8    00000080     lwiplib.obj (.text:dhcp_renew)
                  00004e58    00000080     lwiplib.obj (.text:lwIPPrivateInit)
                  00004ed8    00000080     lwiplib.obj (.text:tcp_parseopt)
                  00004f58    0000007c     lwiplib.obj (.text:dhcp_handle_ack)
                  00004fd4    0000007c     lwiplib.obj (.text:dhcp_timeout)
                  00005050    0000007c     lwiplib.obj (.text:tcp_bind)
                  000050cc    0000007c     lwiplib.obj (.text:tcp_rst)
                  00005148    0000007c     lwiplib.obj (.text:tivaif_process_phy_interrupt)
                  000051c4    0000007a     rtsv7M4_T_le_v4SPD16_eabi.lib : memset_t2.obj (.text)
                  0000523e    00000002                                   : mpu_init.obj (.text)
                  00005240    00000078     driverlib.lib : emac.obj (.text:EMACInit)
                  000052b8    00000078     lwiplib.obj (.text:tcp_oos_insert_segment)
                  00005330    00000074     lwiplib.obj (.text:etharp_update_arp_entry)
                  000053a4    00000074     lwiplib.obj (.text:raw_input)
                  00005418    00000070     rtsv7M4_T_le_v4SPD16_eabi.lib : autoinit.obj (.text)
                  00005488    00000070     lwiplib.obj (.text:tcp_fasttmr)
                  000054f8    0000006c     lwiplib.obj (.text:icmp_send_response)
                  00005564    0000006c     lwiplib.obj (.text:memp_init)
                  000055d0    00000068     driverlib.lib : interrupt.obj (.text:IntEnable)
                  00005638    00000068     rtsv7M4_T_le_v4SPD16_eabi.lib : copy_decompress_lzss.obj (.text:decompress:lzss)
                  000056a0    00000068     lwiplib.obj (.text:dhcp_decline)
                  00005708    00000068     lwiplib.obj (.text:lwip_standard_chksum)
                  00005770    00000068     lwiplib.obj (.text:netif_set_ipaddr)
                  000057d8    00000068     lwiplib.obj (.text:pbuf_copy_partial)
                  00005840    00000068     lwiplib.obj (.text:sys_timeout)
                  000058a8    00000068     lwiplib.obj (.text:tcp_output_alloc_header)
                  00005910    00000068     lwiplib.obj (.text:tcp_process_refused_data)
                  00005978    00000068     lwiplib.obj (.text:udp_bind)
                  000059e0    00000064     lwiplib.obj (.text:mem_free)
                  00005a44    00000064     lwiplib.obj (.text:plug_holes)
                  00005aa8    00000064     tcp_server.obj (.text:tcp_server_accept)
                  00005b0c    00000062     lwiplib.obj (.text:pbuf_header)
                  00005b6e    00000002     rtsv7M4_T_le_v4SPD16_eabi.lib : startup.obj (.text)
                  00005b70    00000060     uartstdio.obj (.text:UARTStdioConfig)
                  00005bd0    0000005c     lwiplib.obj (.text:lwIPEthernetIntHandler)
                  00005c2c    0000005c     lwiplib.obj (.text:mem_init)
                  00005c88    0000005c     lwiplib.obj (.text:tcp_pcb_remove)
                  00005ce4    0000005a     lwiplib.obj (.text:pbuf_realloc)
                  00005d3e    00000002     --HOLE-- [fill = 0]
                  00005d40    00000058     driverlib.lib : emac.obj (.text:EMACPHYConfigSet)
                  00005d98    00000058     lwiplib.obj (.text:autoip_start)
                  00005df0    00000058     lwiplib.obj (.text:memp_malloc)
                  00005e48    00000056     lwiplib.obj (.text:tcp_rexmit)
                  00005e9e    00000002     --HOLE-- [fill = 0]
                  00005ea0    00000054     locator.obj (.text:LocatorInit)
                  00005ef4    00000054     lwiplib.obj (.text:autoip_create_addr)
                  00005f48    00000054     lwiplib.obj (.text:netif_add)
                  00005f9c    00000054     rtsv7M4_T_le_v4SPD16_eabi.lib : boot.obj (.text)
                  00005ff0    00000054                                   : exit.obj (.text)
                  00006044    00000054     lwiplib.obj (.text:tcp_new_port)
                  00006098    00000054     tcp_server.obj (.text:tcp_server_test)
                  000060ec    00000052     lwiplib.obj (.text:tcp_pbuf_prealloc)
                  0000613e    00000052     tcp_server.obj (.text:tcp_server_senddata)
                  00006190    00000052     lwiplib.obj (.text:tivaif_process_transmit)
                  000061e2    00000002     --HOLE-- [fill = 0]
                  000061e4    00000050     driverlib.lib : sysctl.obj (.text:SysCtlPeripheralReset)
                  00006234    00000050     lwiplib.obj (.text:ip_route)
                  00006284    00000050     lwiplib.obj (.text:sys_timeouts_init)
                  000062d4    00000050     lwiplib.obj (.text:tcp_write_checks)
                  00006324    0000004e     lwiplib.obj (.text:autoip_start_probing)
                  00006372    0000004e     lwiplib.obj (.text:inet_chksum_pbuf)
                  000063c0    0000004e     lwiplib.obj (.text:pbuf_free)
                  0000640e    00000002     --HOLE-- [fill = 0]
                  00006410    0000004c     lwiplib.obj (.text:etharp_output_to_arp_index)
                  0000645c    0000004c     lwiplib.obj (.text:pbuf_take)
                  000064a8    0000004c     rtsv7M4_T_le_v4SPD16_eabi.lib : cpy_tbl.obj (.text)
                  000064f4    0000004c     lwiplib.obj (.text:tivaif_interrupt)
                  00006540    0000004c     lwiplib.obj (.text:udp_connect)
                  0000658c    0000004c     lwiplib.obj (.text:udp_new_port)
                  000065d8    00000048     uartstdio.obj (.text:UARTwrite)
                  00006620    00000048     driverlib.lib : sysctl.obj (.text:_SysCtlFrequencyGet)
                  00006668    00000048     lwiplib.obj (.text:ip_output)
                  000066b0    00000048     lwiplib.obj (.text:tcp_kill_prio)
                  000066f8    00000048     lwiplib.obj (.text:tcp_rexmit_fast)
                  00006740    00000048     lwiplib.obj (.text:tivaif_check_pbuf)
                  00006788    00000046     lwiplib.obj (.text:tcp_send_empty_ack)
                  000067ce    00000046     lwiplib.obj (.text:tcp_send_fin)
                  00006814    00000044     lwiplib.obj (.text:tcp_keepalive)
                  00006858    00000042     lwiplib.obj (.text:dhcp_network_changed)
                  0000689a    00000042     lwiplib.obj (.text:dhcp_option_long)
                  000068dc    00000042     lwiplib.obj (.text:tcp_pcb_purge)
                  0000691e    00000002     --HOLE-- [fill = 0]
                  00006920    00000040     lwiplib.obj (.text:etharp_tmr)
                  00006960    00000040     rtsv7M4_T_le_v4SPD16_eabi.lib : u_divt2.obj (.text)
                  000069a0    0000003e     lwiplib.obj (.text:netif_set_link_up)
                  000069de    0000003e     tcp_server.obj (.text:tcp_server_connection_close)
                  00006a1c    0000003c     lwiplib.obj (.text:dhcp_coarse_tmr)
                  00006a58    0000003a     driverlib.lib : emac.obj (.text:EMACIntEnable)
                  00006a92    00000002     --HOLE-- [fill = 0]
                  00006a94    00000038     enet_lwip.obj (.text:DisplayIPAddress)
                  00006acc    00000038     driverlib.lib : emac.obj (.text:EMACConfigSet)
                  00006b04    00000038     locator.obj (.text:LocatorAppTitleSet)
                  00006b3c    00000038     driverlib.lib : sysctl.obj (.text:SysCtlPeripheralReady)
                  00006b74    00000038     lwiplib.obj (.text:dhcp_fine_tmr)
                  00006bac    00000038     lwiplib.obj (.text:dhcp_handle_nak)
                  00006be4    00000038     lwiplib.obj (.text:dhcp_stop)
                  00006c1c    00000038     lwiplib.obj (.text:memp_free)
                  00006c54    00000038     lwiplib.obj (.text:tcpip_tcp_timer)
                  00006c8c    00000038     lwiplib.obj (.text:udp_sendto)
                  00006cc4    00000034     driverlib.lib : emac.obj (.text:EMACConfigGet)
                  00006cf8    00000034                   : emac.obj (.text:EMACIntClear)
                  00006d2c    00000034     lwiplib.obj (.text:autoip_arp_probe)
                  00006d60    00000034     lwiplib.obj (.text:tcp_kill_timewait)
                  00006d94    00000034     lwiplib.obj (.text:tcp_timer_needed)
                  00006dc8    00000034     lwiplib.obj (.text:tivaif_init)
                  00006dfc    00000032     lwiplib.obj (.text:ip4_addr_isbroadcast)
                  00006e2e    00000032     lwiplib.obj (.text:tcp_recved)
                  00006e60    00000030     lwiplib.obj (.text:dhcp_option_trailer)
                  00006e90    00000030     lwiplib.obj (.text:tcp_update_rcv_ann_wnd)
                  00006ec0    00000030     lwiplib.obj (.text:udp_remove)
                  00006ef0    0000002e     lwiplib.obj (.text:tcp_rexmit_rto)
                  00006f1e    0000002c     driverlib.lib : emac.obj (.text:EMACIntStatus)
                  00006f4a    00000002     --HOLE-- [fill = 0]
                  00006f4c    0000002c     lwiplib.obj (.text:autoip_arp_announce)
                  00006f78    0000002c     lwiplib.obj (.text:dhcp_handle_offer)
                  00006fa4    0000002c     lwiplib.obj (.text:etharp_request)
                  00006fd0    0000002a     driverlib.lib : gpio.obj (.text:GPIODirModeSet)
                  00006ffa    0000002a     lwiplib.obj (.text:autoip_bind)
                  00007024    0000002a     lwiplib.obj (.text:pbuf_cat)
                  0000704e    0000002a     ustdlib.obj (.text:ustrncpy)
                  00007078    00000028     lwiplib.obj (.text:etharp_cleanup_netif)
                  000070a0    00000027     tcp_server.obj (.text:tcp_server_error)
                  000070c7    00000001     --HOLE-- [fill = 0]
                  000070c8    00000026     driverlib.lib : emac.obj (.text:EMACPHYRead)
                  000070ee    00000026                   : emac.obj (.text:EMACPHYWrite)
                  00007114    00000026     lwiplib.obj (.text:dhcp_check)
                  0000713a    00000026     lwiplib.obj (.text:tcp_recv_null)
                  00007160    00000024     driverlib.lib : interrupt.obj (.text:IntPrioritySet)
                  00007184    00000024     lwiplib.obj (.text:etharp_free_entry)
                  000071a8    00000024     lwiplib.obj (.text:netif_set_up)
                  000071cc    00000024     rtsv7M4_T_le_v4SPD16_eabi.lib : memcmp.obj (.text)
                  000071f0    00000024     lwiplib.obj (.text:tcp_seg_copy)
                  00007214    00000022     lwiplib.obj (.text:dhcp_option_short)
                  00007236    00000022     tcp_server.obj (.text:tcp_server_poll)
                  00007258    00000020     locator.obj (.text:LocatorMACAddrSet)
                  00007278    00000020     driverlib.lib : sysctl.obj (.text:_SysCtlMemTimingGet)
                  00007298    00000020     lwiplib.obj (.text:autoip_handle_arp_conflict)
                  000072b8    00000020     lwiplib.obj (.text:dhcp_option)
                  000072d8    00000020     lwiplib.obj (.text:etharp_send_ip)
                  000072f8    00000020     lwiplib.obj (.text:lwIPTimer)
                  00007318    00000020     lwiplib.obj (.text:tcp_eff_send_mss)
                  00007338    00000020     lwiplib.obj (.text:tcp_tmr)
                  00007358    00000020     ustdlib.obj (.text:usprintf)
                  00007378    0000001e     driverlib.lib : emac.obj (.text:EMACAddrGet)
                  00007396    0000001e     lwiplib.obj (.text:netif_set_down)
                  000073b4    0000001c     lwiplib.obj (.text:lwIPLocalIPAddrGet)
                  000073d0    0000001c     lwiplib.obj (.text:netif_set_addr)
                  000073ec    0000001c     lwiplib.obj (.text:udp_new)
                  00007408    0000001a     uartstdio.obj (.text:UARTprintf)
                  00007422    0000001a     lwiplib.obj (.text:autoip_network_changed)
                  0000743c    0000001a     lwiplib.obj (.text:dhcp_arp_reply)
                  00007456    0000001a     lwiplib.obj (.text:lwip_htonl)
                  00007470    00000018     driverlib.lib : gpio.obj (.text:GPIOPinTypeGPIOOutput)
                  00007488    00000018     lwiplib.obj (.text:arp_timer)
                  000074a0    00000018     lwiplib.obj (.text:autoip_timer)
                  000074b8    00000018     lwiplib.obj (.text:dhcp_timer_coarse)
                  000074d0    00000018     lwiplib.obj (.text:dhcp_timer_fine)
                  000074e8    00000018     lwiplib.obj (.text:pbuf_pool_is_empty)
                  00007500    00000018     rtsv7M4_T_le_v4SPD16_eabi.lib : args_main.obj (.text)
                  00007518    00000018     lwiplib.obj (.text:tcp_next_iss)
                  00007530    00000018     lwiplib.obj (.text:tcp_seg_free)
                  00007548    00000016     driverlib.lib : emac.obj (.text:EMACReset)
                  0000755e    00000016                   : emac.obj (.text:EMACRxEnable)
                  00007574    00000016                   : emac.obj (.text:EMACTxEnable)
                  0000758a    00000016     lwiplib.obj (.text:dhcp_delete_msg)
                  000075a0    00000016     lwiplib.obj (.text:dhcp_t1_timeout)
                  000075b6    00000016     lwiplib.obj (.text:dhcp_t2_timeout)
                  000075cc    00000016     lwiplib.obj (.text:pbuf_ref)
                  000075e2    00000002     --HOLE-- [fill = 0]
                  000075e4    00000014     driverlib.lib : flash.obj (.text:FlashUserGet)
                  000075f8    00000014                   : systick.obj (.text:SysTickEnable)
                  0000760c    00000014                   : systick.obj (.text:SysTickIntEnable)
                  00007620    00000014     rtsv7M4_T_le_v4SPD16_eabi.lib : _lock.obj (.text)
                  00007634    00000014                                   : strlen.obj (.text)
                  00007648    00000014     lwiplib.obj (.text:sys_arch_unprotect)
                  0000765c    00000014     lwiplib.obj (.text:tcp_close)
                  00007670    00000014     tcp_server.obj (.text:tcp_server_sent)
                  00007684    00000012     driverlib.lib : gpio.obj (.text:GPIOPinTypeEthernetLED)
                  00007696    00000012     lwiplib.obj (.text:dhcp_option_byte)
                  000076a8    00000012     lwiplib.obj (.text:netif_set_link_down)
                  000076ba    00000012     lwiplib.obj (.text:pbuf_clen)
                  000076cc    00000012     lwiplib.obj (.text:tcp_segs_free)
                  000076de    00000002     --HOLE-- [fill = 0]
                  000076e0    00000010     driverlib.lib : emac.obj (.text:EMACFrameFilterSet)
                  000076f0    00000010                   : interrupt.obj (.text:IntMasterEnable)
                  00007700    00000010                   : systick.obj (.text:SysTickPeriodSet)
                  00007710    00000010     lwiplib.obj (.text:autoip_stop)
                  00007720    00000010     lwiplib.obj (.text:dhcp_set_state)
                  00007730    00000010     lwiplib.obj (.text:inet_chksum)
                  00007740    00000010     lwiplib.obj (.text:lwip_init)
                  00007750    00000010     lwiplib.obj (.text:pbuf_chain)
                  00007760    00000010     lwiplib.obj (.text:sys_arch_protect)
                  00007770    0000000e     rtsv7M4_T_le_v4SPD16_eabi.lib : copy_decompress_none.obj (.text:decompress:none)
                  0000777e    0000000c     driverlib.lib : cpu.obj (.text:CPUcpsie)
                  0000778a    00000002     --HOLE-- [fill = 0]
                  0000778c    0000000c                   : sysctl.obj (.text:SysCtlMOSCConfigSet)
                  00007798    0000000c     lwiplib.obj (.text:autoip_restart)
                  000077a4    0000000c     rtsv7M4_T_le_v4SPD16_eabi.lib : copy_zero_init.obj (.text:decompress:ZI)
                  000077b0    0000000c     lwiplib.obj (.text:lwip_htons)
                  000077bc    0000000c     lwiplib.obj (.text:netif_set_default)
                  000077c8    0000000c     lwiplib.obj (.text:netif_set_gw)
                  000077d4    0000000c     lwiplib.obj (.text:netif_set_netmask)
                  000077e0    0000000c     lwiplib.obj (.text:sys_now)
                  000077ec    0000000a     lwiplib.obj (.text:tcp_poll)
                  000077f6    00000008     driverlib.lib : emac.obj (.text:EMACTxDMAPollDemand)
                  000077fe    00000008     lwiplib.obj (.text:icmp_dest_unreach)
                  00007806    00000006     driverlib.lib : emac.obj (.text:EMACRxDMADescriptorListSet)
                  0000780c    00000006                   : emac.obj (.text:EMACTimestampIntStatus)
                  00007812    00000006                   : emac.obj (.text:EMACTxDMADescriptorListSet)
                  00007818    00000006                   : gpio.obj (.text:GPIOPinRead)
                  0000781e    00000006                   : gpio.obj (.text:GPIOPinWrite)
                  00007824    00000006     startup_ccs.obj (.text:ResetISR)
                  0000782a    00000006     driverlib.lib : sysctl.obj (.text:SysCtlDelay)
                  00007830    00000006     enet_lwip.obj (.text:SysTickIntHandler)
                  00007836    00000006     lwiplib.obj (.text:tcp_abort)
                  0000783c    00000006     lwiplib.obj (.text:tcp_accept_null)
                  00007842    00000006     lwiplib.obj (.text:tcp_err)
                  00007848    00000006     lwiplib.obj (.text:tcp_new)
                  0000784e    00000006     lwiplib.obj (.text:tcp_recv)
                  00007854    00000006     lwiplib.obj (.text:udp_recv)
                  0000785a    00000004     rtsv7M4_T_le_v4SPD16_eabi.lib : pre_init.obj (.text)
                  0000785e    00000004     lwiplib.obj (.text:tcp_accept)
                  00007862    00000004     lwiplib.obj (.text:tcp_arg)
                  00007866    00000004     lwiplib.obj (.text:tcp_sent)
                  0000786a    00000004     lwiplib.obj (.text:tcp_setprio)

.const     0    00007870    00000404     
                  00007870    000001b0     driverlib.lib : sysctl.obj (.const:g_pppui32XTALtoVCO)
                  00007a20    0000009c                   : interrupt.obj (.const:g_pui32Regs)
                  00007abc    00000070                   : interrupt.obj (.const)
                  00007b2c    0000006c                   : sysctl.obj (.const:g_pui32Xtals)
                  00007b98    00000030                   : sysctl.obj (.const:g_sXTALtoMEMTIM)
                  00007bc8    00000018     tcp_server.obj (.const:.string)
                  00007be0    00000018     driverlib.lib : emac.obj (.const)
                  00007bf8    00000010     lwiplib.obj (.const:memp_num)
                  00007c08    00000010     lwiplib.obj (.const:memp_sizes)
                  00007c18    00000010     lwiplib.obj (.const:tcp_pcb_lists)
                  00007c28    0000000d     lwiplib.obj (.const:.string:tcp_backoff)
                  00007c35    00000003     --HOLE-- [fill = 0]
                  00007c38    0000000c     uartstdio.obj (.const:g_ui32UARTBase)
                  00007c44    0000000c     uartstdio.obj (.const:g_ui32UARTPeriph)
                  00007c50    00000008     driverlib.lib : sysctl.obj (.const)
                  00007c58    00000007     lwiplib.obj (.const:.string:tcp_persist_backoff)
                  00007c5f    00000006     lwiplib.obj (.const:ethbroadcast)
                  00007c65    00000006     lwiplib.obj (.const:ethzero)
                  00007c6b    00000001     --HOLE-- [fill = 0]
                  00007c6c    00000004     lwiplib.obj (.const:ip_addr_any)
                  00007c70    00000004     lwiplib.obj (.const:ip_addr_broadcast)

.cinit     0    00007c78    00000068     
                  00007c78    0000003d     (.cinit..data.load) [load image, compression = lzss]
                  00007cb5    00000003     --HOLE-- [fill = 0]
                  00007cb8    0000000c     (__TI_handler_table)
                  00007cc4    00000004     --HOLE-- [fill = 0]
                  00007cc8    00000008     (.cinit..bss.load) [load image, compression = zero_init]
                  00007cd0    00000010     (__TI_cinit_table)

.init_array 
*          0    00000000    00000000     UNINITIALIZED

.bss       0    20000000    000182b6     UNINITIALIZED
                  20000000    0001001c     (.common:ram_heap)
                  2001001c    000072d4     lwiplib.obj (.bss:memp_memory)
                  200172f0    000007d0     (.common:tcp_server_recvbuf)
                  20017ac0    00000360     (.common:g_pTxDescriptors)
                  20017e20    00000120     (.common:g_pRxDescriptors)
                  20017f40    00000120     (.common:lwip_stats)
                  20018060    000000c8     lwiplib.obj (.bss:arp_table)
                  20018128    00000054     locator.obj (.bss:g_pui8LocatorData)
                  2001817c    00000050     lwiplib.obj (.bss)
                  200181cc    00000038     lwiplib.obj (.bss:g_sNetIF)
                  20018204    00000028     (.common:dhcp_rx_options_val)
                  2001822c    00000020     lwiplib.obj (.bss:memp_tab)
                  2001824c    00000010     lwiplib.obj (.bss:inseg)
                  2001825c    0000000c     (.common:dhcp_rx_options_given)
                  20018268    00000004     (.common:current_header)
                  2001826c    00000004     (.common:current_iphdr_dest)
                  20018270    00000004     (.common:current_iphdr_src)
                  20018274    00000004     (.common:current_netif)
                  20018278    00000004     (.common:g_pfnTimerHandler)
                  2001827c    00000004     (.common:g_ui32AbnormalInts)
                  20018280    00000004     (.common:g_ui32IPAddress)
                  20018284    00000004     (.common:g_ui32NormalInts)
                  20018288    00000004     (.common:g_ui32SysClock)
                  2001828c    00000004     (.common:netif_default)
                  20018290    00000004     (.common:netif_list)
                  20018294    00000004     (.common:tcp_active_pcbs)
                  20018298    00000004     (.common:tcp_bound_pcbs)
                  2001829c    00000004     (.common:tcp_input_pcb)
                  200182a0    00000004     (.common:tcp_listen_pcbs)
                  200182a4    00000004     (.common:tcp_ticks)
                  200182a8    00000004     (.common:tcp_tmp_pcb)
                  200182ac    00000004     (.common:tcp_tw_pcbs)
                  200182b0    00000004     (.common:udp_pcbs)
                  200182b4    00000001     (.common:pbuf_free_ooseq_pending)
                  200182b5    00000001     (.common:tcp_active_pcbs_changed)

.stack     0    200182b8    00000800     UNINITIALIZED
                  200182b8    00000800     --HOLE--

.data      0    20018ab8    0000008c     UNINITIALIZED
                  20018ab8    00000038     lwiplib.obj (.data)
                  20018af0    00000010     lwiplib.obj (.data:g_RxDescList)
                  20018b00    00000010     lwiplib.obj (.data:g_TxDescList)
                  20018b10    0000000c     rtsv7M4_T_le_v4SPD16_eabi.lib : exit.obj (.data:$O1$$)
                  20018b1c    0000000c     lwiplib.obj (.data:g_StellarisIFData)
                  20018b28    00000008     rtsv7M4_T_le_v4SPD16_eabi.lib : _lock.obj (.data:$O1$$)
                  20018b30    00000007     tcp_server.obj (.data)
                  20018b37    00000001     --HOLE--
                  20018b38    00000005     uartstdio.obj (.data)
                  20018b3d    00000003     --HOLE--
                  20018b40    00000004     rtsv7M4_T_le_v4SPD16_eabi.lib : stkdepth_vars.obj (.data)

MODULE SUMMARY

       Module                     code    ro data   rw data
       ------                     ----    -------   -------
    .\
       tcp_server.obj             637     24        2007   
       enet_lwip.obj              662     0         8      
       startup_ccs.obj            12      512       0      
    +--+--------------------------+-------+---------+---------+
       Total:                     1311    536       2015   
                                                           
    .\drivers\
       pinout.obj                 536     0         0      
    +--+--------------------------+-------+---------+---------+
       Total:                     536     0         0      
                                                           
    .\utils\
       lwiplib.obj                23776   88        97006  
       uartstdio.obj              684     24        5      
       ustdlib.obj                663     0         0      
       locator.obj                308     0         84     
    +--+--------------------------+-------+---------+---------+
       Total:                     25431   112       97095  
                                                           
    C:/ti/TivaWare_C_Series-2.1.3.156/driverlib/ccs/Debug/driverlib.lib
       sysctl.obj                 750     596       0      
       emac.obj                   684     24        0      
       interrupt.obj              156     268       0      
       gpio.obj                   402     0         0      
       systick.obj                56      0         0      
       flash.obj                  20      0         0      
       cpu.obj                    12      0         0      
    +--+--------------------------+-------+---------+---------+
       Total:                     2080    888       0      
                                                           
    C:\ti\ccsv7\tools\compiler\ti-cgt-arm_16.9.4.LTS\lib\rtsv7M4_T_le_v4SPD16_eabi.lib
       memcpy_t2.obj              156     0         0      
       memset_t2.obj              122     0         0      
       autoinit.obj               112     0         0      
       copy_decompress_lzss.obj   104     0         0      
       exit.obj                   84      0         12     
       boot.obj                   84      0         0      
       cpy_tbl.obj                76      0         0      
       u_divt2.obj                64      0         0      
       memcmp.obj                 36      0         0      
       _lock.obj                  20      0         8      
       args_main.obj              24      0         0      
       strlen.obj                 20      0         0      
       copy_decompress_none.obj   14      0         0      
       copy_zero_init.obj         12      0         0      
       pre_init.obj               4       0         0      
       stkdepth_vars.obj          0       0         4      
       i_div0.obj                 2       0         0      
       mpu_init.obj               2       0         0      
       startup.obj                2       0         0      
    +--+--------------------------+-------+---------+---------+
       Total:                     938     0         24     
                                                           
       Stack:                     0       0         2048   
       Linker Generated:          0       97        0      
    +--+--------------------------+-------+---------+---------+
       Grand Total:               30296   1633      101182 


LINKER GENERATED COPY TABLES

__TI_cinit_table @ 00007cd0 records: 2, size/record: 8, table size: 16
	.data: load addr=00007c78, load size=0000003d bytes, run addr=20018ab8, run size=0000008c bytes, compression=lzss
	.bss: load addr=00007cc8, load size=00000008 bytes, run addr=20000000, run size=000182b6 bytes, compression=zero_init


LINKER GENERATED HANDLER TABLE

__TI_handler_table @ 00007cb8 records: 3, size/record: 4, table size: 12
	index: 0, handler: __TI_decompress_lzss
	index: 1, handler: __TI_decompress_none
	index: 2, handler: __TI_zero_init


GLOBAL SYMBOLS: SORTED ALPHABETICALLY BY Name 

address   name                           
-------   ----                           
00005ff1  C$$EXIT                        
0000777f  CPUcpsie                       
00006a95  DisplayIPAddress               
00007379  EMACAddrGet                    
00006cc5  EMACConfigGet                  
00006acd  EMACConfigSet                  
000076e1  EMACFrameFilterSet             
00005241  EMACInit                       
00006cf9  EMACIntClear                   
00006a59  EMACIntEnable                  
00006f1f  EMACIntStatus                  
00005d41  EMACPHYConfigSet               
000070c9  EMACPHYRead                    
000070ef  EMACPHYWrite                   
00007549  EMACReset                      
00007807  EMACRxDMADescriptorListSet     
0000755f  EMACRxEnable                   
0000780d  EMACTimestampIntStatus         
00007813  EMACTxDMADescriptorListSet     
000077f7  EMACTxDMAPollDemand            
00007575  EMACTxEnable                   
000075e5  FlashUserGet                   
00006fd1  GPIODirModeSet                 
00002e67  GPIOPadConfigSet               
00007819  GPIOPinRead                    
00007685  GPIOPinTypeEthernetLED         
00007471  GPIOPinTypeGPIOOutput          
0000781f  GPIOPinWrite                   
0000401d  InitDMADescriptors             
000055d1  IntEnable                      
000076f1  IntMasterEnable                
00007161  IntPrioritySet                 
00006b05  LocatorAppTitleSet             
00005ea1  LocatorInit                    
00007259  LocatorMACAddrSet              
00001b4d  PinoutSet                      
00007825  ResetISR                       
UNDEFED   SHT$$INIT_ARRAY$$Base          
UNDEFED   SHT$$INIT_ARRAY$$Limit         
00001d65  SysCtlClockFreqSet             
0000782b  SysCtlDelay                    
0000778d  SysCtlMOSCConfigSet            
00006b3d  SysCtlPeripheralReady          
000061e5  SysCtlPeripheralReset          
000075f9  SysTickEnable                  
0000760d  SysTickIntEnable               
00007831  SysTickIntHandler              
00007701  SysTickPeriodSet               
00005b71  UARTStdioConfig                
00007409  UARTprintf                     
00001f51  UARTvprintf                    
000065d9  UARTwrite                      
20018ab8  __STACK_END                    
00000800  __STACK_SIZE                   
20018ab8  __STACK_TOP                    
00007cd0  __TI_CINIT_Base                
00007ce0  __TI_CINIT_Limit               
00007cb8  __TI_Handler_Table_Base        
00007cc4  __TI_Handler_Table_Limit       
00005419  __TI_auto_init                 
20018b10  __TI_cleanup_ptr               
00005639  __TI_decompress_lzss           
00007771  __TI_decompress_none           
20018b14  __TI_dtors_ptr                 
20018b18  __TI_enable_exit_profile_output
ffffffff  __TI_pprof_out_hndl            
ffffffff  __TI_prof_data_size            
ffffffff  __TI_prof_data_start           
00000000  __TI_static_base__             
000077a5  __TI_zero_init                 
00004d57  __aeabi_idiv0                  
000051c5  __aeabi_memclr                 
000051c5  __aeabi_memclr4                
000051c5  __aeabi_memclr8                
000047c5  __aeabi_memcpy                 
000047c5  __aeabi_memcpy4                
000047c5  __aeabi_memcpy8                
000051c7  __aeabi_memset                 
000051c7  __aeabi_memset4                
000051c7  __aeabi_memset8                
00006961  __aeabi_uidiv                  
00006961  __aeabi_uidivmod               
ffffffff  __binit__                      
ffffffff  __c_args__                     
0000523f  __mpu_init                     
200182b8  __stack                        
00007501  _args_main                     
00005f9d  _c_int00                       
20018b28  _lock                          
0000762f  _nop                           
00007627  _register_lock                 
00007621  _register_unlock               
00005b6f  _system_post_cinit             
0000785b  _system_pre_init               
20018b2c  _unlock                        
00005ff5  abort                          
00004cd5  autoip_arp_reply               
00007423  autoip_network_changed         
00005d99  autoip_start                   
00007711  autoip_stop                    
00003b51  autoip_tmr                     
ffffffff  binit                          
20018b36  connection_flag                
000064a9  copy_in                        
20018268  current_header                 
2001826c  current_iphdr_dest             
20018270  current_iphdr_src              
20018274  current_netif                  
0000743d  dhcp_arp_reply                 
00006a1d  dhcp_coarse_tmr                
00006b75  dhcp_fine_tmr                  
00006859  dhcp_network_changed           
0000467d  dhcp_release                   
00004dd9  dhcp_renew                     
2001825c  dhcp_rx_options_given          
20018204  dhcp_rx_options_val            
0000452d  dhcp_start                     
00006be5  dhcp_stop                      
00007079  etharp_cleanup_netif           
000030bd  etharp_output                  
000031d9  etharp_query                   
0000399d  etharp_raw                     
00006fa5  etharp_request                 
00006921  etharp_tmr                     
00007c5f  ethbroadcast                   
00004481  ethernet_input                 
00007c65  ethzero                        
00005ffd  exit                           
20018af0  g_RxDescList                   
20018b00  g_TxDescList                   
20017e20  g_pRxDescriptors               
20017ac0  g_pTxDescriptors               
20018278  g_pfnTimerHandler              
00000000  g_pfnVectors                   
2001827c  g_ui32AbnormalInts             
20018280  g_ui32IPAddress                
20018abc  g_ui32LocalTimer               
20018284  g_ui32NormalInts               
20018288  g_ui32SysClock                 
000077ff  icmp_dest_unreach              
0000266d  icmp_input                     
00007731  inet_chksum                    
00006373  inet_chksum_pbuf               
00006dfd  ip4_addr_isbroadcast           
00007c6c  ip_addr_any                    
00007c70  ip_addr_broadcast              
0000213d  ip_input                       
00006669  ip_output                      
00004721  ip_output_if                   
00006235  ip_route                       
00005bd1  lwIPEthernetIntHandler         
000035f9  lwIPHostTimerHandler           
000036ed  lwIPInit                       
000073b5  lwIPLocalIPAddrGet             
000072f9  lwIPTimer                      
00007457  lwip_htonl                     
000077b1  lwip_htons                     
00007741  lwip_init                      
00007457  lwip_ntohl                     
000077b1  lwip_ntohs                     
20017f40  lwip_stats                     
000027f1  main                           
20018b40  main_func_sp                   
000059e1  mem_free                       
00005c2d  mem_init                       
00003501  mem_malloc                     
000037d5  mem_trim                       
000071cd  memcmp                         
000047c5  memcpy                         
00006c1d  memp_free                      
00005565  memp_init                      
00005df1  memp_malloc                    
000051cd  memset                         
00005f49  netif_add                      
2001828c  netif_default                  
20018290  netif_list                     
000073d1  netif_set_addr                 
000077bd  netif_set_default              
00007397  netif_set_down                 
000077c9  netif_set_gw                   
00005771  netif_set_ipaddr               
000076a9  netif_set_link_down            
000069a1  netif_set_link_up              
000077d5  netif_set_netmask              
000071a9  netif_set_up                   
00002d2d  pbuf_alloc                     
00007025  pbuf_cat                       
00007751  pbuf_chain                     
000076bb  pbuf_clen                      
00004995  pbuf_copy                      
000057d9  pbuf_copy_partial              
000063c1  pbuf_free                      
200182b4  pbuf_free_ooseq_pending        
00005b0d  pbuf_header                    
00005ce5  pbuf_realloc                   
000075cd  pbuf_ref                       
0000645d  pbuf_take                      
20000000  ram_heap                       
000053a5  raw_input                      
20018b34  receive_flag                   
20018b35  send_flag                      
00007635  strlen                         
00007761  sys_arch_protect               
00007649  sys_arch_unprotect             
000077e1  sys_now                        
00005841  sys_timeout                    
00006285  sys_timeouts_init              
00004a29  tcp_abandon                    
00007837  tcp_abort                      
0000785f  tcp_accept                     
20018294  tcp_active_pcbs                
200182b5  tcp_active_pcbs_changed        
00003c25  tcp_alloc                      
00007863  tcp_arg                        
00007c28  tcp_backoff                    
00005051  tcp_bind                       
20018298  tcp_bound_pcbs                 
0000765d  tcp_close                      
00007319  tcp_eff_send_mss               
000045d5  tcp_enqueue_flags              
00007843  tcp_err                        
00005489  tcp_fasttmr                    
000009c1  tcp_input                      
2001829c  tcp_input_pcb                  
00006815  tcp_keepalive                  
200182a0  tcp_listen_pcbs                
00004861  tcp_listen_with_backlog        
00007849  tcp_new                        
00007519  tcp_next_iss                   
000024dd  tcp_output                     
00007c18  tcp_pcb_lists                  
000068dd  tcp_pcb_purge                  
00005c89  tcp_pcb_remove                 
00007c58  tcp_persist_backoff            
000077ed  tcp_poll                       
00005911  tcp_process_refused_data       
0000784f  tcp_recv                       
0000713b  tcp_recv_null                  
00006e2f  tcp_recved                     
00005e49  tcp_rexmit                     
000066f9  tcp_rexmit_fast                
00006ef1  tcp_rexmit_rto                 
000050cd  tcp_rst                        
000071f1  tcp_seg_copy                   
00007531  tcp_seg_free                   
000076cd  tcp_segs_free                  
00006789  tcp_send_empty_ack             
000067cf  tcp_send_fin                   
00007867  tcp_sent                       
00005aa9  tcp_server_accept              
000069df  tcp_server_connection_close    
000070a1  tcp_server_error               
00007237  tcp_server_poll                
00003a79  tcp_server_recv                
200172f0  tcp_server_recvbuf             
20018b30  tcp_server_sendbuf             
0000613f  tcp_server_senddata            
00007671  tcp_server_sent                
00006099  tcp_server_test                
0000786b  tcp_setprio                    
0000140d  tcp_slowtmr                    
200182a4  tcp_ticks                      
00006d95  tcp_timer_needed               
200182a8  tcp_tmp_pcb                    
00007339  tcp_tmr                        
200182ac  tcp_tw_pcbs                    
00006e91  tcp_update_rcv_ann_wnd         
00001121  tcp_write                      
00004ab9  tcp_zero_window_probe          
00006dc9  tivaif_init                    
000064f5  tivaif_interrupt               
00005149  tivaif_process_phy_interrupt   
00005979  udp_bind                       
00006541  udp_connect                    
00002319  udp_input                      
000073ed  udp_new                        
200182b0  udp_pcbs                       
00007855  udp_recv                       
00006ec1  udp_remove                     
00006c8d  udp_sendto                     
00003f55  udp_sendto_if                  
00007359  usprintf                       
0000704f  ustrncpy                       
000016d5  uvsnprintf                     


GLOBAL SYMBOLS: SORTED BY Symbol Address 

address   name                           
-------   ----                           
00000000  __TI_static_base__             
00000000  g_pfnVectors                   
00000800  __STACK_SIZE                   
000009c1  tcp_input                      
00001121  tcp_write                      
0000140d  tcp_slowtmr                    
000016d5  uvsnprintf                     
00001b4d  PinoutSet                      
00001d65  SysCtlClockFreqSet             
00001f51  UARTvprintf                    
0000213d  ip_input                       
00002319  udp_input                      
000024dd  tcp_output                     
0000266d  icmp_input                     
000027f1  main                           
00002d2d  pbuf_alloc                     
00002e67  GPIOPadConfigSet               
000030bd  etharp_output                  
000031d9  etharp_query                   
00003501  mem_malloc                     
000035f9  lwIPHostTimerHandler           
000036ed  lwIPInit                       
000037d5  mem_trim                       
0000399d  etharp_raw                     
00003a79  tcp_server_recv                
00003b51  autoip_tmr                     
00003c25  tcp_alloc                      
00003f55  udp_sendto_if                  
0000401d  InitDMADescriptors             
00004481  ethernet_input                 
0000452d  dhcp_start                     
000045d5  tcp_enqueue_flags              
0000467d  dhcp_release                   
00004721  ip_output_if                   
000047c5  __aeabi_memcpy                 
000047c5  __aeabi_memcpy4                
000047c5  __aeabi_memcpy8                
000047c5  memcpy                         
00004861  tcp_listen_with_backlog        
00004995  pbuf_copy                      
00004a29  tcp_abandon                    
00004ab9  tcp_zero_window_probe          
00004cd5  autoip_arp_reply               
00004d57  __aeabi_idiv0                  
00004dd9  dhcp_renew                     
00005051  tcp_bind                       
000050cd  tcp_rst                        
00005149  tivaif_process_phy_interrupt   
000051c5  __aeabi_memclr                 
000051c5  __aeabi_memclr4                
000051c5  __aeabi_memclr8                
000051c7  __aeabi_memset                 
000051c7  __aeabi_memset4                
000051c7  __aeabi_memset8                
000051cd  memset                         
0000523f  __mpu_init                     
00005241  EMACInit                       
000053a5  raw_input                      
00005419  __TI_auto_init                 
00005489  tcp_fasttmr                    
00005565  memp_init                      
000055d1  IntEnable                      
00005639  __TI_decompress_lzss           
00005771  netif_set_ipaddr               
000057d9  pbuf_copy_partial              
00005841  sys_timeout                    
00005911  tcp_process_refused_data       
00005979  udp_bind                       
000059e1  mem_free                       
00005aa9  tcp_server_accept              
00005b0d  pbuf_header                    
00005b6f  _system_post_cinit             
00005b71  UARTStdioConfig                
00005bd1  lwIPEthernetIntHandler         
00005c2d  mem_init                       
00005c89  tcp_pcb_remove                 
00005ce5  pbuf_realloc                   
00005d41  EMACPHYConfigSet               
00005d99  autoip_start                   
00005df1  memp_malloc                    
00005e49  tcp_rexmit                     
00005ea1  LocatorInit                    
00005f49  netif_add                      
00005f9d  _c_int00                       
00005ff1  C$$EXIT                        
00005ff5  abort                          
00005ffd  exit                           
00006099  tcp_server_test                
0000613f  tcp_server_senddata            
000061e5  SysCtlPeripheralReset          
00006235  ip_route                       
00006285  sys_timeouts_init              
00006373  inet_chksum_pbuf               
000063c1  pbuf_free                      
0000645d  pbuf_take                      
000064a9  copy_in                        
000064f5  tivaif_interrupt               
00006541  udp_connect                    
000065d9  UARTwrite                      
00006669  ip_output                      
000066f9  tcp_rexmit_fast                
00006789  tcp_send_empty_ack             
000067cf  tcp_send_fin                   
00006815  tcp_keepalive                  
00006859  dhcp_network_changed           
000068dd  tcp_pcb_purge                  
00006921  etharp_tmr                     
00006961  __aeabi_uidiv                  
00006961  __aeabi_uidivmod               
000069a1  netif_set_link_up              
000069df  tcp_server_connection_close    
00006a1d  dhcp_coarse_tmr                
00006a59  EMACIntEnable                  
00006a95  DisplayIPAddress               
00006acd  EMACConfigSet                  
00006b05  LocatorAppTitleSet             
00006b3d  SysCtlPeripheralReady          
00006b75  dhcp_fine_tmr                  
00006be5  dhcp_stop                      
00006c1d  memp_free                      
00006c8d  udp_sendto                     
00006cc5  EMACConfigGet                  
00006cf9  EMACIntClear                   
00006d95  tcp_timer_needed               
00006dc9  tivaif_init                    
00006dfd  ip4_addr_isbroadcast           
00006e2f  tcp_recved                     
00006e91  tcp_update_rcv_ann_wnd         
00006ec1  udp_remove                     
00006ef1  tcp_rexmit_rto                 
00006f1f  EMACIntStatus                  
00006fa5  etharp_request                 
00006fd1  GPIODirModeSet                 
00007025  pbuf_cat                       
0000704f  ustrncpy                       
00007079  etharp_cleanup_netif           
000070a1  tcp_server_error               
000070c9  EMACPHYRead                    
000070ef  EMACPHYWrite                   
0000713b  tcp_recv_null                  
00007161  IntPrioritySet                 
000071a9  netif_set_up                   
000071cd  memcmp                         
000071f1  tcp_seg_copy                   
00007237  tcp_server_poll                
00007259  LocatorMACAddrSet              
000072f9  lwIPTimer                      
00007319  tcp_eff_send_mss               
00007339  tcp_tmr                        
00007359  usprintf                       
00007379  EMACAddrGet                    
00007397  netif_set_down                 
000073b5  lwIPLocalIPAddrGet             
000073d1  netif_set_addr                 
000073ed  udp_new                        
00007409  UARTprintf                     
00007423  autoip_network_changed         
0000743d  dhcp_arp_reply                 
00007457  lwip_htonl                     
00007457  lwip_ntohl                     
00007471  GPIOPinTypeGPIOOutput          
00007501  _args_main                     
00007519  tcp_next_iss                   
00007531  tcp_seg_free                   
00007549  EMACReset                      
0000755f  EMACRxEnable                   
00007575  EMACTxEnable                   
000075cd  pbuf_ref                       
000075e5  FlashUserGet                   
000075f9  SysTickEnable                  
0000760d  SysTickIntEnable               
00007621  _register_unlock               
00007627  _register_lock                 
0000762f  _nop                           
00007635  strlen                         
00007649  sys_arch_unprotect             
0000765d  tcp_close                      
00007671  tcp_server_sent                
00007685  GPIOPinTypeEthernetLED         
000076a9  netif_set_link_down            
000076bb  pbuf_clen                      
000076cd  tcp_segs_free                  
000076e1  EMACFrameFilterSet             
000076f1  IntMasterEnable                
00007701  SysTickPeriodSet               
00007711  autoip_stop                    
00007731  inet_chksum                    
00007741  lwip_init                      
00007751  pbuf_chain                     
00007761  sys_arch_protect               
00007771  __TI_decompress_none           
0000777f  CPUcpsie                       
0000778d  SysCtlMOSCConfigSet            
000077a5  __TI_zero_init                 
000077b1  lwip_htons                     
000077b1  lwip_ntohs                     
000077bd  netif_set_default              
000077c9  netif_set_gw                   
000077d5  netif_set_netmask              
000077e1  sys_now                        
000077ed  tcp_poll                       
000077f7  EMACTxDMAPollDemand            
000077ff  icmp_dest_unreach              
00007807  EMACRxDMADescriptorListSet     
0000780d  EMACTimestampIntStatus         
00007813  EMACTxDMADescriptorListSet     
00007819  GPIOPinRead                    
0000781f  GPIOPinWrite                   
00007825  ResetISR                       
0000782b  SysCtlDelay                    
00007831  SysTickIntHandler              
00007837  tcp_abort                      
00007843  tcp_err                        
00007849  tcp_new                        
0000784f  tcp_recv                       
00007855  udp_recv                       
0000785b  _system_pre_init               
0000785f  tcp_accept                     
00007863  tcp_arg                        
00007867  tcp_sent                       
0000786b  tcp_setprio                    
00007c18  tcp_pcb_lists                  
00007c28  tcp_backoff                    
00007c58  tcp_persist_backoff            
00007c5f  ethbroadcast                   
00007c65  ethzero                        
00007c6c  ip_addr_any                    
00007c70  ip_addr_broadcast              
00007cb8  __TI_Handler_Table_Base        
00007cc4  __TI_Handler_Table_Limit       
00007cd0  __TI_CINIT_Base                
00007ce0  __TI_CINIT_Limit               
20000000  ram_heap                       
200172f0  tcp_server_recvbuf             
20017ac0  g_pTxDescriptors               
20017e20  g_pRxDescriptors               
20017f40  lwip_stats                     
20018204  dhcp_rx_options_val            
2001825c  dhcp_rx_options_given          
20018268  current_header                 
2001826c  current_iphdr_dest             
20018270  current_iphdr_src              
20018274  current_netif                  
20018278  g_pfnTimerHandler              
2001827c  g_ui32AbnormalInts             
20018280  g_ui32IPAddress                
20018284  g_ui32NormalInts               
20018288  g_ui32SysClock                 
2001828c  netif_default                  
20018290  netif_list                     
20018294  tcp_active_pcbs                
20018298  tcp_bound_pcbs                 
2001829c  tcp_input_pcb                  
200182a0  tcp_listen_pcbs                
200182a4  tcp_ticks                      
200182a8  tcp_tmp_pcb                    
200182ac  tcp_tw_pcbs                    
200182b0  udp_pcbs                       
200182b4  pbuf_free_ooseq_pending        
200182b5  tcp_active_pcbs_changed        
200182b8  __stack                        
20018ab8  __STACK_END                    
20018ab8  __STACK_TOP                    
20018abc  g_ui32LocalTimer               
20018af0  g_RxDescList                   
20018b00  g_TxDescList                   
20018b10  __TI_cleanup_ptr               
20018b14  __TI_dtors_ptr                 
20018b18  __TI_enable_exit_profile_output
20018b28  _lock                          
20018b2c  _unlock                        
20018b30  tcp_server_sendbuf             
20018b34  receive_flag                   
20018b35  send_flag                      
20018b36  connection_flag                
20018b40  main_func_sp                   
ffffffff  __TI_pprof_out_hndl            
ffffffff  __TI_prof_data_size            
ffffffff  __TI_prof_data_start           
ffffffff  __binit__                      
ffffffff  __c_args__                     
ffffffff  binit                          
UNDEFED   SHT$$INIT_ARRAY$$Base          
UNDEFED   SHT$$INIT_ARRAY$$Limit         

[284 symbols]
