Component: ARM Compiler 5.05 update 1 (build 106) Tool: armlink [4d0efa]

==============================================================================

Section Cross References

    main.o(.text) refers to _printf_percent.o(.ARM.Collect$$_printf_percent$$00000000) for _printf_percent
    main.o(.text) refers to _printf_d.o(.ARM.Collect$$_printf_percent$$00000009) for _printf_d
    main.o(.text) refers to _printf_dec.o(.text) for _printf_int_dec
    main.o(.text) refers to lcd.o(.text) for LCD_Fill
    main.o(.text) refers to noretval__2sprintf.o(.text) for __2sprintf
    main.o(.text) refers to dm9000.o(.text) for DM9000_Get_SpeedAndDuplex
    main.o(.text) refers to delay.o(.text) for delay_init
    main.o(.text) refers to misc.o(.text) for NVIC_PriorityGroupConfig
    main.o(.text) refers to usart.o(.text) for uart_init
    main.o(.text) refers to led.o(.text) for LED_Init
    main.o(.text) refers to key.o(.text) for KEY_Init
    main.o(.text) refers to timer.o(.text) for TIM3_Int_Init
    main.o(.text) refers to sram.o(.text) for FSMC_SRAM_Init
    main.o(.text) refers to malloc.o(.text) for my_mem_init
    main.o(.text) refers to lwip_comm.o(.text) for lwip_comm_init
    main.o(.text) refers to tcp_server_demo.o(.text) for tcp_server_test
    main.o(.text) refers to noretval__2printf.o(.text) for __2printf
    main.o(.text) refers to lcd.o(.data) for POINT_COLOR
    main.o(.text) refers to lcd.o(.bss) for lcddev
    main.o(.text) refers to lwip_comm.o(.bss) for lwipdev
    main.o(.text) refers to usmart_config.o(.data) for usmart_dev
    main.o(.text) refers to tcp_server_demo.o(.data) for tcp_server_flag
    system_stm32f10x.o(.text) refers to system_stm32f10x.o(.data) for SystemCoreClock
    startup_stm32f10x_hd.o(STACK) refers (Special) to heapauxi.o(.text) for __use_two_region_memory
    startup_stm32f10x_hd.o(HEAP) refers (Special) to heapauxi.o(.text) for __use_two_region_memory
    startup_stm32f10x_hd.o(RESET) refers (Special) to heapauxi.o(.text) for __use_two_region_memory
    startup_stm32f10x_hd.o(RESET) refers to startup_stm32f10x_hd.o(STACK) for __initial_sp
    startup_stm32f10x_hd.o(RESET) refers to startup_stm32f10x_hd.o(.text) for Reset_Handler
    startup_stm32f10x_hd.o(RESET) refers to stm32f10x_it.o(.text) for NMI_Handler
    startup_stm32f10x_hd.o(RESET) refers to dm9000.o(.text) for EXTI9_5_IRQHandler
    startup_stm32f10x_hd.o(RESET) refers to usmart.o(.text) for TIM2_IRQHandler
    startup_stm32f10x_hd.o(RESET) refers to timer.o(.text) for TIM3_IRQHandler
    startup_stm32f10x_hd.o(RESET) refers to usart.o(.text) for USART1_IRQHandler
    startup_stm32f10x_hd.o(.text) refers (Special) to heapauxi.o(.text) for __use_two_region_memory
    startup_stm32f10x_hd.o(.text) refers to system_stm32f10x.o(.text) for SystemInit
    startup_stm32f10x_hd.o(.text) refers to __main.o(!!!main) for __main
    startup_stm32f10x_hd.o(.text) refers to startup_stm32f10x_hd.o(HEAP) for Heap_Mem
    startup_stm32f10x_hd.o(.text) refers to startup_stm32f10x_hd.o(STACK) for Stack_Mem
    delay.o(.text) refers to misc.o(.text) for SysTick_CLKSourceConfig
    delay.o(.text) refers to system_stm32f10x.o(.data) for SystemCoreClock
    delay.o(.text) refers to delay.o(.data) for fac_us
    usart.o(.text) refers (Special) to use_no_semi_2.o(.text) for __use_no_semihosting
    usart.o(.text) refers to stm32f10x_rcc.o(.text) for RCC_APB2PeriphClockCmd
    usart.o(.text) refers to stm32f10x_gpio.o(.text) for GPIO_Init
    usart.o(.text) refers to misc.o(.text) for NVIC_Init
    usart.o(.text) refers to stm32f10x_usart.o(.text) for USART_Init
    usart.o(.text) refers to usart.o(.data) for USART_RX_STA
    usart.o(.text) refers to usart.o(.bss) for USART_RX_BUF
    usart.o(.bss) refers (Special) to use_no_semi_2.o(.text) for __use_no_semihosting
    usart.o(.data) refers (Special) to use_no_semi_2.o(.text) for __use_no_semihosting
    key.o(.text) refers to stm32f10x_rcc.o(.text) for RCC_APB2PeriphClockCmd
    key.o(.text) refers to stm32f10x_gpio.o(.text) for GPIO_Init
    key.o(.text) refers to delay.o(.text) for delay_ms
    key.o(.text) refers to key.o(.data) for key_up
    lcd.o(.text) refers to _printf_percent.o(.ARM.Collect$$_printf_percent$$00000000) for _printf_percent
    lcd.o(.text) refers to _printf_x.o(.ARM.Collect$$_printf_percent$$0000000C) for _printf_x
    lcd.o(.text) refers to _printf_hex_int.o(.text) for _printf_longlong_hex
    lcd.o(.text) refers to delay.o(.text) for delay_us
    lcd.o(.text) refers to lcd.o(.bss) for lcddev
    lcd.o(.text) refers to lcd.o(.data) for POINT_COLOR
    lcd.o(.text) refers to dflt_clz.o(x$fpl$dfltu) for __aeabi_ui2d
    lcd.o(.text) refers to dmul.o(x$fpl$dmul) for __aeabi_dmul
    lcd.o(.text) refers to dfixu.o(x$fpl$dfixu) for __aeabi_d2uiz
    lcd.o(.text) refers to stm32f10x_rcc.o(.text) for RCC_AHBPeriphClockCmd
    lcd.o(.text) refers to stm32f10x_gpio.o(.text) for GPIO_Init
    lcd.o(.text) refers to stm32f10x_fsmc.o(.text) for FSMC_NORSRAMInit
[...]
    __rt_lib_init_rand_1                     0x08000209   Thumb Code     0  libinit2.o(.ARM.Collect$$libinit$$0000000E)
    __rt_lib_init_return                     0x08000209   Thumb Code     0  libinit2.o(.ARM.Collect$$libinit$$00000033)
    __rt_lib_init_signal_1                   0x08000209   Thumb Code     0  libinit2.o(.ARM.Collect$$libinit$$0000001D)
    __rt_lib_init_stdio_1                    0x08000209   Thumb Code     0  libinit2.o(.ARM.Collect$$libinit$$00000025)
    __rt_lib_init_user_alloc_1               0x08000209   Thumb Code     0  libinit2.o(.ARM.Collect$$libinit$$0000000C)
    __rt_lib_shutdown                        0x0800020b   Thumb Code     0  libshutdown.o(.ARM.Collect$$libshutdown$$00000000)
    __rt_lib_shutdown_fp_trap_1              0x0800020d   Thumb Code     0  libshutdown2.o(.ARM.Collect$$libshutdown$$00000006)
    __rt_lib_shutdown_heap_1                 0x0800020d   Thumb Code     0  libshutdown2.o(.ARM.Collect$$libshutdown$$0000000E)
    __rt_lib_shutdown_return                 0x0800020d   Thumb Code     0  libshutdown2.o(.ARM.Collect$$libshutdown$$0000000F)
    __rt_lib_shutdown_signal_1               0x0800020d   Thumb Code     0  libshutdown2.o(.ARM.Collect$$libshutdown$$00000009)
    __rt_lib_shutdown_stdio_1                0x0800020d   Thumb Code     0  libshutdown2.o(.ARM.Collect$$libshutdown$$00000003)
    __rt_lib_shutdown_user_alloc_1           0x0800020d   Thumb Code     0  libshutdown2.o(.ARM.Collect$$libshutdown$$0000000B)
    __rt_entry                               0x0800020f   Thumb Code     0  __rtentry.o(.ARM.Collect$$rtentry$$00000000)
    __rt_entry_presh_1                       0x0800020f   Thumb Code     0  __rtentry2.o(.ARM.Collect$$rtentry$$00000002)
    __rt_entry_sh                            0x0800020f   Thumb Code     0  __rtentry4.o(.ARM.Collect$$rtentry$$00000004)
    __rt_entry_li                            0x08000215   Thumb Code     0  __rtentry2.o(.ARM.Collect$$rtentry$$0000000A)
    __rt_entry_postsh_1                      0x08000215   Thumb Code     0  __rtentry2.o(.ARM.Collect$$rtentry$$00000009)
    __rt_entry_main                          0x08000219   Thumb Code     0  __rtentry2.o(.ARM.Collect$$rtentry$$0000000D)
    __rt_entry_postli_1                      0x08000219   Thumb Code     0  __rtentry2.o(.ARM.Collect$$rtentry$$0000000C)
    __rt_exit                                0x08000221   Thumb Code     0  rtexit.o(.ARM.Collect$$rtexit$$00000000)
    __rt_exit_ls                             0x08000223   Thumb Code     0  rtexit2.o(.ARM.Collect$$rtexit$$00000003)
    __rt_exit_prels_1                        0x08000223   Thumb Code     0  rtexit2.o(.ARM.Collect$$rtexit$$00000002)
    __rt_exit_exit                           0x08000227   Thumb Code     0  rtexit2.o(.ARM.Collect$$rtexit$$00000004)
    lwip_test_ui                             0x0800022d   Thumb Code   350  main.o(.text)
    main                                     0x0800038b   Thumb Code   296  main.o(.text)
    NMI_Handler                              0x080005fd   Thumb Code     2  stm32f10x_it.o(.text)
    HardFault_Handler                        0x080005ff   Thumb Code     4  stm32f10x_it.o(.text)
    MemManage_Handler                        0x08000603   Thumb Code     4  stm32f10x_it.o(.text)
    BusFault_Handler                         0x08000607   Thumb Code     4  stm32f10x_it.o(.text)
    UsageFault_Handler                       0x0800060b   Thumb Code     4  stm32f10x_it.o(.text)
    SVC_Handler                              0x0800060f   Thumb Code     2  stm32f10x_it.o(.text)
    DebugMon_Handler                         0x08000611   Thumb Code     2  stm32f10x_it.o(.text)
    PendSV_Handler                           0x08000613   Thumb Code     2  stm32f10x_it.o(.text)
    SysTick_Handler                          0x08000615   Thumb Code     2  stm32f10x_it.o(.text)
    SystemInit                               0x080006f7   Thumb Code    78  system_stm32f10x.o(.text)
    SystemCoreClockUpdate                    0x08000745   Thumb Code   142  system_stm32f10x.o(.text)
    Reset_Handler                            0x080007f9   Thumb Code     8  startup_stm32f10x_hd.o(.text)
    ADC1_2_IRQHandler                        0x08000813   Thumb Code     0  startup_stm32f10x_hd.o(.text)
    ADC3_IRQHandler                          0x08000813   Thumb Code     0  startup_stm32f10x_hd.o(.text)
    CAN1_RX1_IRQHandler                      0x08000813   Thumb Code     0  startup_stm32f10x_hd.o(.text)
    CAN1_SCE_IRQHandler                      0x08000813   Thumb Code     0  startup_stm32f10x_hd.o(.text)
    DMA1_Channel1_IRQHandler                 0x08000813   Thumb Code     0  startup_stm32f10x_hd.o(.text)
    DMA1_Channel2_IRQHandler                 0x08000813   Thumb Code     0  startup_stm32f10x_hd.o(.text)
    DMA1_Channel3_IRQHandler                 0x08000813   Thumb Code     0  startup_stm32f10x_hd.o(.text)
    DMA1_Channel4_IRQHandler                 0x08000813   Thumb Code     0  startup_stm32f10x_hd.o(.text)
    DMA1_Channel5_IRQHandler                 0x08000813   Thumb Code     0  startup_stm32f10x_hd.o(.text)
    DMA1_Channel6_IRQHandler                 0x08000813   Thumb Code     0  startup_stm32f10x_hd.o(.text)
    DMA1_Channel7_IRQHandler                 0x08000813   Thumb Code     0  startup_stm32f10x_hd.o(.text)
    DMA2_Channel1_IRQHandler                 0x08000813   Thumb Code     0  startup_stm32f10x_hd.o(.text)
    DMA2_Channel2_IRQHandler                 0x08000813   Thumb Code     0  startup_stm32f10x_hd.o(.text)
    DMA2_Channel3_IRQHandler                 0x08000813   Thumb Code     0  startup_stm32f10x_hd.o(.text)
    DMA2_Channel4_5_IRQHandler               0x08000813   Thumb Code     0  startup_stm32f10x_hd.o(.text)
    EXTI0_IRQHandler                         0x08000813   Thumb Code     0  startup_stm32f10x_hd.o(.text)
    EXTI15_10_IRQHandler                     0x08000813   Thumb Code     0  startup_stm32f10x_hd.o(.text)
    EXTI1_IRQHandler                         0x08000813   Thumb Code     0  startup_stm32f10x_hd.o(.text)
    EXTI2_IRQHandler                         0x08000813   Thumb Code     0  startup_stm32f10x_hd.o(.text)
    EXTI3_IRQHandler                         0x08000813   Thumb Code     0  startup_stm32f10x_hd.o(.text)
    EXTI4_IRQHandler                         0x08000813   Thumb Code     0  startup_stm32f10x_hd.o(.text)
    FLASH_IRQHandler                         0x08000813   Thumb Code     0  startup_stm32f10x_hd.o(.text)
    FSMC_IRQHandler                          0x08000813   Thumb Code     0  startup_stm32f10x_hd.o(.text)
    I2C1_ER_IRQHandler                       0x08000813   Thumb Code     0  startup_stm32f10x_hd.o(.text)
    I2C1_EV_IRQHandler                       0x08000813   Thumb Code     0  startup_stm32f10x_hd.o(.text)
    I2C2_ER_IRQHandler                       0x08000813   Thumb Code     0  startup_stm32f10x_hd.o(.text)
    I2C2_EV_IRQHandler                       0x08000813   Thumb Code     0  startup_stm32f10x_hd.o(.text)
    PVD_IRQHandler                           0x08000813   Thumb Code     0  startup_stm32f10x_hd.o(.text)
    RCC_IRQHandler                           0x08000813   Thumb Code     0  startup_stm32f10x_hd.o(.text)
    RTCAlarm_IRQHandler                      0x08000813   Thumb Code     0  startup_stm32f10x_hd.o(.text)
    RTC_IRQHandler                           0x08000813   Thumb Code     0  startup_stm32f10x_hd.o(.text)
    SDIO_IRQHandler                          0x08000813   Thumb Code     0  startup_stm32f10x_hd.o(.text)
    SPI1_IRQHandler                          0x08000813   Thumb Code     0  startup_stm32f10x_hd.o(.text)
    SPI2_IRQHandler                          0x08000813   Thumb Code     0  startup_stm32f10x_hd.o(.text)
    SPI3_IRQHandler                          0x08000813   Thumb Code     0  startup_stm32f10x_hd.o(.text)
    TAMPER_IRQHandler                        0x08000813   Thumb Code     0  startup_stm32f10x_hd.o(.text)
    TIM1_BRK_IRQHandler                      0x08000813   Thumb Code     0  startup_stm32f10x_hd.o(.text)
    TIM1_CC_IRQHandler                       0x08000813   Thumb Code     0  startup_stm32f10x_hd.o(.text)
    TIM1_TRG_COM_IRQHandler                  0x08000813   Thumb Code     0  startup_stm32f10x_hd.o(.text)
    TIM1_UP_IRQHandler                       0x08000813   Thumb Code     0  startup_stm32f10x_hd.o(.text)
    TIM4_IRQHandler                          0x08000813   Thumb Code     0  startup_stm32f10x_hd.o(.text)
    TIM5_IRQHandler                          0x08000813   Thumb Code     0  startup_stm32f10x_hd.o(.text)
    TIM6_IRQHandler                          0x08000813   Thumb Code     0  startup_stm32f10x_hd.o(.text)
    TIM7_IRQHandler                          0x08000813   Thumb Code     0  startup_stm32f10x_hd.o(.text)
    TIM8_BRK_IRQHandler                      0x08000813   Thumb Code     0  startup_stm32f10x_hd.o(.text)
    TIM8_CC_IRQHandler                       0x08000813   Thumb Code     0  startup_stm32f10x_hd.o(.text)
    TIM8_TRG_COM_IRQHandler                  0x08000813   Thumb Code     0  startup_stm32f10x_hd.o(.text)
    TIM8_UP_IRQHandler                       0x08000813   Thumb Code     0  startup_stm32f10x_hd.o(.text)
    UART4_IRQHandler                         0x08000813   Thumb Code     0  startup_stm32f10x_hd.o(.text)
    UART5_IRQHandler                         0x08000813   Thumb Code     0  startup_stm32f10x_hd.o(.text)
    USART2_IRQHandler                        0x08000813   Thumb Code     0  startup_stm32f10x_hd.o(.text)
    USART3_IRQHandler                        0x08000813   Thumb Code     0  startup_stm32f10x_hd.o(.text)
    USBWakeUp_IRQHandler                     0x08000813   Thumb Code     0  startup_stm32f10x_hd.o(.text)
    USB_HP_CAN1_TX_IRQHandler                0x08000813   Thumb Code     0  startup_stm32f10x_hd.o(.text)
    USB_LP_CAN1_RX0_IRQHandler               0x08000813   Thumb Code     0  startup_stm32f10x_hd.o(.text)
    WWDG_IRQHandler                          0x08000813   Thumb Code     0  startup_stm32f10x_hd.o(.text)
    __user_initial_stackheap                 0x08000815   Thumb Code     0  startup_stm32f10x_hd.o(.text)
    delay_init                               0x08000839   Thumb Code    50  delay.o(.text)
    delay_us                                 0x0800086b   Thumb Code    72  delay.o(.text)
    delay_ms                                 0x080008b3   Thumb Code    72  delay.o(.text)
    _sys_exit                                0x0800090d   Thumb Code     6  usart.o(.text)
    fputc                                    0x08000913   Thumb Code    24  usart.o(.text)
    uart_init                                0x0800092b   Thumb Code   152  usart.o(.text)
    USART1_IRQHandler                        0x080009c3   Thumb Code   122  usart.o(.text)
    KEY_Init                                 0x08000a4d   Thumb Code    52  key.o(.text)
    KEY_Scan                                 0x08000a81   Thumb Code   188  key.o(.text)
    LCD_WR_REG                               0x08000b49   Thumb Code    18  lcd.o(.text)
    LCD_WR_DATA                              0x08000b5b   Thumb Code    20  lcd.o(.text)
    LCD_RD_DATA                              0x08000b6f   Thumb Code    16  lcd.o(.text)
    LCD_WriteReg                             0x08000b7f   Thumb Code    20  lcd.o(.text)
    LCD_ReadReg                              0x08000b93   Thumb Code    22  lcd.o(.text)
    LCD_WriteRAM_Prepare                     0x08000ba9   Thumb Code    10  lcd.o(.text)
    LCD_WriteRAM                             0x08000bb3   Thumb Code     8  lcd.o(.text)
    LCD_BGR2RGB                              0x08000bbb   Thumb Code    26  lcd.o(.text)
    opt_delay                                0x08000bd5   Thumb Code    14  lcd.o(.text)
    LCD_SetCursor                            0x08000be3   Thumb Code   418  lcd.o(.text)
    LCD_ReadPoint                            0x08000d85   Thumb Code   388  lcd.o(.text)
    LCD_DisplayOn                            0x08000f09   Thumb Code   102  lcd.o(.text)
    LCD_DisplayOff                           0x08000f6f   Thumb Code    90  lcd.o(.text)
    LCD_Scan_Dir                             0x08000fc9   Thumb Code   744  lcd.o(.text)
    LCD_DrawPoint                            0x080012b1   Thumb Code    28  lcd.o(.text)
    LCD_Fast_DrawPoint                       0x080012cd   Thumb Code   384  lcd.o(.text)
    LCD_SSD_BackLightSet                     0x0800144d   Thumb Code    80  lcd.o(.text)
    LCD_Display_Dir                          0x0800149d   Thumb Code   444  lcd.o(.text)
    LCD_Set_Window                           0x08001659   Thumb Code   544  lcd.o(.text)
    LCD_Clear                                0x08001879   Thumb Code   100  lcd.o(.text)
    LCD_Init                                 0x080018dd   Thumb Code 14184  lcd.o(.text)
    LCD_Fill                                 0x08005045   Thumb Code   178  lcd.o(.text)
    LCD_Color_Fill                           0x080050f7   Thumb Code   104  lcd.o(.text)
    LCD_DrawLine                             0x0800515f   Thumb Code   176  lcd.o(.text)
    LCD_DrawRectangle                        0x0800520f   Thumb Code    60  lcd.o(.text)
    LCD_Draw_Circle                          0x0800524b   Thumb Code   152  lcd.o(.text)
    LCD_ShowChar                             0x080052e3   Thumb Code   272  lcd.o(.text)
    LCD_Pow                                  0x080053f3   Thumb Code    22  lcd.o(.text)
    LCD_ShowNum                              0x08005409   Thumb Code   148  lcd.o(.text)
    LCD_ShowxNum                             0x0800549d   Thumb Code   220  lcd.o(.text)
    LCD_ShowString                           0x08005579   Thumb Code   102  lcd.o(.text)
    LED_Init                                 0x080055e1   Thumb Code    68  led.o(.text)
    FSMC_SRAM_Init                           0x0800562d   Thumb Code   182  sram.o(.text)
    FSMC_SRAM_WriteBuffer                    0x080056e3   Thumb Code    24  sram.o(.text)
    FSMC_SRAM_ReadBuffer                     0x080056fb   Thumb Code    22  sram.o(.text)
    fsmc_sram_test_write                     0x08005711   Thumb Code    16  sram.o(.text)
    fsmc_sram_test_read                      0x08005721   Thumb Code    20  sram.o(.text)
    TIM3_Int_Init                            0x08005745   Thumb Code    90  timer.o(.text)
    TIM3_IRQHandler                          0x0800579f   Thumb Code    34  timer.o(.text)
    DM9000_WriteReg                          0x080057c9   Thumb Code    14  dm9000.o(.text)
    DM9000_ReadReg                           0x080057d7   Thumb Code    16  dm9000.o(.text)
    DM9000_PHY_ReadReg                       0x080057e7   Thumb Code    60  dm9000.o(.text)
    DM9000_Get_SpeedAndDuplex                0x08005823   Thumb Code   110  dm9000.o(.text)
    DM9000_Set_Multicast                     0x08005891   Thumb Code    28  dm9000.o(.text)
    DM9000_Set_MACAddress                    0x080058ad   Thumb Code    28  dm9000.o(.text)
    DM9000_PHY_WriteReg                      0x080058c9   Thumb Code    56  dm9000.o(.text)
    DM9000_Set_PHYMode                       0x08005901   Thumb Code    92  dm9000.o(.text)
    DM9000_Get_DeiviceID                     0x0800595d   Thumb Code    44  dm9000.o(.text)
    DM9000_Reset                             0x08005989   Thumb Code   114  dm9000.o(.text)
    DM9000_Init                              0x080059fb   Thumb Code   678  dm9000.o(.text)
    DM9000_SendPacket                        0x08005ca1   Thumb Code   162  dm9000.o(.text)
    DM9000_Receive_Packet                    0x08005d43   Thumb Code   334  dm9000.o(.text)
    DMA9000_ISRHandler                       0x08005e91   Thumb Code    52  dm9000.o(.text)
    EXTI9_5_IRQHandler                       0x08005ec5   Thumb Code    24  dm9000.o(.text)
    NVIC_PriorityGroupConfig                 0x08006005   Thumb Code    10  misc.o(.text)
    NVIC_Init                                0x0800600f   Thumb Code   100  misc.o(.text)
    NVIC_SetVectorTable                      0x08006073   Thumb Code    14  misc.o(.text)
    NVIC_SystemLPConfig                      0x08006081   Thumb Code    34  misc.o(.text)
    SysTick_CLKSourceConfig                  0x080060a3   Thumb Code    40  misc.o(.text)
    FSMC_NORSRAMDeInit                       0x080060e1   Thumb Code    54  stm32f10x_fsmc.o(.text)
    FSMC_NANDDeInit                          0x08006117   Thumb Code    62  stm32f10x_fsmc.o(.text)
    FSMC_PCCARDDeInit                        0x08006155   Thumb Code    36  stm32f10x_fsmc.o(.text)
    FSMC_NORSRAMInit                         0x08006179   Thumb Code   230  stm32f10x_fsmc.o(.text)
    FSMC_NANDInit                            0x0800625f   Thumb Code   132  stm32f10x_fsmc.o(.text)
    FSMC_PCCARDInit                          0x080062e3   Thumb Code   130  stm32f10x_fsmc.o(.text)
    FSMC_NORSRAMStructInit                   0x08006365   Thumb Code   114  stm32f10x_fsmc.o(.text)
    FSMC_NANDStructInit                      0x080063d7   Thumb Code    54  stm32f10x_fsmc.o(.text)
    FSMC_PCCARDStructInit                    0x0800640d   Thumb Code    60  stm32f10x_fsmc.o(.text)
    FSMC_NORSRAMCmd                          0x08006449   Thumb Code    46  stm32f10x_fsmc.o(.text)
    FSMC_NANDCmd                             0x08006477   Thumb Code    86  stm32f10x_fsmc.o(.text)
    FSMC_PCCARDCmd                           0x080064cd   Thumb Code    44  stm32f10x_fsmc.o(.text)
    FSMC_NANDECCCmd                          0x080064f9   Thumb Code    90  stm32f10x_fsmc.o(.text)
    FSMC_GetECC                              0x08006553   Thumb Code    24  stm32f10x_fsmc.o(.text)
    FSMC_ITConfig                            0x0800656b   Thumb Code   128  stm32f10x_fsmc.o(.text)
    FSMC_GetFlagStatus                       0x080065eb   Thumb Code    54  stm32f10x_fsmc.o(.text)
    FSMC_ClearFlag                           0x08006621   Thumb Code    62  stm32f10x_fsmc.o(.text)
    FSMC_GetITStatus                         0x0800665f   Thumb Code    64  stm32f10x_fsmc.o(.text)
    FSMC_ClearITPendingBit                   0x0800669f   Thumb Code    68  stm32f10x_fsmc.o(.text)
    GPIO_DeInit                              0x080066ed   Thumb Code   172  stm32f10x_gpio.o(.text)
    GPIO_AFIODeInit                          0x08006799   Thumb Code    20  stm32f10x_gpio.o(.text)
    GPIO_Init                                0x080067ad   Thumb Code   278  stm32f10x_gpio.o(.text)
    GPIO_StructInit                          0x080068c3   Thumb Code    16  stm32f10x_gpio.o(.text)
    GPIO_ReadInputDataBit                    0x080068d3   Thumb Code    18  stm32f10x_gpio.o(.text)
    GPIO_ReadInputData                       0x080068e5   Thumb Code     8  stm32f10x_gpio.o(.text)
    GPIO_ReadOutputDataBit                   0x080068ed   Thumb Code    18  stm32f10x_gpio.o(.text)
    GPIO_ReadOutputData                      0x080068ff   Thumb Code     8  stm32f10x_gpio.o(.text)
    GPIO_SetBits                             0x08006907   Thumb Code     4  stm32f10x_gpio.o(.text)
    GPIO_ResetBits                           0x0800690b   Thumb Code     4  stm32f10x_gpio.o(.text)
    GPIO_WriteBit                            0x0800690f   Thumb Code    10  stm32f10x_gpio.o(.text)
    GPIO_Write                               0x08006919   Thumb Code     4  stm32f10x_gpio.o(.text)
    GPIO_PinLockConfig                       0x0800691d   Thumb Code    18  stm32f10x_gpio.o(.text)
    GPIO_EventOutputConfig                   0x0800692f   Thumb Code    26  stm32f10x_gpio.o(.text)
    GPIO_EventOutputCmd                      0x08006949   Thumb Code     6  stm32f10x_gpio.o(.text)
    GPIO_PinRemapConfig                      0x0800694f   Thumb Code   138  stm32f10x_gpio.o(.text)
    GPIO_EXTILineConfig                      0x080069d9   Thumb Code    66  stm32f10x_gpio.o(.text)
    GPIO_ETH_MediaInterfaceConfig            0x08006a1b   Thumb Code     8  stm32f10x_gpio.o(.text)
    RCC_DeInit                               0x08006a49   Thumb Code    64  stm32f10x_rcc.o(.text)
    RCC_HSEConfig                            0x08006a89   Thumb Code    70  stm32f10x_rcc.o(.text)
    RCC_GetFlagStatus                        0x08006acf   Thumb Code    56  stm32f10x_rcc.o(.text)
    RCC_WaitForHSEStartUp                    0x08006b07   Thumb Code    56  stm32f10x_rcc.o(.text)
    RCC_AdjustHSICalibrationValue            0x08006b3f   Thumb Code    20  stm32f10x_rcc.o(.text)
    RCC_HSICmd                               0x08006b53   Thumb Code     6  stm32f10x_rcc.o(.text)
    RCC_PLLConfig                            0x08006b59   Thumb Code    24  stm32f10x_rcc.o(.text)
    RCC_PLLCmd                               0x08006b71   Thumb Code     6  stm32f10x_rcc.o(.text)
    RCC_SYSCLKConfig                         0x08006b77   Thumb Code    18  stm32f10x_rcc.o(.text)
    RCC_GetSYSCLKSource                      0x08006b89   Thumb Code    10  stm32f10x_rcc.o(.text)
    RCC_HCLKConfig                           0x08006b93   Thumb Code    18  stm32f10x_rcc.o(.text)
    RCC_PCLK1Config                          0x08006ba5   Thumb Code    18  stm32f10x_rcc.o(.text)
    RCC_PCLK2Config                          0x08006bb7   Thumb Code    20  stm32f10x_rcc.o(.text)
    RCC_ITConfig                             0x08006bcb   Thumb Code    26  stm32f10x_rcc.o(.text)
    RCC_USBCLKConfig                         0x08006be5   Thumb Code     8  stm32f10x_rcc.o(.text)
    RCC_ADCCLKConfig                         0x08006bed   Thumb Code    18  stm32f10x_rcc.o(.text)
    RCC_LSEConfig                            0x08006bff   Thumb Code    50  stm32f10x_rcc.o(.text)
    RCC_LSICmd                               0x08006c31   Thumb Code     6  stm32f10x_rcc.o(.text)
    RCC_RTCCLKConfig                         0x08006c37   Thumb Code    12  stm32f10x_rcc.o(.text)
    RCC_RTCCLKCmd                            0x08006c43   Thumb Code     8  stm32f10x_rcc.o(.text)
    RCC_GetClocksFreq                        0x08006c4b   Thumb Code   192  stm32f10x_rcc.o(.text)
    RCC_AHBPeriphClockCmd                    0x08006d0b   Thumb Code    26  stm32f10x_rcc.o(.text)
    RCC_APB2PeriphClockCmd                   0x08006d25   Thumb Code    26  stm32f10x_rcc.o(.text)
    RCC_APB1PeriphClockCmd                   0x08006d3f   Thumb Code    26  stm32f10x_rcc.o(.text)
    RCC_APB2PeriphResetCmd                   0x08006d59   Thumb Code    26  stm32f10x_rcc.o(.text)
    RCC_APB1PeriphResetCmd                   0x08006d73   Thumb Code    26  stm32f10x_rcc.o(.text)
    RCC_BackupResetCmd                       0x08006d8d   Thumb Code     8  stm32f10x_rcc.o(.text)
    RCC_ClockSecuritySystemCmd               0x08006d95   Thumb Code     6  stm32f10x_rcc.o(.text)
    RCC_MCOConfig                            0x08006d9b   Thumb Code     6  stm32f10x_rcc.o(.text)
    RCC_ClearFlag                            0x08006da1   Thumb Code    14  stm32f10x_rcc.o(.text)
    RCC_GetITStatus                          0x08006daf   Thumb Code    20  stm32f10x_rcc.o(.text)
    RCC_ClearITPendingBit                    0x08006dc3   Thumb Code     6  stm32f10x_rcc.o(.text)
    TIM_DeInit                               0x08006ded   Thumb Code   424  stm32f10x_tim.o(.text)
    TIM_TimeBaseInit                         0x08006f95   Thumb Code   122  stm32f10x_tim.o(.text)
    TIM_OC1Init                              0x0800700f   Thumb Code   132  stm32f10x_tim.o(.text)
    TIM_OC2Init                              0x08007093   Thumb Code   154  stm32f10x_tim.o(.text)
    TIM_OC3Init                              0x0800712d   Thumb Code   150  stm32f10x_tim.o(.text)
    TIM_OC4Init                              0x080071c3   Thumb Code   182  stm32f10x_tim.o(.text)
    TIM_SetIC4Prescaler                      0x08007279   Thumb Code    26  stm32f10x_tim.o(.text)
    TIM_SetIC3Prescaler                      0x08007315   Thumb Code    18  stm32f10x_tim.o(.text)
    TIM_SetIC2Prescaler                      0x080073a1   Thumb Code    26  stm32f10x_tim.o(.text)
    TIM_SetIC1Prescaler                      0x0800743d   Thumb Code    18  stm32f10x_tim.o(.text)
    TIM_ICInit                               0x080074bb   Thumb Code   150  stm32f10x_tim.o(.text)
    TIM_PWMIConfig                           0x08007551   Thumb Code   124  stm32f10x_tim.o(.text)
    TIM_BDTRConfig                           0x080075cd   Thumb Code    32  stm32f10x_tim.o(.text)
    TIM_TimeBaseStructInit                   0x080075ed   Thumb Code    18  stm32f10x_tim.o(.text)
    TIM_OCStructInit                         0x080075ff   Thumb Code    20  stm32f10x_tim.o(.text)
    TIM_ICStructInit                         0x08007613   Thumb Code    18  stm32f10x_tim.o(.text)
    TIM_BDTRStructInit                       0x08007625   Thumb Code    40  stm32f10x_tim.o(.text)
    TIM_Cmd                                  0x0800764d   Thumb Code    24  stm32f10x_tim.o(.text)
    TIM_CtrlPWMOutputs                       0x08007665   Thumb Code    30  stm32f10x_tim.o(.text)
    TIM_ITConfig                             0x08007683   Thumb Code    18  stm32f10x_tim.o(.text)
    TIM_GenerateEvent                        0x08007695   Thumb Code     4  stm32f10x_tim.o(.text)
    TIM_DMAConfig                            0x08007699   Thumb Code    10  stm32f10x_tim.o(.text)
    TIM_DMACmd                               0x080076a3   Thumb Code    18  stm32f10x_tim.o(.text)
    TIM_InternalClockConfig                  0x080076b5   Thumb Code    12  stm32f10x_tim.o(.text)
    TIM_SelectInputTrigger                   0x080076c1   Thumb Code    18  stm32f10x_tim.o(.text)
    TIM_ITRxExternalClockConfig              0x080076d3   Thumb Code    24  stm32f10x_tim.o(.text)
    TIM_TIxExternalClockConfig               0x080076eb   Thumb Code    62  stm32f10x_tim.o(.text)
    TIM_ETRConfig                            0x08007729   Thumb Code    28  stm32f10x_tim.o(.text)
    TIM_ETRClockMode1Config                  0x08007745   Thumb Code    54  stm32f10x_tim.o(.text)
    TIM_ETRClockMode2Config                  0x0800777b   Thumb Code    32  stm32f10x_tim.o(.text)
    TIM_PrescalerConfig                      0x0800779b   Thumb Code     6  stm32f10x_tim.o(.text)
    TIM_CounterModeConfig                    0x080077a1   Thumb Code    18  stm32f10x_tim.o(.text)
    TIM_EncoderInterfaceConfig               0x080077b3   Thumb Code    66  stm32f10x_tim.o(.text)
    TIM_ForcedOC1Config                      0x080077f5   Thumb Code    18  stm32f10x_tim.o(.text)
    TIM_ForcedOC2Config                      0x08007807   Thumb Code    26  stm32f10x_tim.o(.text)
    TIM_ForcedOC3Config                      0x08007821   Thumb Code    18  stm32f10x_tim.o(.text)
    TIM_ForcedOC4Config                      0x08007833   Thumb Code    26  stm32f10x_tim.o(.text)
    TIM_ARRPreloadConfig                     0x0800784d   Thumb Code    24  stm32f10x_tim.o(.text)
    TIM_SelectCOM                            0x08007865   Thumb Code    24  stm32f10x_tim.o(.text)
    TIM_SelectCCDMA                          0x0800787d   Thumb Code    24  stm32f10x_tim.o(.text)
    TIM_CCPreloadControl                     0x08007895   Thumb Code    24  stm32f10x_tim.o(.text)
    TIM_OC1PreloadConfig                     0x080078ad   Thumb Code    18  stm32f10x_tim.o(.text)
    TIM_OC2PreloadConfig                     0x080078bf   Thumb Code    26  stm32f10x_tim.o(.text)
    TIM_OC3PreloadConfig                     0x080078d9   Thumb Code    18  stm32f10x_tim.o(.text)
    TIM_OC4PreloadConfig                     0x080078eb   Thumb Code    26  stm32f10x_tim.o(.text)
    TIM_OC1FastConfig                        0x08007905   Thumb Code    18  stm32f10x_tim.o(.text)
    TIM_OC2FastConfig                        0x08007917   Thumb Code    26  stm32f10x_tim.o(.text)
    TIM_OC3FastConfig                        0x08007931   Thumb Code    18  stm32f10x_tim.o(.text)
    TIM_OC4FastConfig                        0x08007943   Thumb Code    26  stm32f10x_tim.o(.text)
    TIM_ClearOC1Ref                          0x0800795d   Thumb Code    18  stm32f10x_tim.o(.text)
    TIM_ClearOC2Ref                          0x0800796f   Thumb Code    24  stm32f10x_tim.o(.text)
    TIM_ClearOC3Ref                          0x08007987   Thumb Code    18  stm32f10x_tim.o(.text)
    TIM_ClearOC4Ref                          0x08007999   Thumb Code    24  stm32f10x_tim.o(.text)
    TIM_OC1PolarityConfig                    0x080079b1   Thumb Code    18  stm32f10x_tim.o(.text)
    TIM_OC1NPolarityConfig                   0x080079c3   Thumb Code    18  stm32f10x_tim.o(.text)
    TIM_OC2PolarityConfig                    0x080079d5   Thumb Code    26  stm32f10x_tim.o(.text)
    TIM_OC2NPolarityConfig                   0x080079ef   Thumb Code    26  stm32f10x_tim.o(.text)
    TIM_OC3PolarityConfig                    0x08007a09   Thumb Code    26  stm32f10x_tim.o(.text)
    TIM_OC3NPolarityConfig                   0x08007a23   Thumb Code    26  stm32f10x_tim.o(.text)
    TIM_OC4PolarityConfig                    0x08007a3d   Thumb Code    26  stm32f10x_tim.o(.text)
    TIM_CCxCmd                               0x08007a57   Thumb Code    30  stm32f10x_tim.o(.text)
    TIM_CCxNCmd                              0x08007a75   Thumb Code    30  stm32f10x_tim.o(.text)
    TIM_SelectOCxM                           0x08007a93   Thumb Code    82  stm32f10x_tim.o(.text)
    TIM_UpdateDisableConfig                  0x08007ae5   Thumb Code    24  stm32f10x_tim.o(.text)
    TIM_UpdateRequestConfig                  0x08007afd   Thumb Code    24  stm32f10x_tim.o(.text)
    TIM_SelectHallSensor                     0x08007b15   Thumb Code    24  stm32f10x_tim.o(.text)
    TIM_SelectOnePulseMode                   0x08007b2d   Thumb Code    18  stm32f10x_tim.o(.text)
    TIM_SelectOutputTrigger                  0x08007b3f   Thumb Code    18  stm32f10x_tim.o(.text)
    TIM_SelectSlaveMode                      0x08007b51   Thumb Code    18  stm32f10x_tim.o(.text)
    TIM_SelectMasterSlaveMode                0x08007b63   Thumb Code    18  stm32f10x_tim.o(.text)
    TIM_SetCounter                           0x08007b75   Thumb Code     4  stm32f10x_tim.o(.text)
    TIM_SetAutoreload                        0x08007b79   Thumb Code     4  stm32f10x_tim.o(.text)
    TIM_SetCompare1                          0x08007b7d   Thumb Code     4  stm32f10x_tim.o(.text)
    TIM_SetCompare2                          0x08007b81   Thumb Code     4  stm32f10x_tim.o(.text)
    TIM_SetCompare3                          0x08007b85   Thumb Code     4  stm32f10x_tim.o(.text)
    TIM_SetCompare4                          0x08007b89   Thumb Code     6  stm32f10x_tim.o(.text)
    TIM_SetClockDivision                     0x08007b8f   Thumb Code    18  stm32f10x_tim.o(.text)
    TIM_GetCapture1                          0x08007ba1   Thumb Code     6  stm32f10x_tim.o(.text)
    TIM_GetCapture2                          0x08007ba7   Thumb Code     6  stm32f10x_tim.o(.text)
    TIM_GetCapture3                          0x08007bad   Thumb Code     6  stm32f10x_tim.o(.text)
    TIM_GetCapture4                          0x08007bb3   Thumb Code     8  stm32f10x_tim.o(.text)
    TIM_GetCounter                           0x08007bbb   Thumb Code     6  stm32f10x_tim.o(.text)
    TIM_GetPrescaler                         0x08007bc1   Thumb Code     6  stm32f10x_tim.o(.text)
    TIM_GetFlagStatus                        0x08007bc7   Thumb Code    18  stm32f10x_tim.o(.text)
    TIM_ClearFlag                            0x08007bd9   Thumb Code     6  stm32f10x_tim.o(.text)
    TIM_GetITStatus                          0x08007bdf   Thumb Code    34  stm32f10x_tim.o(.text)
    TIM_ClearITPendingBit                    0x08007c01   Thumb Code     6  stm32f10x_tim.o(.text)
    USART_DeInit                             0x08007c09   Thumb Code   134  stm32f10x_usart.o(.text)
    USART_Init                               0x08007c8f   Thumb Code   210  stm32f10x_usart.o(.text)
    USART_StructInit                         0x08007d61   Thumb Code    24  stm32f10x_usart.o(.text)
    USART_ClockInit                          0x08007d79   Thumb Code    34  stm32f10x_usart.o(.text)
    USART_ClockStructInit                    0x08007d9b   Thumb Code    12  stm32f10x_usart.o(.text)
    USART_Cmd                                0x08007da7   Thumb Code    24  stm32f10x_usart.o(.text)
    USART_ITConfig                           0x08007dbf   Thumb Code    74  stm32f10x_usart.o(.text)
    USART_DMACmd                             0x08007e09   Thumb Code    18  stm32f10x_usart.o(.text)
    USART_SetAddress                         0x08007e1b   Thumb Code    18  stm32f10x_usart.o(.text)
    USART_WakeUpConfig                       0x08007e2d   Thumb Code    18  stm32f10x_usart.o(.text)
    USART_ReceiverWakeUpCmd                  0x08007e3f   Thumb Code    24  stm32f10x_usart.o(.text)
    USART_LINBreakDetectLengthConfig         0x08007e57   Thumb Code    18  stm32f10x_usart.o(.text)
    USART_LINCmd                             0x08007e69   Thumb Code    24  stm32f10x_usart.o(.text)
    USART_SendData                           0x08007e81   Thumb Code     8  stm32f10x_usart.o(.text)
    USART_ReceiveData                        0x08007e89   Thumb Code    10  stm32f10x_usart.o(.text)
    USART_SendBreak                          0x08007e93   Thumb Code    10  stm32f10x_usart.o(.text)
    USART_SetGuardTime                       0x08007e9d   Thumb Code    16  stm32f10x_usart.o(.text)
    USART_SetPrescaler                       0x08007ead   Thumb Code    16  stm32f10x_usart.o(.text)
    USART_SmartCardCmd                       0x08007ebd   Thumb Code    24  stm32f10x_usart.o(.text)
    USART_SmartCardNACKCmd                   0x08007ed5   Thumb Code    24  stm32f10x_usart.o(.text)
    USART_HalfDuplexCmd                      0x08007eed   Thumb Code    24  stm32f10x_usart.o(.text)
    USART_OverSampling8Cmd                   0x08007f05   Thumb Code    22  stm32f10x_usart.o(.text)
    USART_OneBitMethodCmd                    0x08007f1b   Thumb Code    24  stm32f10x_usart.o(.text)
    USART_IrDAConfig                         0x08007f33   Thumb Code    18  stm32f10x_usart.o(.text)
    USART_IrDACmd                            0x08007f45   Thumb Code    24  stm32f10x_usart.o(.text)
    USART_GetFlagStatus                      0x08007f5d   Thumb Code    26  stm32f10x_usart.o(.text)
    USART_ClearFlag                          0x08007f77   Thumb Code    18  stm32f10x_usart.o(.text)
    USART_GetITStatus                        0x08007f89   Thumb Code    84  stm32f10x_usart.o(.text)
    USART_ClearITPendingBit                  0x08007fdd   Thumb Code    52  stm32f10x_usart.o(.text)
    EXTI_DeInit                              0x08008011   Thumb Code    28  stm32f10x_exti.o(.text)
    EXTI_Init                                0x0800802d   Thumb Code   142  stm32f10x_exti.o(.text)
    EXTI_StructInit                          0x080080bb   Thumb Code    16  stm32f10x_exti.o(.text)
    EXTI_GenerateSWInterrupt                 0x080080cb   Thumb Code    16  stm32f10x_exti.o(.text)
    EXTI_GetFlagStatus                       0x080080db   Thumb Code    22  stm32f10x_exti.o(.text)
    EXTI_ClearFlag                           0x080080f1   Thumb Code     8  stm32f10x_exti.o(.text)
    EXTI_GetITStatus                         0x080080f9   Thumb Code    34  stm32f10x_exti.o(.text)
    EXTI_ClearITPendingBit                   0x0800811b   Thumb Code     8  stm32f10x_exti.o(.text)
    mymemcpy                                 0x0800812d   Thumb Code    26  malloc.o(.text)
    mymemset                                 0x08008147   Thumb Code    20  malloc.o(.text)
    my_mem_init                              0x0800815b   Thumb Code    54  malloc.o(.text)
    my_mem_perused                           0x08008191   Thumb Code    54  malloc.o(.text)
    my_mem_malloc                            0x080081c7   Thumb Code   162  malloc.o(.text)
    my_mem_free                              0x08008269   Thumb Code    94  malloc.o(.text)
    myfree                                   0x080082c7   Thumb Code    32  malloc.o(.text)
    mymalloc                                 0x080082e7   Thumb Code    36  malloc.o(.text)
    myrealloc                                0x0800830b   Thumb Code    68  malloc.o(.text)
    usmart_sys_cmd_exe                       0x08008361   Thumb Code  1554  usmart.o(.text)
    usmart_reset_runtime                     0x08008973   Thumb Code    34  usmart.o(.text)
    usmart_get_runtime                       0x08008995   Thumb Code    58  usmart.o(.text)
    TIM2_IRQHandler                          0x080089cf   Thumb Code    52  usmart.o(.text)
    Timer2_Init                              0x08008a03   Thumb Code    90  usmart.o(.text)
    usmart_init                              0x08008a5d   Thumb Code    36  usmart.o(.text)
    usmart_cmd_rec                           0x08008a81   Thumb Code   170  usmart.o(.text)
    usmart_exe                               0x08008b2b   Thumb Code   864  usmart.o(.text)
    usmart_scan                              0x08008e8b   Thumb Code   120  usmart.o(.text)
    read_addr                                0x08008f03   Thumb Code     6  usmart.o(.text)
    write_addr                               0x08008f09   Thumb Code     4  usmart.o(.text)
    usmart_strcmp                            0x08008f95   Thumb Code    34  usmart_str.o(.text)
    usmart_strcopy                           0x08008fb7   Thumb Code    22  usmart_str.o(.text)
    usmart_strlen                            0x08008fcd   Thumb Code    24  usmart_str.o(.text)
    usmart_pow                               0x08008fe5   Thumb Code    22  usmart_str.o(.text)
    usmart_str2num                           0x08008ffb   Thumb Code   202  usmart_str.o(.text)
    usmart_get_cmdname                       0x080090c5   Thumb Code    54  usmart_str.o(.text)
    usmart_search_nextc                      0x080090fb   Thumb Code    22  usmart_str.o(.text)
    usmart_get_fname                         0x08009111   Thumb Code   440  usmart_str.o(.text)
    usmart_get_aparm                         0x080092c9   Thumb Code   200  usmart_str.o(.text)
    usmart_get_parmpos                       0x08009391   Thumb Code    26  usmart_str.o(.text)
    usmart_get_fparam                        0x080093ab   Thumb Code   262  usmart_str.o(.text)
    lwip_comm_mem_free                       0x080094bd   Thumb Code    24  lwip_comm.o(.text)
    lwip_comm_mem_malloc                     0x080094d5   Thumb Code    60  lwip_comm.o(.text)
    lwip_comm_default_ip_set                 0x08009511   Thumb Code   102  lwip_comm.o(.text)
    lwip_comm_init                           0x08009577   Thumb Code   104  lwip_comm.o(.text)
    lwip_pkt_handle                          0x080095df   Thumb Code    10  lwip_comm.o(.text)
    lwip_dhcp_process_handle                 0x080095e9   Thumb Code   418  lwip_comm.o(.text)
    lwip_periodic_handle                     0x0800978b   Thumb Code   138  lwip_comm.o(.text)
    tcp_server_remove_timewait               0x080099e5   Thumb Code    70  tcp_server_demo.o(.text)
    tcp_server_connection_close              0x08009a2b   Thumb Code    76  tcp_server_demo.o(.text)
    tcp_server_senddata                      0x08009a77   Thumb Code    92  tcp_server_demo.o(.text)
    tcp_server_sent                          0x08009ad3   Thumb Code    30  tcp_server_demo.o(.text)
    tcp_server_poll                          0x08009af1   Thumb Code   138  tcp_server_demo.o(.text)
    tcp_server_error                         0x08009b7b   Thumb Code    24  tcp_server_demo.o(.text)
    tcp_server_recv                          0x08009b93   Thumb Code   254  tcp_server_demo.o(.text)
    tcp_server_accept                        0x08009c91   Thumb Code   146  tcp_server_demo.o(.text)
    tcp_server_test                          0x08009d23   Thumb Code  1044  tcp_server_demo.o(.text)
    etharp_tmr                               0x0800a1d7   Thumb Code   136  etharp.o(.text)
    etharp_cleanup_netif                     0x0800a561   Thumb Code   336  etharp.o(.text)
    etharp_find_addr                         0x0800a6b1   Thumb Code   110  etharp.o(.text)
    etharp_request                           0x0800a963   Thumb Code    36  etharp.o(.text)
    etharp_query                             0x0800aa15   Thumb Code   660  etharp.o(.text)
    etharp_output                            0x0800aca9   Thumb Code   388  etharp.o(.text)
    ethernet_input                           0x0800ae2d   Thumb Code   200  etharp.o(.text)
    ethernetif_input                         0x0800afc3   Thumb Code    44  ethernetif.o(.text)
    ethernetif_init                          0x0800afef   Thumb Code    56  ethernetif.o(.text)
    icmp_input                               0x0800b099   Thumb Code   506  icmp.o(.text)
    icmp_dest_unreach                        0x0800b31b   Thumb Code    18  icmp.o(.text)
    icmp_time_exceeded                       0x0800b32d   Thumb Code    18  icmp.o(.text)
    inet_chksum_pseudo                       0x0800b513   Thumb Code   162  inet_chksum.o(.text)
    inet_chksum_pseudo_partial               0x0800b5b5   Thumb Code   210  inet_chksum.o(.text)
    inet_chksum                              0x0800b687   Thumb Code    20  inet_chksum.o(.text)
    inet_chksum_pbuf                         0x0800b69b   Thumb Code    86  inet_chksum.o(.text)
    ip_route                                 0x0800b759   Thumb Code    76  ip.o(.text)
    ip_input                                 0x0800b7a5   Thumb Code   440  ip.o(.text)
    ip_output_if                             0x0800b95d   Thumb Code   306  ip.o(.text)
    ip_output                                0x0800ba8f   Thumb Code    80  ip.o(.text)
    ip4_addr_isbroadcast                     0x0800bb8d   Thumb Code    78  ip_addr.o(.text)
    ip4_addr_netmask_valid                   0x0800bbdb   Thumb Code    56  ip_addr.o(.text)
    ipaddr_aton                              0x0800bc13   Thumb Code   364  ip_addr.o(.text)
    ipaddr_addr                              0x0800bd7f   Thumb Code    24  ip_addr.o(.text)
    ipaddr_ntoa_r                            0x0800bd97   Thumb Code   168  ip_addr.o(.text)
    ipaddr_ntoa                              0x0800be3f   Thumb Code    16  ip_addr.o(.text)
    ip_reass_tmr                             0x0800c009   Thumb Code    48  ip_frag.o(.text)
    ip_reass                                 0x0800c449   Thumb Code   386  ip_frag.o(.text)
    ip_frag                                  0x0800c651   Thumb Code   618  ip_frag.o(.text)
    lwip_htons                               0x0800c8bb   Thumb Code    12  def.o(.text)
    lwip_ntohs                               0x0800c8c7   Thumb Code    12  def.o(.text)
    lwip_htonl                               0x0800c8d3   Thumb Code    26  def.o(.text)
    lwip_ntohl                               0x0800c8ed   Thumb Code    12  def.o(.text)
    dhcp_renew                               0x0800d179   Thumb Code   132  dhcp.o(.text)
    dhcp_coarse_tmr                          0x0800d2bf   Thumb Code    62  dhcp.o(.text)
    dhcp_release                             0x0800d3f7   Thumb Code   160  dhcp.o(.text)
    dhcp_fine_tmr                            0x0800d64b   Thumb Code    64  dhcp.o(.text)
    dhcp_set_struct                          0x0800d6fb   Thumb Code   106  dhcp.o(.text)
    dhcp_cleanup                             0x0800d765   Thumb Code   188  dhcp.o(.text)
    dhcp_stop                                0x0800d821   Thumb Code   108  dhcp.o(.text)
    dhcp_start                               0x0800dea7   Thumb Code   276  dhcp.o(.text)
    dhcp_inform                              0x0800dfbb   Thumb Code   192  dhcp.o(.text)
    dhcp_network_changed                     0x0800e07b   Thumb Code   150  dhcp.o(.text)
    dhcp_arp_reply                           0x0800e18f   Thumb Code    68  dhcp.o(.text)
    lwip_init                                0x0800e1dd   Thumb Code    28  init.o(.text)
    mem_init                                 0x0800e2d3   Thumb Code    78  mem.o(.text)
    mem_free                                 0x0800e321   Thumb Code   148  mem.o(.text)
    mem_trim                                 0x0800e3b5   Thumb Code   308  mem.o(.text)
    mem_malloc                               0x0800e4e9   Thumb Code   740  mem.o(.text)
    mem_calloc                               0x0800e7cd   Thumb Code    34  mem.o(.text)
    memp_get_memorysize                      0x0800e89d   Thumb Code     8  memp.o(.text)
    memp_init                                0x0800e8a5   Thumb Code    86  memp.o(.text)
    memp_malloc                              0x0800e8fb   Thumb Code    88  memp.o(.text)
    memp_free                                0x0800e953   Thumb Code    58  memp.o(.text)
    netif_init                               0x0800ea51   Thumb Code     2  netif.o(.text)
    netif_set_gw                             0x0800ea53   Thumb Code    12  netif.o(.text)
    netif_set_netmask                        0x0800ea5f   Thumb Code    12  netif.o(.text)
    netif_set_ipaddr                         0x0800ea6b   Thumb Code   110  netif.o(.text)
    netif_set_addr                           0x0800ead9   Thumb Code    40  netif.o(.text)
    netif_add                                0x0800eb01   Thumb Code   120  netif.o(.text)
    netif_set_default                        0x0800eb79   Thumb Code     6  netif.o(.text)
    netif_set_down                           0x0800eb7f   Thumb Code    42  netif.o(.text)
    netif_remove                             0x0800eba9   Thumb Code    90  netif.o(.text)
    netif_find                               0x0800ec03   Thumb Code    64  netif.o(.text)
    netif_set_up                             0x0800ec43   Thumb Code    54  netif.o(.text)
    netif_set_link_up                        0x0800ec79   Thumb Code    66  netif.o(.text)
    netif_set_link_down                      0x0800ecbb   Thumb Code    24  netif.o(.text)
    pbuf_free                                0x0800ed51   Thumb Code   244  pbuf.o(.text)
    pbuf_alloc                               0x0800ee45   Thumb Code   644  pbuf.o(.text)
    pbuf_alloced_custom                      0x0800f0c9   Thumb Code   674  pbuf.o(.text)
    pbuf_realloc                             0x0800f36b   Thumb Code   268  pbuf.o(.text)
    pbuf_header                              0x0800f477   Thumb Code   206  pbuf.o(.text)
    pbuf_clen                                0x0800f545   Thumb Code    18  pbuf.o(.text)
    pbuf_ref                                 0x0800f557   Thumb Code    10  pbuf.o(.text)
    pbuf_cat                                 0x0800f561   Thumb Code   138  pbuf.o(.text)
    pbuf_chain                               0x0800f5eb   Thumb Code    22  pbuf.o(.text)
    pbuf_dechain                             0x0800f601   Thumb Code   122  pbuf.o(.text)
    pbuf_copy                                0x0800f67b   Thumb Code   814  pbuf.o(.text)
    pbuf_copy_partial                        0x0800f9a9   Thumb Code   190  pbuf.o(.text)
    pbuf_take                                0x0800fa67   Thumb Code   210  pbuf.o(.text)
    pbuf_coalesce                            0x0800fb39   Thumb Code    84  pbuf.o(.text)
    pbuf_get_at                              0x0800fb8d   Thumb Code    46  pbuf.o(.text)
    pbuf_memcmp                              0x0800fbbb   Thumb Code    96  pbuf.o(.text)
    pbuf_memfind                             0x0800fc1b   Thumb Code    76  pbuf.o(.text)
    pbuf_strstr                              0x0800fc67   Thumb Code    60  pbuf.o(.text)
    raw_input                                0x0800fd8d   Thumb Code   102  raw.o(.text)
    raw_bind                                 0x0800fdf3   Thumb Code    16  raw.o(.text)
    raw_connect                              0x0800fe03   Thumb Code    16  raw.o(.text)
    raw_recv                                 0x0800fe13   Thumb Code     6  raw.o(.text)
    raw_sendto                               0x0800fe19   Thumb Code   178  raw.o(.text)
    raw_send                                 0x0800fecb   Thumb Code    18  raw.o(.text)
    raw_remove                               0x0800fedd   Thumb Code    60  raw.o(.text)
    raw_new                                  0x0800ff19   Thumb Code    42  raw.o(.text)
    tcp_init                                 0x0800ffc9   Thumb Code     2  tcp.o(.text)
    tcp_seg_free                             0x0800ffcb   Thumb Code    26  tcp.o(.text)
    tcp_segs_free                            0x0800ffe5   Thumb Code    24  tcp.o(.text)
    tcp_pcb_purge                            0x0800fffd   Thumb Code    64  tcp.o(.text)
    tcp_slowtmr                              0x0801003d   Thumb Code  1420  tcp.o(.text)
    tcp_pcb_remove                           0x080105c9   Thumb Code   192  tcp.o(.text)
    tcp_close                                0x08010855   Thumb Code    28  tcp.o(.text)
    tcp_update_rcv_ann_wnd                   0x08010871   Thumb Code   106  tcp.o(.text)
    tcp_recved                               0x080108db   Thumb Code   132  tcp.o(.text)
    tcp_recv_null                            0x0801095f   Thumb Code   298  tcp.o(.text)
    tcp_process_refused_data                 0x08010a89   Thumb Code   140  tcp.o(.text)
    tcp_fasttmr                              0x08010b15   Thumb Code   110  tcp.o(.text)
    tcp_tmr                                  0x08010b83   Thumb Code    30  tcp.o(.text)
    tcp_shutdown                             0x08010ba1   Thumb Code    98  tcp.o(.text)
    tcp_abandon                              0x08010c03   Thumb Code   164  tcp.o(.text)
    tcp_abort                                0x08010ca7   Thumb Code    14  tcp.o(.text)
    tcp_bind                                 0x08010d15   Thumb Code   166  tcp.o(.text)
    tcp_listen_with_backlog                  0x08010dc3   Thumb Code   222  tcp.o(.text)
    tcp_eff_send_mss                         0x08010ea1   Thumb Code    46  tcp.o(.text)
    tcp_next_iss                             0x08010ecf   Thumb Code    20  tcp.o(.text)
    tcp_connect                              0x08010ee3   Thumb Code   580  tcp.o(.text)
    tcp_setprio                              0x08011127   Thumb Code     4  tcp.o(.text)
    tcp_alloc                                0x080111a9   Thumb Code   174  tcp.o(.text)
    tcp_new                                  0x08011257   Thumb Code    10  tcp.o(.text)
    tcp_arg                                  0x08011261   Thumb Code     4  tcp.o(.text)
    tcp_recv                                 0x08011265   Thumb Code    42  tcp.o(.text)
    tcp_sent                                 0x0801128f   Thumb Code    42  tcp.o(.text)
    tcp_err                                  0x080112b9   Thumb Code    44  tcp.o(.text)
    tcp_accept                               0x080112e5   Thumb Code     4  tcp.o(.text)
    tcp_poll                                 0x080112e9   Thumb Code    50  tcp.o(.text)
    tcp_debug_state_str                      0x0801131b   Thumb Code    10  tcp.o(.text)
    tcp_input                                0x08012529   Thumb Code  1682  tcp_in.o(.text)
    tcp_enqueue_flags                        0x08012cfd   Thumb Code   396  tcp_out.o(.text)
    tcp_send_fin                             0x08012e89   Thumb Code    74  tcp_out.o(.text)
    tcp_write                                0x0801315f   Thumb Code  1564  tcp_out.o(.text)
    tcp_send_empty_ack                       0x0801377b   Thumb Code    96  tcp_out.o(.text)
    tcp_output                               0x080138bb   Thumb Code   662  tcp_out.o(.text)
    tcp_rst                                  0x08013b51   Thumb Code   172  tcp_out.o(.text)
    tcp_rexmit_rto                           0x08013bfd   Thumb Code    58  tcp_out.o(.text)
    tcp_rexmit                               0x08013c37   Thumb Code    90  tcp_out.o(.text)
    tcp_rexmit_fast                          0x08013c91   Thumb Code   112  tcp_out.o(.text)
    tcp_keepalive                            0x08013d01   Thumb Code    86  tcp_out.o(.text)
    tcp_zero_window_probe                    0x08013d57   Thumb Code   182  tcp_out.o(.text)
    sys_timeout                              0x08013e0d   Thumb Code   174  timers.o(.text)
    tcp_timer_needed                         0x08013ee3   Thumb Code    38  timers.o(.text)
    sys_timeouts_init                        0x08013f61   Thumb Code    60  timers.o(.text)
    sys_untimeout                            0x08013f9d   Thumb Code    90  timers.o(.text)
    sys_check_timeouts                       0x08013ff7   Thumb Code    92  timers.o(.text)
    sys_restart_timeouts                     0x08014053   Thumb Code    12  timers.o(.text)
    udp_init                                 0x0801411d   Thumb Code     2  udp.o(.text)
    udp_input                                0x0801416f   Thumb Code   518  udp.o(.text)
    udp_bind                                 0x08014375   Thumb Code   146  udp.o(.text)
    udp_sendto_if                            0x08014407   Thumb Code   466  udp.o(.text)
    udp_sendto                               0x080145d9   Thumb Code    46  udp.o(.text)
    udp_send                                 0x08014607   Thumb Code    20  udp.o(.text)
    udp_connect                              0x0801461b   Thumb Code    94  udp.o(.text)
    udp_disconnect                           0x08014679   Thumb Code    16  udp.o(.text)
    udp_recv                                 0x08014689   Thumb Code     6  udp.o(.text)
    udp_remove                               0x0801468f   Thumb Code    60  udp.o(.text)
    udp_new                                  0x080146cb   Thumb Code    28  udp.o(.text)
    sys_now                                  0x080146ed   Thumb Code     6  sys_arch.o(.text)
    __use_no_semihosting                     0x080146f9   Thumb Code     2  use_no_semi_2.o(.text)
    __2printf                                0x080146fd   Thumb Code    20  noretval__2printf.o(.text)
    __2sprintf                               0x08014715   Thumb Code    34  noretval__2sprintf.o(.text)
    _printf_pre_padding                      0x0801473d   Thumb Code    44  _printf_pad.o(.text)
    _printf_post_padding                     0x08014769   Thumb Code    34  _printf_pad.o(.text)
    _printf_str                              0x0801478b   Thumb Code    82  _printf_str.o(.text)
    _printf_int_dec                          0x080147dd   Thumb Code   104  _printf_dec.o(.text)
    _printf_int_hex                          0x08014855   Thumb Code    84  _printf_hex_int.o(.text)
    _printf_longlong_hex                     0x08014855   Thumb Code     0  _printf_hex_int.o(.text)
    __printf                                 0x080148ad   Thumb Code   388  __printf_flags_ss_wp.o(.text)
    memcmp                                   0x08014a35   Thumb Code    88  memcmp.o(.text)
    strlen                                   0x08014a8d   Thumb Code    62  strlen.o(.text)
    __aeabi_memcpy                           0x08014acb   Thumb Code     0  rt_memcpy_v6.o(.text)
    __rt_memcpy                              0x08014acb   Thumb Code   138  rt_memcpy_v6.o(.text)
    _memcpy_lastbytes                        0x08014b31   Thumb Code     0  rt_memcpy_v6.o(.text)
    __aeabi_memclr                           0x08014b55   Thumb Code     0  rt_memclr.o(.text)
    __rt_memclr                              0x08014b55   Thumb Code    68  rt_memclr.o(.text)
    _memset                                  0x08014b59   Thumb Code     0  rt_memclr.o(.text)
    __aeabi_memclr4                          0x08014b99   Thumb Code     0  rt_memclr_w.o(.text)
    __aeabi_memclr8                          0x08014b99   Thumb Code     0  rt_memclr_w.o(.text)
    __rt_memclr_w                            0x08014b99   Thumb Code    78  rt_memclr_w.o(.text)
    _memset_w                                0x08014b9d   Thumb Code     0  rt_memclr_w.o(.text)
    __use_two_region_memory                  0x08014be7   Thumb Code     2  heapauxi.o(.text)
    __rt_heap_escrow$2region                 0x08014be9   Thumb Code     2  heapauxi.o(.text)
    __rt_heap_expand$2region                 0x08014beb   Thumb Code     2  heapauxi.o(.text)
    __I$use$semihosting                      0x08014bed   Thumb Code     0  use_no_semi.o(.text)
    __use_no_semihosting_swi                 0x08014bed   Thumb Code     2  use_no_semi.o(.text)
    _printf_int_common                       0x08014bef   Thumb Code   178  _printf_intcommon.o(.text)
    _printf_char_common                      0x08014cab   Thumb Code    32  _printf_char_common.o(.text)
    _sputc                                   0x08014cd1   Thumb Code    10  _sputc.o(.text)
    _printf_cs_common                        0x08014cdb   Thumb Code    20  _printf_char.o(.text)
    _printf_char                             0x08014cef   Thumb Code    16  _printf_char.o(.text)
    _printf_string                           0x08014cff   Thumb Code     8  _printf_char.o(.text)
    _printf_char_file                        0x08014d09   Thumb Code    32  _printf_char_file.o(.text)
    __aeabi_memcpy4                          0x08014d2d   Thumb Code     0  rt_memcpy_w.o(.text)
    __aeabi_memcpy8                          0x08014d2d   Thumb Code     0  rt_memcpy_w.o(.text)
    __rt_memcpy_w                            0x08014d2d   Thumb Code   100  rt_memcpy_w.o(.text)
    _memcpy_lastbytes_aligned                0x08014d75   Thumb Code     0  rt_memcpy_w.o(.text)
    ferror                                   0x08014d91   Thumb Code     8  ferror.o(.text)
    __user_setup_stackheap                   0x08014d99   Thumb Code    74  sys_stackheap_outer.o(.text)
    exit                                     0x08014de3   Thumb Code    12  exit.o(.text)
    __user_libspace                          0x08014df1   Thumb Code     8  libspace.o(.text)
    __user_perproc_libspace                  0x08014df1   Thumb Code     0  libspace.o(.text)
    __user_perthread_libspace                0x08014df1   Thumb Code     0  libspace.o(.text)
    _is_digit                                0x08014df9   Thumb Code    14  __printf_wp.o(i._is_digit)
    __aeabi_d2uiz                            0x08014e09   Thumb Code     0  dfixu.o(x$fpl$dfixu)
    _dfixu                                   0x08014e09   Thumb Code    90  dfixu.o(x$fpl$dfixu)
    __aeabi_ui2d                             0x08014e63   Thumb Code     0  dflt_clz.o(x$fpl$dfltu)
    _dfltu                                   0x08014e63   Thumb Code    38  dflt_clz.o(x$fpl$dfltu)
    __aeabi_dmul                             0x08014e89   Thumb Code     0  dmul.o(x$fpl$dmul)
    _dmul                                    0x08014e89   Thumb Code   332  dmul.o(x$fpl$dmul)
    __fpl_dnaninf                            0x08014fdd   Thumb Code   156  dnaninf.o(x$fpl$dnaninf)
    __fpl_dretinf                            0x08015079   Thumb Code    12  dretinf.o(x$fpl$dretinf)
    __I$use$fp                               0x08015084   Number         0  usenofp.o(x$fpl$usenofp)
    asc2_1206                                0x08015084   Data        1140  lcd.o(.constdata)
    asc2_1608                                0x080154f8   Data        1520  lcd.o(.constdata)
    asc2_2412                                0x08015ae8   Data        3420  lcd.o(.constdata)
    memtblsize                               0x08016844   Data           8  malloc.o(.constdata)
    memblksize                               0x0801684c   Data           8  malloc.o(.constdata)
    memsize                                  0x08016854   Data           8  malloc.o(.constdata)
    ethbroadcast                             0x0801685c   Data           6  etharp.o(.constdata)
    ethzero                                  0x08016862   Data           6  etharp.o(.constdata)
    ip_addr_any                              0x08016868   Data           4  ip_addr.o(.constdata)
    ip_addr_broadcast                        0x0801686c   Data           4  ip_addr.o(.constdata)
    tcp_state_str                            0x08016898   Data          44  tcp.o(.constdata)
    tcp_backoff                              0x080168c4   Data          13  tcp.o(.constdata)
    tcp_persist_backoff                      0x080168d1   Data           7  tcp.o(.constdata)
    tcp_pcb_lists                            0x080168d8   Data          16  tcp.o(.constdata)
    Region$$Table$$Base                      0x08016c40   Number         0  anon$$obj.o(Region$$Table)
    Region$$Table$$Limit                     0x08016c60   Number         0  anon$$obj.o(Region$$Table)
    SystemCoreClock                          0x20000000   Data           4  system_stm32f10x.o(.data)
    AHBPrescTable                            0x20000004   Data          16  system_stm32f10x.o(.data)
    __stdout                                 0x20000018   Data           4  usart.o(.data)
    USART_RX_STA                             0x2000001c   Data           2  usart.o(.data)
    POINT_COLOR                              0x20000020   Data           2  lcd.o(.data)
    BACK_COLOR                               0x20000022   Data           2  lcd.o(.data)
    mallco_dev                               0x20000038   Data          28  malloc.o(.data)
    sys_cmd_tab                              0x20000054   Data          28  usmart.o(.data)
    usmart_nametab                           0x20000070   Data          64  usmart_config.o(.data)
    usmart_dev                               0x200000b0   Data         244  usmart_config.o(.data)
    TCPTimer                                 0x200001a4   Data           4  lwip_comm.o(.data)
    ARPTimer                                 0x200001a8   Data           4  lwip_comm.o(.data)
    lwip_localtime                           0x200001ac   Data           4  lwip_comm.o(.data)
    DHCPfineTimer                            0x200001b0   Data           4  lwip_comm.o(.data)
    DHCPcoarseTimer                          0x200001b4   Data           4  lwip_comm.o(.data)
    tcp_server_sendbuf                       0x200001b8   Data           4  tcp_server_demo.o(.data)
    tcp_server_flag                          0x200001bc   Data           1  tcp_server_demo.o(.data)
    current_netif                            0x200001c0   Data           4  ip.o(.data)
    current_header                           0x200001c4   Data           4  ip.o(.data)
    current_iphdr_src                        0x200001c8   Data           4  ip.o(.data)
    current_iphdr_dest                       0x200001cc   Data           4  ip.o(.data)
    ram_heap                                 0x200001e0   Data           4  mem.o(.data)
    memp_memory                              0x200001f0   Data           4  memp.o(.data)
    netif_list                               0x200001f4   Data           4  netif.o(.data)
    netif_default                            0x200001f8   Data           4  netif.o(.data)
    tcp_ticks                                0x20000208   Data           4  tcp.o(.data)
    tcp_bound_pcbs                           0x2000020c   Data           4  tcp.o(.data)
    tcp_listen_pcbs                          0x20000210   Data           4  tcp.o(.data)
    tcp_active_pcbs                          0x20000214   Data           4  tcp.o(.data)
    tcp_tw_pcbs                              0x20000218   Data           4  tcp.o(.data)
    tcp_tmp_pcb                              0x2000021c   Data           4  tcp.o(.data)
    tcp_active_pcbs_changed                  0x20000220   Data           1  tcp.o(.data)
    tcp_input_pcb                            0x20000244   Data           4  tcp_in.o(.data)
    udp_pcbs                                 0x20000258   Data           4  udp.o(.data)
    USART_RX_BUF                             0x2000025c   Data         200  usart.o(.bss)
    lcddev                                   0x20000324   Data          14  lcd.o(.bss)
    dm9000cfg                                0x20000332   Data          18  dm9000.o(.bss)
    mem1base                                 0x20000344   Data       40960  malloc.o(.bss)
    mem1mapbase                              0x2000a344   Data        2560  malloc.o(.bss)
    lwipdev                                  0x2000ad44   Data          23  lwip_comm.o(.bss)
    lwip_netif                               0x2000ad5c   Data          52  lwip_comm.o(.bss)
    tcp_server_recvbuf                       0x2000ad90   Data        2000  tcp_server_demo.o(.bss)
    dhcp_rx_options_val                      0x2000b638   Data          40  dhcp.o(.bss)
    dhcp_rx_options_given                    0x2000b660   Data          10  dhcp.o(.bss)
    __libspace_start                         0x2000b6a4   Data          96  libspace.o(.bss)
    __temporary_stack_top$libspace           0x2000b704   Data           0  libspace.o(.bss)
    mem2base                                 0x68000000   Data       196608  malloc.o(.ARM.__AT_0x68000000)
    mem2mapbase                              0x68030000   Data       12288  malloc.o(.ARM.__AT_0x68030000)



==============================================================================

Memory Map of the image

  Image Entry point : 0x08000131

  Load Region LR_IROM1 (Base: 0x08000000, Size: 0x00016ebc, Max: 0x00080000, ABSOLUTE, COMPRESSED[0x00016d04])

    Execution Region ER_IROM1 (Base: 0x08000000, Size: 0x00016c60, Max: 0x00080000, ABSOLUTE)

    Base Addr    Size         Type   Attr      Idx    E Section Name        Object

    0x08000000   0x00000130   Data   RO          236    RESET               startup_stm32f10x_hd.o
    0x08000130   0x00000008   Code   RO         1272  * !!!main             c_w.l(__main.o)
    0x08000138   0x00000034   Code   RO         1464    !!!scatter          c_w.l(__scatter.o)
    0x0800016c   0x0000005a   Code   RO         1462    !!dczerorl2         c_w.l(__dczerorl2.o)
    0x080001c6   0x00000002   PAD
    0x080001c8   0x0000001c   Code   RO         1466    !!handler_zi        c_w.l(__scatter_zi.o)
    0x080001e4   0x00000000   Code   RO         1259    .ARM.Collect$$_printf_percent$$00000000  c_w.l(_printf_percent.o)
    0x080001e4   0x00000006   Code   RO         1257    .ARM.Collect$$_printf_percent$$00000009  c_w.l(_printf_d.o)
    0x080001ea   0x00000006   Code   RO         1258    .ARM.Collect$$_printf_percent$$0000000A  c_w.l(_printf_u.o)
    0x080001f0   0x00000006   Code   RO         1256    .ARM.Collect$$_printf_percent$$0000000C  c_w.l(_printf_x.o)
    0x080001f6   0x00000006   Code   RO         1254    .ARM.Collect$$_printf_percent$$00000013  c_w.l(_printf_c.o)
    0x080001fc   0x00000006   Code   RO         1255    .ARM.Collect$$_printf_percent$$00000014  c_w.l(_printf_s.o)
    0x08000202   0x00000004   Code   RO         1299    .ARM.Collect$$_printf_percent$$00000017  c_w.l(_printf_percent_end.o)
    0x08000206   0x00000002   Code   RO         1337    .ARM.Collect$$libinit$$00000000  c_w.l(libinit.o)
    0x08000208   0x00000000   Code   RO         1344    .ARM.Collect$$libinit$$00000002  c_w.l(libinit2.o)
    0x08000208   0x00000000   Code   RO         1346    .ARM.Collect$$libinit$$00000004  c_w.l(libinit2.o)
    0x08000208   0x00000000   Code   RO         1349    .ARM.Collect$$libinit$$0000000A  c_w.l(libinit2.o)
    0x08000208   0x00000000   Code   RO         1351    .ARM.Collect$$libinit$$0000000C  c_w.l(libinit2.o)
    0x08000208   0x00000000   Code   RO         1353    .ARM.Collect$$libinit$$0000000E  c_w.l(libinit2.o)
    0x08000208   0x00000000   Code   RO         1356    .ARM.Collect$$libinit$$00000011  c_w.l(libinit2.o)
    0x08000208   0x00000000   Code   RO         1358    .ARM.Collect$$libinit$$00000013  c_w.l(libinit2.o)
    0x08000208   0x00000000   Code   RO         1360    .ARM.Collect$$libinit$$00000015  c_w.l(libinit2.o)
    0x08000208   0x00000000   Code   RO         1362    .ARM.Collect$$libinit$$00000017  c_w.l(libinit2.o)
    0x08000208   0x00000000   Code   RO         1364    .ARM.Collect$$libinit$$00000019  c_w.l(libinit2.o)
    0x08000208   0x00000000   Code   RO         1366    .ARM.Collect$$libinit$$0000001B  c_w.l(libinit2.o)
    0x08000208   0x00000000   Code   RO         1368    .ARM.Collect$$libinit$$0000001D  c_w.l(libinit2.o)
    0x08000208   0x00000000   Code   RO         1370    .ARM.Collect$$libinit$$0000001F  c_w.l(libinit2.o)
    0x08000208   0x00000000   Code   RO         1372    .ARM.Collect$$libinit$$00000021  c_w.l(libinit2.o)
    0x08000208   0x00000000   Code   RO         1374    .ARM.Collect$$libinit$$00000023  c_w.l(libinit2.o)
    0x08000208   0x00000000   Code   RO         1376    .ARM.Collect$$libinit$$00000025  c_w.l(libinit2.o)
    0x08000208   0x00000000   Code   RO         1380    .ARM.Collect$$libinit$$0000002C  c_w.l(libinit2.o)
    0x08000208   0x00000000   Code   RO         1382    .ARM.Collect$$libinit$$0000002E  c_w.l(libinit2.o)
    0x08000208   0x00000000   Code   RO         1384    .ARM.Collect$$libinit$$00000030  c_w.l(libinit2.o)
    0x08000208   0x00000000   Code   RO         1386    .ARM.Collect$$libinit$$00000032  c_w.l(libinit2.o)
    0x08000208   0x00000002   Code   RO         1387    .ARM.Collect$$libinit$$00000033  c_w.l(libinit2.o)
    0x0800020a   0x00000002   Code   RO         1405    .ARM.Collect$$libshutdown$$00000000  c_w.l(libshutdown.o)
    0x0800020c   0x00000000   Code   RO         1416    .ARM.Collect$$libshutdown$$00000003  c_w.l(libshutdown2.o)
    0x0800020c   0x00000000   Code   RO         1419    .ARM.Collect$$libshutdown$$00000006  c_w.l(libshutdown2.o)
    0x0800020c   0x00000000   Code   RO         1422    .ARM.Collect$$libshutdown$$00000009  c_w.l(libshutdown2.o)
    0x0800020c   0x00000000   Code   RO         1424    .ARM.Collect$$libshutdown$$0000000B  c_w.l(libshutdown2.o)
    0x0800020c   0x00000000   Code   RO         1427    .ARM.Collect$$libshutdown$$0000000E  c_w.l(libshutdown2.o)
    0x0800020c   0x00000002   Code   RO         1428    .ARM.Collect$$libshutdown$$0000000F  c_w.l(libshutdown2.o)
    0x0800020e   0x00000000   Code   RO         1288    .ARM.Collect$$rtentry$$00000000  c_w.l(__rtentry.o)
    0x0800020e   0x00000000   Code   RO         1308    .ARM.Collect$$rtentry$$00000002  c_w.l(__rtentry2.o)
    0x0800020e   0x00000006   Code   RO         1320    .ARM.Collect$$rtentry$$00000004  c_w.l(__rtentry4.o)
    0x08000214   0x00000000   Code   RO         1310    .ARM.Collect$$rtentry$$00000009  c_w.l(__rtentry2.o)
    0x08000214   0x00000004   Code   RO         1311    .ARM.Collect$$rtentry$$0000000A  c_w.l(__rtentry2.o)
    0x08000218   0x00000000   Code   RO         1313    .ARM.Collect$$rtentry$$0000000C  c_w.l(__rtentry2.o)
    0x08000218   0x00000008   Code   RO         1314    .ARM.Collect$$rtentry$$0000000D  c_w.l(__rtentry2.o)
    0x08000220   0x00000002   Code   RO         1341    .ARM.Collect$$rtexit$$00000000  c_w.l(rtexit.o)
    0x08000222   0x00000000   Code   RO         1389    .ARM.Collect$$rtexit$$00000002  c_w.l(rtexit2.o)
    0x08000222   0x00000004   Code   RO         1390    .ARM.Collect$$rtexit$$00000003  c_w.l(rtexit2.o)
    0x08000226   0x00000006   Code   RO         1391    .ARM.Collect$$rtexit$$00000004  c_w.l(rtexit2.o)
    0x0800022c   0x000003d0   Code   RO            1    .text               main.o
    0x080005fc   0x0000001a   Code   RO          170    .text               stm32f10x_it.o
    0x08000616   0x00000002   PAD
    0x08000618   0x000001e0   Code   RO          205    .text               system_stm32f10x.o
    0x080007f8   0x00000040   Code   RO          237    .text               startup_stm32f10x_hd.o
    0x08000838   0x000000d4   Code   RO          241    .text               delay.o
    0x0800090c   0x00000140   Code   RO          271    .text               usart.o
    0x08000a4c   0x000000fc   Code   RO          294    .text               key.o
    0x08000b48   0x00004a96   Code   RO          307    .text               lcd.o
    0x080055de   0x00000002   PAD
    0x080055e0   0x0000004c   Code   RO          330    .text               led.o
    0x0800562c   0x00000118   Code   RO          342    .text               sram.o
    0x08005744   0x00000084   Code   RO          358    .text               timer.o
    0x080057c8   0x0000083c   Code   RO          375    .text               dm9000.o
    0x08006004   0x000000dc   Code   RO          393    .text               misc.o
    0x080060e0   0x0000060c   Code   RO          405    .text               stm32f10x_fsmc.o
    0x080066ec   0x0000035c   Code   RO          417    .text               stm32f10x_gpio.o
    0x08006a48   0x000003a4   Code   RO          429    .text               stm32f10x_rcc.o
    0x08006dec   0x00000e1a   Code   RO          443    .text               stm32f10x_tim.o
    0x08007c06   0x00000002   PAD
    0x08007c08   0x00000408   Code   RO          455    .text               stm32f10x_usart.o
    0x08008010   0x0000011c   Code   RO          467    .text               stm32f10x_exti.o
    0x0800812c   0x00000234   Code   RO          479    .text               malloc.o
    0x08008360   0x00000c34   Code   RO          501    .text               usmart.o
    0x08008f94   0x00000528   Code   RO          533    .text               usmart_str.o
    0x080094bc   0x00000528   Code   RO          545    .text               lwip_comm.o
    0x080099e4   0x000007b8   Code   RO          606    .text               tcp_server_demo.o
    0x0800a19c   0x00000dc0   Code   RO          654    .text               etharp.o
    0x0800af5c   0x0000013c   Code   RO          696    .text               ethernetif.o
    0x0800b098   0x0000041c   Code   RO          728    .text               icmp.o
    0x0800b4b4   0x000002a4   Code   RO          765    .text               inet_chksum.o
    0x0800b758   0x00000434   Code   RO          780    .text               ip.o
    0x0800bb8c   0x0000032c   Code   RO          817    .text               ip_addr.o
    0x0800beb8   0x00000a02   Code   RO          840    .text               ip_frag.o
    0x0800c8ba   0x0000003e   Code   RO          857    .text               def.o
    0x0800c8f8   0x000018e4   Code   RO          869    .text               dhcp.o
    0x0800e1dc   0x0000001c   Code   RO          895    .text               init.o
    0x0800e1f8   0x000006a4   Code   RO          928    .text               mem.o
    0x0800e89c   0x000001b4   Code   RO          943    .text               memp.o
    0x0800ea50   0x00000300   Code   RO          969    .text               netif.o
    0x0800ed50   0x0000103c   Code   RO          991    .text               pbuf.o
    0x0800fd8c   0x0000023c   Code   RO         1003    .text               raw.o
    0x0800ffc8   0x00001418   Code   RO         1023    .text               tcp.o
    0x080113e0   0x000017da   Code   RO         1047    .text               tcp_in.o
    0x08012bba   0x00000002   PAD
    0x08012bbc   0x00001250   Code   RO         1070    .text               tcp_out.o
    0x08013e0c   0x00000310   Code   RO         1083    .text               timers.o
    0x0801411c   0x000005d0   Code   RO         1100    .text               udp.o
    0x080146ec   0x0000000c   Code   RO         1129    .text               sys_arch.o
    0x080146f8   0x00000002   Code   RO         1195    .text               c_w.l(use_no_semi_2.o)
    0x080146fa   0x00000002   PAD
    0x080146fc   0x00000018   Code   RO         1201    .text               c_w.l(noretval__2printf.o)
    0x08014714   0x00000028   Code   RO         1203    .text               c_w.l(noretval__2sprintf.o)
    0x0801473c   0x0000004e   Code   RO         1207    .text               c_w.l(_printf_pad.o)
    0x0801478a   0x00000052   Code   RO         1209    .text               c_w.l(_printf_str.o)
    0x080147dc   0x00000078   Code   RO         1211    .text               c_w.l(_printf_dec.o)
    0x08014854   0x00000058   Code   RO         1216    .text               c_w.l(_printf_hex_int.o)
    0x080148ac   0x00000188   Code   RO         1251    .text               c_w.l(__printf_flags_ss_wp.o)
    0x08014a34   0x00000058   Code   RO         1260    .text               c_w.l(memcmp.o)
    0x08014a8c   0x0000003e   Code   RO         1262    .text               c_w.l(strlen.o)
    0x08014aca   0x0000008a   Code   RO         1264    .text               c_w.l(rt_memcpy_v6.o)
    0x08014b54   0x00000044   Code   RO         1266    .text               c_w.l(rt_memclr.o)
    0x08014b98   0x0000004e   Code   RO         1268    .text               c_w.l(rt_memclr_w.o)
    0x08014be6   0x00000006   Code   RO         1270    .text               c_w.l(heapauxi.o)
    0x08014bec   0x00000002   Code   RO         1286    .text               c_w.l(use_no_semi.o)
    0x08014bee   0x000000b2   Code   RO         1289    .text               c_w.l(_printf_intcommon.o)
    0x08014ca0   0x00000030   Code   RO         1291    .text               c_w.l(_printf_char_common.o)
    0x08014cd0   0x0000000a   Code   RO         1293    .text               c_w.l(_sputc.o)
    0x08014cda   0x0000002c   Code   RO         1295    .text               c_w.l(_printf_char.o)
    0x08014d06   0x00000002   PAD
    0x08014d08   0x00000024   Code   RO         1297    .text               c_w.l(_printf_char_file.o)
    0x08014d2c   0x00000064   Code   RO         1300    .text               c_w.l(rt_memcpy_w.o)
    0x08014d90   0x00000008   Code   RO         1324    .text               c_w.l(ferror.o)
    0x08014d98   0x0000004a   Code   RO         1328    .text               c_w.l(sys_stackheap_outer.o)
    0x08014de2   0x0000000c   Code   RO         1330    .text               c_w.l(exit.o)
    0x08014dee   0x00000002   PAD
    0x08014df0   0x00000008   Code   RO         1338    .text               c_w.l(libspace.o)
    0x08014df8   0x0000000e   Code   RO         1244    i._is_digit         c_w.l(__printf_wp.o)
    0x08014e06   0x00000002   PAD
    0x08014e08   0x0000005a   Code   RO         1274    x$fpl$dfixu         fz_ws.l(dfixu.o)
    0x08014e62   0x00000026   Code   RO         1278    x$fpl$dfltu         fz_ws.l(dflt_clz.o)
    0x08014e88   0x00000154   Code   RO         1284    x$fpl$dmul          fz_ws.l(dmul.o)
    0x08014fdc   0x0000009c   Code   RO         1302    x$fpl$dnaninf       fz_ws.l(dnaninf.o)
    0x08015078   0x0000000c   Code   RO         1304    x$fpl$dretinf       fz_ws.l(dretinf.o)
    0x08015084   0x00000000   Code   RO         1306    x$fpl$usenofp       fz_ws.l(usenofp.o)
    0x08015084   0x000017c0   Data   RO          309    .constdata          lcd.o
    0x08016844   0x00000018   Data   RO          483    .constdata          malloc.o
    0x0801685c   0x0000000c   Data   RO          656    .constdata          etharp.o
    0x08016868   0x00000008   Data   RO          819    .constdata          ip_addr.o
    0x08016870   0x00000028   Data   RO          945    .constdata          memp.o
    0x08016898   0x00000050   Data   RO         1024    .constdata          tcp.o
    0x080168e8   0x00000028   Data   RO         1217    .constdata          c_w.l(_printf_hex_int.o)
    0x08016910   0x00000011   Data   RO         1252    .constdata          c_w.l(__printf_flags_ss_wp.o)
    0x08016921   0x00000003   PAD
    0x08016924   0x00000028   Data   RO          502    .conststring        usmart.o
    0x0801694c   0x0000011f   Data   RO          517    .conststring        usmart_config.o
    0x08016a6b   0x00000001   PAD
    0x08016a6c   0x00000031   Data   RO          608    .conststring        tcp_server_demo.o
    0x08016a9d   0x00000003   PAD
    0x08016aa0   0x00000044   Data   RO          657    .conststring        etharp.o
    0x08016ae4   0x0000008c   Data   RO          871    .conststring        dhcp.o
    0x08016b70   0x00000075   Data   RO         1025    .conststring        tcp.o
    0x08016be5   0x00000003   PAD
    0x08016be8   0x00000055   Data   RO         1071    .conststring        tcp_out.o
    0x08016c3d   0x00000003   PAD
    0x08016c40   0x00000020   Data   RO         1460    Region$$Table       anon$$obj.o


    Execution Region RW_IRAM1 (Base: 0x20000000, Size: 0x0000bd08, Max: 0x00010000, ABSOLUTE, COMPRESSED[0x000000a4])

    Base Addr    Size         Type   Attr      Idx    E Section Name        Object

    0x20000000   0x00000014   Data   RW          206    .data               system_stm32f10x.o
    0x20000014   0x00000004   Data   RW          242    .data               delay.o
    0x20000018   0x00000006   Data   RW          273    .data               usart.o
    0x2000001e   0x00000001   Data   RW          295    .data               key.o
    0x2000001f   0x00000001   PAD
    0x20000020   0x00000004   Data   RW          310    .data               lcd.o
    0x20000024   0x00000014   Data   RW          430    .data               stm32f10x_rcc.o
    0x20000038   0x0000001c   Data   RW          484    .data               malloc.o
    0x20000054   0x0000001c   Data   RW          503    .data               usmart.o
    0x20000070   0x00000134   Data   RW          518    .data               usmart_config.o
    0x200001a4   0x00000014   Data   RW          547    .data               lwip_comm.o
    0x200001b8   0x00000005   Data   RW          609    .data               tcp_server_demo.o
    0x200001bd   0x00000001   Data   RW          658    .data               etharp.o
    0x200001be   0x00000002   PAD
    0x200001c0   0x00000012   Data   RW          781    .data               ip.o
    0x200001d2   0x00000002   PAD
    0x200001d4   0x00000006   Data   RW          841    .data               ip_frag.o
    0x200001da   0x00000002   PAD
    0x200001dc   0x00000004   Data   RW          872    .data               dhcp.o
    0x200001e0   0x00000010   Data   RW          929    .data               mem.o
    0x200001f0   0x00000004   Data   RW          946    .data               memp.o
    0x200001f4   0x00000009   Data   RW          970    .data               netif.o
    0x200001fd   0x00000003   PAD
    0x20000200   0x00000004   Data   RW         1004    .data               raw.o
    0x20000204   0x00000024   Data   RW         1026    .data               tcp.o
    0x20000228   0x00000020   Data   RW         1049    .data               tcp_in.o
    0x20000248   0x0000000c   Data   RW         1084    .data               timers.o
    0x20000254   0x00000008   Data   RW         1101    .data               udp.o
    0x2000025c   0x000000c8   Zero   RW          272    .bss                usart.o
    0x20000324   0x0000000e   Zero   RW          308    .bss                lcd.o
    0x20000332   0x00000012   Zero   RW          376    .bss                dm9000.o
    0x20000344   0x0000aa00   Zero   RW          482    .bss                malloc.o
    0x2000ad44   0x0000004c   Zero   RW          546    .bss                lwip_comm.o
    0x2000ad90   0x000007d0   Zero   RW          607    .bss                tcp_server_demo.o
    0x2000b560   0x000000c8   Zero   RW          655    .bss                etharp.o
    0x2000b628   0x00000010   Zero   RW          818    .bss                ip_addr.o
    0x2000b638   0x00000032   Zero   RW          870    .bss                dhcp.o
    0x2000b66a   0x00000002   PAD
    0x2000b66c   0x00000028   Zero   RW          944    .bss                memp.o
    0x2000b694   0x00000010   Zero   RW         1048    .bss                tcp_in.o
    0x2000b6a4   0x00000060   Zero   RW         1339    .bss                c_w.l(libspace.o)
    0x2000b704   0x00000004   PAD
    0x2000b708   0x00000200   Zero   RW          235    HEAP                startup_stm32f10x_hd.o
    0x2000b908   0x00000400   Zero   RW          234    STACK               startup_stm32f10x_hd.o



  Load Region LR$$.ARM.__AT_0x68000000 (Base: 0x68000000, Size: 0x00000000, Max: 0x00030000, ABSOLUTE)

    Execution Region ER$$.ARM.__AT_0x68000000 (Base: 0x68000000, Size: 0x00030000, Max: 0x00030000, ABSOLUTE, UNINIT)

    Base Addr    Size         Type   Attr      Idx    E Section Name        Object

    0x68000000   0x00030000   Zero   RW          480    .ARM.__AT_0x68000000  malloc.o



  Load Region LR$$.ARM.__AT_0x68030000 (Base: 0x68030000, Size: 0x00000000, Max: 0x00003000, ABSOLUTE)

    Execution Region ER$$.ARM.__AT_0x68030000 (Base: 0x68030000, Size: 0x00003000, Max: 0x00003000, ABSOLUTE, UNINIT)

    Base Addr    Size         Type   Attr      Idx    E Section Name        Object

    0x68030000   0x00003000   Zero   RW          481    .ARM.__AT_0x68030000  malloc.o


==============================================================================

Image component sizes


      Code (inc. data)   RO Data    RW Data    ZI Data      Debug   Object Name

         0          0          0          0          0         32   core_cm3.o
        62          0          0          0          0       1150   def.o
       212         18          0          4          0       1127   delay.o
      6372       1100        140          4         50      13238   dhcp.o
      2108        362          0          0         18       8220   dm9000.o
      3520        596         80          1        200      16017   etharp.o
       316        114          0          0          0       3970   ethernetif.o
      1052        374          0          0          0       2666   icmp.o
         0          0          0          0          0       3888   inet.o
       676        104          0          0          0       3077   inet_chksum.o
        28          0          0          0          0        544   init.o
      1076        174          0         18          0      16352   ip.o
       812        112          8          0         16       9623   ip_addr.o
      2562        484          0          6          0       7548   ip_frag.o
       252         12          0          1          0        880   key.o
     19094        160       6080          4         14      21954   lcd.o
        76          8          0          0          0        547   led.o
      1320        464          0         20         76      10981   lwip_comm.o
       976        330          0          0          0     273508   main.o
       564         18         24         28     252416       4744   malloc.o
      1700        532          0         16          0       4102   mem.o
       436        196         40          4         40       2936   memp.o
       220         22          0          0          0       1929   misc.o
       768        126          0          9          0       6361   netif.o
      4156       1234          0          0          0       9153   pbuf.o
       572        134          0          4          0       3469   raw.o
       280         16          0          0          0       3277   sram.o
        64         26        304          0       1536        828   startup_stm32f10x_hd.o
       284         10          0          0          0       2367   stm32f10x_exti.o
      1548         18          0          0          0       5483   stm32f10x_fsmc.o
       860         38          0          0          0       5781   stm32f10x_gpio.o
        26          0          0          0          0       1230   stm32f10x_it.o
       932         36          0         20          0       9012   stm32f10x_rcc.o
      3610         88          0          0          0      22264   stm32f10x_tim.o
      1032         22          0          0          0       8500   stm32f10x_usart.o
        12          6          0          0          0        494   sys_arch.o
       480         38          0         20          0       1895   system_stm32f10x.o
      5144       1098        197         36          0      21755   tcp.o
      6106        938          0         32         16      15295   tcp_in.o
      4688        864         85          0          0       9787   tcp_out.o
      1976        374         49          5       2000      14393   tcp_server_demo.o
       132          8          0          0          0        820   timer.o
       784        190          0         12          0       3147   timers.o
      1488        202          0          8          0      14609   udp.o
       320         16          0          6        200       3306   usart.o
      3124       1282         40         28          0       4430   usmart.o
         0          0        287        308          0       1852   usmart_config.o
      1320         12          0          0          0       5153   usmart_str.o

    ----------------------------------------------------------------------
     83148      11956       7376        604     256584     583694   Object Totals
         0          0         32          0          0          0   (incl. Generated)
         8          0         10         10          2          0   (incl. Padding)

    ----------------------------------------------------------------------

      Code (inc. data)   RO Data    RW Data    ZI Data      Debug   Library Member Name

        90          0          0          0          0          0   __dczerorl2.o
         8          0          0          0          0         68   __main.o
       392          4         17          0          0         92   __printf_flags_ss_wp.o
        14          0          0          0          0         68   __printf_wp.o
         0          0          0          0          0          0   __rtentry.o
        12          0          0          0          0          0   __rtentry2.o
         6          0          0          0          0          0   __rtentry4.o
        52          8          0          0          0          0   __scatter.o
        28          0          0          0          0          0   __scatter_zi.o
         6          0          0          0          0          0   _printf_c.o
        44          0          0          0          0        108   _printf_char.o
        48          6          0          0          0         96   _printf_char_common.o
        36          4          0          0          0         80   _printf_char_file.o
         6          0          0          0          0          0   _printf_d.o
       120         16          0          0          0         92   _printf_dec.o
        88          4         40          0          0         88   _printf_hex_int.o
       178          0          0          0          0         88   _printf_intcommon.o
        78          0          0          0          0        108   _printf_pad.o
         0          0          0          0          0          0   _printf_percent.o
         4          0          0          0          0          0   _printf_percent_end.o
         6          0          0          0          0          0   _printf_s.o
        82          0          0          0          0         80   _printf_str.o
         6          0          0          0          0          0   _printf_u.o
         6          0          0          0          0          0   _printf_x.o
        10          0          0          0          0         68   _sputc.o
        12          0          0          0          0         72   exit.o
         8          0          0          0          0         68   ferror.o
         6          0          0          0          0        152   heapauxi.o
         2          0          0          0          0          0   libinit.o
         2          0          0          0          0          0   libinit2.o
         2          0          0          0          0          0   libshutdown.o
         2          0          0          0          0          0   libshutdown2.o
         8          4          0          0         96         68   libspace.o
        88          0          0          0          0         76   memcmp.o
        24          4          0          0          0         84   noretval__2printf.o
        40          6          0          0          0         84   noretval__2sprintf.o
        68          0          0          0          0         68   rt_memclr.o
        78          0          0          0          0         80   rt_memclr_w.o
       138          0          0          0          0         68   rt_memcpy_v6.o
       100          0          0          0          0         80   rt_memcpy_w.o
         2          0          0          0          0          0   rtexit.o
        10          0          0          0          0          0   rtexit2.o
        62          0          0          0          0         76   strlen.o
        74          0          0          0          0         80   sys_stackheap_outer.o
         2          0          0          0          0         68   use_no_semi.o
         2          0          0          0          0         68   use_no_semi_2.o
        90          4          0          0          0         92   dfixu.o
        38          0          0          0          0         68   dflt_clz.o
       340         12          0          0          0        104   dmul.o
       156          4          0          0          0         92   dnaninf.o
        12          0          0          0          0         68   dretinf.o
         0          0          0          0          0          0   usenofp.o

    ----------------------------------------------------------------------
      2696         76         60          0        100       2652   Library Totals
        10          0          3          0          4          0   (incl. Padding)

    ----------------------------------------------------------------------

      Code (inc. data)   RO Data    RW Data    ZI Data      Debug   Library Name

      2050         56         57          0         96       2228   c_w.l
       636         20          0          0          0        424   fz_ws.l

    ----------------------------------------------------------------------
      2696         76         60          0        100       2652   Library Totals

    ----------------------------------------------------------------------

==============================================================================


      Code (inc. data)   RO Data    RW Data    ZI Data      Debug   

     85844      12032       7436        604     256684     580882   Grand Totals
     85844      12032       7436        164     256684     580882   ELF Image Totals (compressed)
     85844      12032       7436        164          0          0   ROM Totals

==============================================================================

    Total RO  Size (Code + RO Data)                93280 (  91.09kB)
    Total RW  Size (RW Data + ZI Data)            257288 ( 251.26kB)
    Total ROM Size (Code + RO Data + RW Data)      93444 (  91.25kB)

==============================================================================

