<html>
<body>
<pre>
<h1>礦ision Build Log</h1>
<h2>Tool Versions:</h2>
IDE-Version: 礦ision V5.14.0.0
Copyright (C) 2015 ARM Ltd and ARM Germany GmbH. All rights reserved.
License Information: Lifelong Learner, TSP, LIC=8MZGK-ZG1EW-LUC4M-X1UF0-5JICU-ZH64M
 
Tool Versions:
Toolchain:       MDK-ARM Professional  Version: 5.14.0.0
Toolchain Path:  C:\Keil_v5\ARM\ARMCC\Bin
C Compiler:      Armcc.exe V5.05 update 1 (build 106)
Assembler:       Armasm.exe V5.05 update 1 (build 106)
Linker/Locator:  ArmLink.exe V5.05 update 1 (build 106)
Library Manager: ArmAr.exe V5.05 update 1 (build 106)
Hex Converter:   FromElf.exe V5.05 update 1 (build 106)
CPU DLL:         SARMCM3.DLL V5.14.0.0
Dialog DLL:      DARMSTM.DLL V1.65.0.0
Target DLL:      Segger\JL2CM3.dll V2.99.13.0
Dialog DLL:      TARMSTM.DLL V1.64.0.0
 
<h2>Project:</h2>
D:\01Learn\STM32\9，增值资料\1，ALIENTEK 产品资料\1，ATK-HC05蓝牙串口模块\2，程序源码\（库函数版本，适合战舰V3和精英STM32开发板）扩展实验1 ATK-HC05蓝牙串口模块实验\USER\HC05.uvprojx
Project File Date:  05/19/2015

<h2>Output:</h2>
Build target 'HC05'
compiling main.c...
compiling stm32f10x_it.c...
compiling system_stm32f10x.c...
compiling led.c...
compiling key.c...
compiling lcd.c...
compiling timer.c...
compiling usart3.c...
compiling hc05.c...
compiling delay.c...
compiling sys.c...
compiling usart.c...
compiling core_cm3.c...
compiling misc.c...
compiling stm32f10x_fsmc.c...
compiling stm32f10x_gpio.c...
compiling stm32f10x_rcc.c...
compiling stm32f10x_usart.c...
compiling stm32f10x_tim.c...
compiling stm32f10x_dma.c...
compiling usmart.c...
compiling usmart_config.c...
compiling usmart_str.c...
linking...
Program Size: Code=42116 RO-data=7084 RW-data=364 ZI-data=3052  
FromELF: creating hex file...
"..\OBJ\ATK-HC05.axf" - 0 Error(s), 0 Warning(s).

<h2>Collection of Component include folders:</h2>
  D:\01Learn\STM32\9，增值资料\1，ALIENTEK 产品资料\1，ATK-HC05蓝牙串口模块\2，程序源码\（库函数版本，适合战舰V3和精英STM32开发板）扩展实验1 ATK-HC05蓝牙串口模块实验\USER\RTE
  C:\Keil_v5\ARM\PACK\Keil\STM32F1xx_DFP\1.0.5\Device\Include

<h2>Collection of Component Files used:</h2>
</pre>
</body>
</html>
