******************************************************************************
                  TI ARM Linker PC v16.9.4                     
******************************************************************************
>> Linked Fri Mar 09 14:57:01 2018

OUTPUT FILE NAME:   <hello.out>
ENTRY POINT SYMBOL: "_c_int00"  address: 00001261


MEMORY CONFIGURATION

         name            origin    length      used     unused   attr    fill
----------------------  --------  ---------  --------  --------  ----  --------
  FLASH                 00000000   00100000  00001b06  000fe4fa  R  X
  SRAM                  20000000   00040000  00000230  0003fdd0  RW X


SEGMENT ALLOCATION MAP

run origin  load origin   length   init length attrs members
----------  ----------- ---------- ----------- ----- -------
00000000    00000000    00001b08   00001b08    r-x
  00000000    00000000    00000200   00000200    r-- .intvecs
  00000200    00000200    0000155e   0000155e    r-x .text
  00001760    00001760    00000370   00000370    r-- .const
  00001ad0    00001ad0    00000038   00000038    r-- .cinit
20000000    20000000    00000230   00000000    rw-
  20000000    20000000    00000200   00000000    rw- .stack
  20000200    20000200    0000002c   00000000    rw- .data
  2000022c    2000022c    00000004   00000000    rw- .bss


SECTION ALLOCATION MAP

 output                                  attributes/
section   page    origin      length       input sections
--------  ----  ----------  ----------   ----------------
.intvecs   0    00000000    00000200     
                  00000000    00000200     startup_ccs.obj (.intvecs)

.text      0    00000200    0000155e     
                  00000200    00000350     hello.obj (.text:main)
                  00000550    00000218     pinout.obj (.text:PinoutSet)
                  00000768    000001ec     driverlib.lib : sysctl.obj (.text:SysCtlClockFreqSet)
                  00000954    000001ea     uartstdio.obj (.text:UARTvprintf)
                  00000b3e    00000132     driverlib.lib : gpio.obj (.text:GPIOPadConfigSet)
                  00000c70    000000ec     hello.obj (.text:BTIntHandler)
                  00000d5c    000000c4     driverlib.lib : eeprom.obj (.text:EEPROMProgram)
                  00000e20    0000009c     rtsv7M4_T_le_v4SPD16_eabi.lib : memcpy_t2.obj (.text)
                  00000ebc    00000098     uartstdio.obj (.text:UARTgets)
                  00000f54    00000090     hello.obj (.text:ConfigureUARTBluetooth)
                  00000fe4    0000007a     rtsv7M4_T_le_v4SPD16_eabi.lib : memset_t2.obj (.text)
                  0000105e    00000002     startup_ccs.obj (.text:FaultISR)
                  00001060    00000070     rtsv7M4_T_le_v4SPD16_eabi.lib : autoinit.obj (.text)
                  000010d0    0000006c     pinout.obj (.text:LEDWrite)
                  0000113c    00000068     rtsv7M4_T_le_v4SPD16_eabi.lib : copy_decompress_lzss.obj (.text:decompress:lzss)
                  000011a4    00000060     uartstdio.obj (.text:UARTStdioConfig)
                  00001204    0000005c     hello.obj (.text:ConfigureUART)
                  00001260    00000054     rtsv7M4_T_le_v4SPD16_eabi.lib : boot.obj (.text)
                  000012b4    00000054                                   : exit.obj (.text)
                  00001308    00000050     driverlib.lib : sysctl.obj (.text:SysCtlPeripheralReset)
                  00001358    0000004c     rtsv7M4_T_le_v4SPD16_eabi.lib : atoi.obj (.text)
                  000013a4    0000004c                                   : cpy_tbl.obj (.text)
                  000013f0    00000048     uartstdio.obj (.text:UARTwrite)
                  00001438    00000048     driverlib.lib : sysctl.obj (.text:_SysCtlFrequencyGet)
                  00001480    00000040                   : eeprom.obj (.text:EEPROMInit)
                  000014c0    00000040     hello.obj (.text:UARTSend)
                  00001500    00000040     rtsv7M4_T_le_v4SPD16_eabi.lib : u_divt2.obj (.text)
                  00001540    0000003c     driverlib.lib : eeprom.obj (.text:_EEPROMSectorMaskSet)
                  0000157c    00000038                   : eeprom.obj (.text:EEPROMRead)
                  000015b4    00000034                   : sysctl.obj (.text:SysCtlPeripheralEnable)
                  000015e8    00000034                   : eeprom.obj (.text:_EEPROMSectorMaskClear)
                  0000161c    00000034     rtsv7M4_T_le_v4SPD16_eabi.lib : strstr.obj (.text)
                  00001650    0000002a     driverlib.lib : gpio.obj (.text:GPIODirModeSet)
                  0000167a    00000002     startup_ccs.obj (.text:IntDefaultHandler)
                  0000167c    00000020     driverlib.lib : sysctl.obj (.text:_SysCtlMemTimingGet)
                  0000169c    0000001a     uartstdio.obj (.text:UARTprintf)
                  000016b6    00000002     startup_ccs.obj (.text:NmiSR)
                  000016b8    00000018     rtsv7M4_T_le_v4SPD16_eabi.lib : args_main.obj (.text)
                  000016d0    00000014                                   : _lock.obj (.text)
                  000016e4    00000014                                   : strlen.obj (.text)
                  000016f8    00000012     driverlib.lib : gpio.obj (.text:GPIOPinTypeEthernetLED)
                  0000170a    00000002     rtsv7M4_T_le_v4SPD16_eabi.lib : i_div0.obj (.text)
                  0000170c    00000010     driverlib.lib : eeprom.obj (.text:_EEPROMWaitForDone)
                  0000171c    0000000e                   : uart.obj (.text:UARTCharsAvail)
                  0000172a    0000000e     rtsv7M4_T_le_v4SPD16_eabi.lib : copy_decompress_none.obj (.text:decompress:none)
                  00001738    0000000c                                   : copy_zero_init.obj (.text:decompress:ZI)
                  00001744    00000006     driverlib.lib : gpio.obj (.text:GPIOPinWrite)
                  0000174a    00000006     startup_ccs.obj (.text:ResetISR)
                  00001750    00000006     driverlib.lib : sysctl.obj (.text:SysCtlDelay)
                  00001756    00000004     rtsv7M4_T_le_v4SPD16_eabi.lib : pre_init.obj (.text)
                  0000175a    00000002                                   : mpu_init.obj (.text)
                  0000175c    00000002                                   : startup.obj (.text)

.const     0    00001760    00000370     
                  00001760    000001b0     driverlib.lib : sysctl.obj (.const:g_pppui32XTALtoVCO)
                  00001910    00000101     rtsv7M4_T_le_v4SPD16_eabi.lib : ctype.obj (.const:.string:_ctypes_)
                  00001a11    00000003     --HOLE-- [fill = 0]
                  00001a14    0000006c     driverlib.lib : sysctl.obj (.const:g_pui32Xtals)
                  00001a80    00000030                   : sysctl.obj (.const:g_sXTALtoMEMTIM)
                  00001ab0    0000000c     uartstdio.obj (.const:g_ui32UARTBase)
                  00001abc    0000000c     uartstdio.obj (.const:g_ui32UARTPeriph)
                  00001ac8    00000008     driverlib.lib : sysctl.obj (.const)

.cinit     0    00001ad0    00000038     
                  00001ad0    00000013     (.cinit..data.load) [load image, compression = lzss]
                  00001ae3    00000001     --HOLE-- [fill = 0]
                  00001ae4    0000000c     (__TI_handler_table)
                  00001af0    00000008     (.cinit..bss.load) [load image, compression = zero_init]
                  00001af8    00000010     (__TI_cinit_table)

.init_array 
*          0    00000000    00000000     UNINITIALIZED

.stack     0    20000000    00000200     UNINITIALIZED
                  20000000    00000200     --HOLE--

.data      0    20000200    0000002c     UNINITIALIZED
                  20000200    0000000c     rtsv7M4_T_le_v4SPD16_eabi.lib : exit.obj (.data:$O1$$)
                  2000020c    0000000c     hello.obj (.data)
                  20000218    00000008     rtsv7M4_T_le_v4SPD16_eabi.lib : _lock.obj (.data:$O1$$)
                  20000220    00000005     uartstdio.obj (.data)
                  20000225    00000003     --HOLE--
                  20000228    00000004     rtsv7M4_T_le_v4SPD16_eabi.lib : stkdepth_vars.obj (.data)

.bss       0    2000022c    00000004     UNINITIALIZED
                  2000022c    00000004     (.common:g_ui32SysClock)

MODULE SUMMARY

       Module                     code   ro data   rw data
       ------                     ----   -------   -------
    .\
       hello.obj                  1384   0         16     
       startup_ccs.obj            12     512       0      
    +--+--------------------------+------+---------+---------+
       Total:                     1396   512       16     
                                                          
    .\drivers\
       pinout.obj                 644    0         0      
    +--+--------------------------+------+---------+---------+
       Total:                     644    0         0      
                                                          
    .\utils\
       uartstdio.obj              836    24        5      
    +--+--------------------------+------+---------+---------+
       Total:                     836    24        5      
                                                          
    C:/ti/TivaWare_C_Series-2.1.3.156/driverlib/ccs/Debug/driverlib.lib
       sysctl.obj                 734    596       0      
       eeprom.obj                 444    0         0      
       gpio.obj                   372    0         0      
       uart.obj                   14     0         0      
    +--+--------------------------+------+---------+---------+
       Total:                     1564   596       0      
                                                          
    C:\ti\ccsv7\tools\compiler\ti-cgt-arm_16.9.4.LTS\lib\rtsv7M4_T_le_v4SPD16_eabi.lib
       ctype.obj                  0      257       0      
       memcpy_t2.obj              156    0         0      
       memset_t2.obj              122    0         0      
       autoinit.obj               112    0         0      
       copy_decompress_lzss.obj   104    0         0      
       exit.obj                   84     0         12     
       boot.obj                   84     0         0      
       atoi.obj                   76     0         0      
       cpy_tbl.obj                76     0         0      
       u_divt2.obj                64     0         0      
       strstr.obj                 52     0         0      
       _lock.obj                  20     0         8      
       args_main.obj              24     0         0      
       strlen.obj                 20     0         0      
       copy_decompress_none.obj   14     0         0      
       copy_zero_init.obj         12     0         0      
       pre_init.obj               4      0         0      
       stkdepth_vars.obj          0      0         4      
       i_div0.obj                 2      0         0      
       mpu_init.obj               2      0         0      
       startup.obj                2      0         0      
    +--+--------------------------+------+---------+---------+
       Total:                     1030   257       24     
                                                          
       Stack:                     0      0         512    
       Linker Generated:          0      55        0      
    +--+--------------------------+------+---------+---------+
       Grand Total:               5470   1444      557    


LINKER GENERATED COPY TABLES

__TI_cinit_table @ 00001af8 records: 2, size/record: 8, table size: 16
	.data: load addr=00001ad0, load size=00000013 bytes, run addr=20000200, run size=0000002c bytes, compression=lzss
	.bss: load addr=00001af0, load size=00000008 bytes, run addr=2000022c, run size=00000004 bytes, compression=zero_init


LINKER GENERATED HANDLER TABLE

__TI_handler_table @ 00001ae4 records: 3, size/record: 4, table size: 12
	index: 0, handler: __TI_decompress_lzss
	index: 1, handler: __TI_decompress_none
	index: 2, handler: __TI_zero_init


GLOBAL SYMBOLS: SORTED ALPHABETICALLY BY Name 

address   name                           
-------   ----                           
00000c71  BTIntHandler                   
000012b5  C$$EXIT                        
00001205  ConfigureUART                  
00000f55  ConfigureUARTBluetooth         
00001481  EEPROMInit                     
00000d5d  EEPROMProgram                  
0000157d  EEPROMRead                     
00001651  GPIODirModeSet                 
00000b3f  GPIOPadConfigSet               
000016f9  GPIOPinTypeEthernetLED         
00001745  GPIOPinWrite                   
000010d1  LEDWrite                       
00000551  PinoutSet                      
0000174b  ResetISR                       
UNDEFED   SHT$$INIT_ARRAY$$Base          
UNDEFED   SHT$$INIT_ARRAY$$Limit         
00000769  SysCtlClockFreqSet             
00001751  SysCtlDelay                    
000015b5  SysCtlPeripheralEnable         
00001309  SysCtlPeripheralReset          
0000171d  UARTCharsAvail                 
000014c1  UARTSend                       
000011a5  UARTStdioConfig                
00000ebd  UARTgets                       
0000169d  UARTprintf                     
00000955  UARTvprintf                    
000013f1  UARTwrite                      
20000200  __STACK_END                    
00000200  __STACK_SIZE                   
20000200  __STACK_TOP                    
00001af8  __TI_CINIT_Base                
00001b08  __TI_CINIT_Limit               
00001ae4  __TI_Handler_Table_Base        
00001af0  __TI_Handler_Table_Limit       
00001061  __TI_auto_init                 
20000200  __TI_cleanup_ptr               
0000113d  __TI_decompress_lzss           
0000172b  __TI_decompress_none           
20000204  __TI_dtors_ptr                 
20000208  __TI_enable_exit_profile_output
ffffffff  __TI_pprof_out_hndl            
ffffffff  __TI_prof_data_size            
ffffffff  __TI_prof_data_start           
00000000  __TI_static_base__             
00001739  __TI_zero_init                 
0000170b  __aeabi_idiv0                  
00000fe5  __aeabi_memclr                 
00000fe5  __aeabi_memclr4                
00000fe5  __aeabi_memclr8                
00000e21  __aeabi_memcpy                 
00000e21  __aeabi_memcpy4                
00000e21  __aeabi_memcpy8                
00000fe7  __aeabi_memset                 
00000fe7  __aeabi_memset4                
00000fe7  __aeabi_memset8                
00001501  __aeabi_uidiv                  
00001501  __aeabi_uidivmod               
ffffffff  __binit__                      
ffffffff  __c_args__                     
0000175b  __mpu_init                     
20000000  __stack                        
000016b9  _args_main                     
00001261  _c_int00                       
00001910  _ctypes_                       
20000218  _lock                          
000016df  _nop                           
000016d7  _register_lock                 
000016d1  _register_unlock               
0000175d  _system_post_cinit             
00001757  _system_pre_init               
2000021c  _unlock                        
000012b9  abort                          
00001359  atoi                           
ffffffff  binit                          
000013a5  copy_in                        
20000214  eepromAddr                     
000012c1  exit                           
2000020c  flagMode                       
20000210  flagcmd                        
00000000  g_pfnVectors                   
2000022c  g_ui32SysClock                 
00000201  main                           
20000228  main_func_sp                   
00000e21  memcpy                         
00000fed  memset                         
000016e5  strlen                         
0000161d  strstr                         


GLOBAL SYMBOLS: SORTED BY Symbol Address 

address   name                           
-------   ----                           
00000000  __TI_static_base__             
00000000  g_pfnVectors                   
00000200  __STACK_SIZE                   
00000201  main                           
00000551  PinoutSet                      
00000769  SysCtlClockFreqSet             
00000955  UARTvprintf                    
00000b3f  GPIOPadConfigSet               
00000c71  BTIntHandler                   
00000d5d  EEPROMProgram                  
00000e21  __aeabi_memcpy                 
00000e21  __aeabi_memcpy4                
00000e21  __aeabi_memcpy8                
00000e21  memcpy                         
00000ebd  UARTgets                       
00000f55  ConfigureUARTBluetooth         
00000fe5  __aeabi_memclr                 
00000fe5  __aeabi_memclr4                
00000fe5  __aeabi_memclr8                
00000fe7  __aeabi_memset                 
00000fe7  __aeabi_memset4                
00000fe7  __aeabi_memset8                
00000fed  memset                         
00001061  __TI_auto_init                 
000010d1  LEDWrite                       
0000113d  __TI_decompress_lzss           
000011a5  UARTStdioConfig                
00001205  ConfigureUART                  
00001261  _c_int00                       
000012b5  C$$EXIT                        
000012b9  abort                          
000012c1  exit                           
00001309  SysCtlPeripheralReset          
00001359  atoi                           
000013a5  copy_in                        
000013f1  UARTwrite                      
00001481  EEPROMInit                     
000014c1  UARTSend                       
00001501  __aeabi_uidiv                  
00001501  __aeabi_uidivmod               
0000157d  EEPROMRead                     
000015b5  SysCtlPeripheralEnable         
0000161d  strstr                         
00001651  GPIODirModeSet                 
0000169d  UARTprintf                     
000016b9  _args_main                     
000016d1  _register_unlock               
000016d7  _register_lock                 
000016df  _nop                           
000016e5  strlen                         
000016f9  GPIOPinTypeEthernetLED         
0000170b  __aeabi_idiv0                  
0000171d  UARTCharsAvail                 
0000172b  __TI_decompress_none           
00001739  __TI_zero_init                 
00001745  GPIOPinWrite                   
0000174b  ResetISR                       
00001751  SysCtlDelay                    
00001757  _system_pre_init               
0000175b  __mpu_init                     
0000175d  _system_post_cinit             
00001910  _ctypes_                       
00001ae4  __TI_Handler_Table_Base        
00001af0  __TI_Handler_Table_Limit       
00001af8  __TI_CINIT_Base                
00001b08  __TI_CINIT_Limit               
20000000  __stack                        
20000200  __STACK_END                    
20000200  __STACK_TOP                    
20000200  __TI_cleanup_ptr               
20000204  __TI_dtors_ptr                 
20000208  __TI_enable_exit_profile_output
2000020c  flagMode                       
20000210  flagcmd                        
20000214  eepromAddr                     
20000218  _lock                          
2000021c  _unlock                        
20000228  main_func_sp                   
2000022c  g_ui32SysClock                 
ffffffff  __TI_pprof_out_hndl            
ffffffff  __TI_prof_data_size            
ffffffff  __TI_prof_data_start           
ffffffff  __binit__                      
ffffffff  __c_args__                     
ffffffff  binit                          
UNDEFED   SHT$$INIT_ARRAY$$Base          
UNDEFED   SHT$$INIT_ARRAY$$Limit         

[87 symbols]
