<?xml version="1.0"?>
<link_info>
   <banner>TI ARM Linker PC v16.9.4.LTS</banner>
   <copyright>Copyright (c) 1996-2017 Texas Instruments Incorporated</copyright>
   <link_time>0x5ad082dc</link_time>
   <link_errors>0x0</link_errors>
   <output_file>hello.out</output_file>
   <entry_point>
      <name>_c_int00</name>
      <address>0x1639</address>
   </entry_point>
   <input_file_list>
      <input_file id="fl-2">
         <path>.\</path>
         <kind>object</kind>
         <file>bl_fs.obj</file>
         <name>bl_fs.obj</name>
      </input_file>
      <input_file id="fl-3">
         <path>.\</path>
         <kind>object</kind>
         <file>hello.obj</file>
         <name>hello.obj</name>
      </input_file>
      <input_file id="fl-4">
         <path>.\</path>
         <kind>object</kind>
         <file>startup_ccs.obj</file>
         <name>startup_ccs.obj</name>
      </input_file>
      <input_file id="fl-5">
         <path>.\drivers\</path>
         <kind>object</kind>
         <file>pinout.obj</file>
         <name>pinout.obj</name>
      </input_file>
      <input_file id="fl-6">
         <path>.\utils\</path>
         <kind>object</kind>
         <file>uartstdio.obj</file>
         <name>uartstdio.obj</name>
      </input_file>
      <input_file id="fl-b">
         <kind>object</kind>
         <file>&lt;internal&gt;</file>
         <name>&lt;internal&gt;</name>
      </input_file>
      <input_file id="fl-c1">
         <path>C:\ti\ccsv7\tools\compiler\ti-cgt-arm_16.9.4.LTS\lib\</path>
         <kind>archive</kind>
         <file>rtsv7M4_T_le_v4SPD16_eabi.lib</file>
         <name>boot.obj</name>
      </input_file>
      <input_file id="fl-c2">
         <path>C:\ti\ccsv7\tools\compiler\ti-cgt-arm_16.9.4.LTS\lib\</path>
         <kind>archive</kind>
         <file>rtsv7M4_T_le_v4SPD16_eabi.lib</file>
         <name>copy_decompress_lzss.obj</name>
      </input_file>
      <input_file id="fl-c3">
         <path>C:\ti\ccsv7\tools\compiler\ti-cgt-arm_16.9.4.LTS\lib\</path>
         <kind>archive</kind>
         <file>rtsv7M4_T_le_v4SPD16_eabi.lib</file>
         <name>copy_decompress_none.obj</name>
      </input_file>
      <input_file id="fl-c4">
         <path>C:\ti\ccsv7\tools\compiler\ti-cgt-arm_16.9.4.LTS\lib\</path>
         <kind>archive</kind>
         <file>rtsv7M4_T_le_v4SPD16_eabi.lib</file>
         <name>copy_zero_init.obj</name>
      </input_file>
      <input_file id="fl-c5">
         <path>C:\ti\ccsv7\tools\compiler\ti-cgt-arm_16.9.4.LTS\lib\</path>
         <kind>archive</kind>
         <file>rtsv7M4_T_le_v4SPD16_eabi.lib</file>
         <name>exit.obj</name>
      </input_file>
      <input_file id="fl-c6">
         <path>C:\ti\ccsv7\tools\compiler\ti-cgt-arm_16.9.4.LTS\lib\</path>
         <kind>archive</kind>
         <file>rtsv7M4_T_le_v4SPD16_eabi.lib</file>
         <name>memcpy_t2.obj</name>
      </input_file>
      <input_file id="fl-c7">
         <path>C:\ti\ccsv7\tools\compiler\ti-cgt-arm_16.9.4.LTS\lib\</path>
         <kind>archive</kind>
         <file>rtsv7M4_T_le_v4SPD16_eabi.lib</file>
         <name>memory.obj</name>
      </input_file>
      <input_file id="fl-c8">
         <path>C:\ti\ccsv7\tools\compiler\ti-cgt-arm_16.9.4.LTS\lib\</path>
         <kind>archive</kind>
         <file>rtsv7M4_T_le_v4SPD16_eabi.lib</file>
         <name>memset_t2.obj</name>
      </input_file>
      <input_file id="fl-c9">
         <path>C:\ti\ccsv7\tools\compiler\ti-cgt-arm_16.9.4.LTS\lib\</path>
         <kind>archive</kind>
         <file>rtsv7M4_T_le_v4SPD16_eabi.lib</file>
         <name>mpu_init.obj</name>
      </input_file>
      <input_file id="fl-ca">
         <path>C:\ti\ccsv7\tools\compiler\ti-cgt-arm_16.9.4.LTS\lib\</path>
         <kind>archive</kind>
         <file>rtsv7M4_T_le_v4SPD16_eabi.lib</file>
         <name>pre_init.obj</name>
      </input_file>
      <input_file id="fl-cb">
         <path>C:\ti\ccsv7\tools\compiler\ti-cgt-arm_16.9.4.LTS\lib\</path>
         <kind>archive</kind>
         <file>rtsv7M4_T_le_v4SPD16_eabi.lib</file>
         <name>sprintf.obj</name>
      </input_file>
      <input_file id="fl-cc">
         <path>C:\ti\ccsv7\tools\compiler\ti-cgt-arm_16.9.4.LTS\lib\</path>
         <kind>archive</kind>
         <file>rtsv7M4_T_le_v4SPD16_eabi.lib</file>
         <name>stkdepth_vars.obj</name>
      </input_file>
      <input_file id="fl-cd">
         <path>C:\ti\ccsv7\tools\compiler\ti-cgt-arm_16.9.4.LTS\lib\</path>
         <kind>archive</kind>
         <file>rtsv7M4_T_le_v4SPD16_eabi.lib</file>
         <name>strlen.obj</name>
      </input_file>
      <input_file id="fl-ce">
         <path>C:\ti\ccsv7\tools\compiler\ti-cgt-arm_16.9.4.LTS\lib\</path>
         <kind>archive</kind>
         <file>rtsv7M4_T_le_v4SPD16_eabi.lib</file>
         <name>strstr.obj</name>
      </input_file>
      <input_file id="fl-cf">
         <path>C:\ti\ccsv7\tools\compiler\ti-cgt-arm_16.9.4.LTS\lib\</path>
         <kind>archive</kind>
         <file>rtsv7M4_T_le_v4SPD16_eabi.lib</file>
         <name>u_divt2.obj</name>
      </input_file>
      <input_file id="fl-d0">
         <path>C:\ti\ccsv7\tools\compiler\ti-cgt-arm_16.9.4.LTS\lib\</path>
         <kind>archive</kind>
         <file>rtsv7M4_T_le_v4SPD16_eabi.lib</file>
         <name>_lock.obj</name>
      </input_file>
      <input_file id="fl-d1">
         <path>C:\ti\ccsv7\tools\compiler\ti-cgt-arm_16.9.4.LTS\lib\</path>
         <kind>archive</kind>
         <file>rtsv7M4_T_le_v4SPD16_eabi.lib</file>
         <name>_printfi.obj</name>
      </input_file>
      <input_file id="fl-d2">
         <path>C:\ti\ccsv7\tools\compiler\ti-cgt-arm_16.9.4.LTS\lib\</path>
         <kind>archive</kind>
         <file>rtsv7M4_T_le_v4SPD16_eabi.lib</file>
         <name>args_main.obj</name>
      </input_file>
      <input_file id="fl-d3">
         <path>C:\ti\ccsv7\tools\compiler\ti-cgt-arm_16.9.4.LTS\lib\</path>
         <kind>archive</kind>
         <file>rtsv7M4_T_le_v4SPD16_eabi.lib</file>
         <name>atoi.obj</name>
      </input_file>
      <input_file id="fl-d4">
         <path>C:\ti\ccsv7\tools\compiler\ti-cgt-arm_16.9.4.LTS\lib\</path>
         <kind>archive</kind>
         <file>rtsv7M4_T_le_v4SPD16_eabi.lib</file>
         <name>autoinit.obj</name>
      </input_file>
      <input_file id="fl-d5">
         <path>C:\ti\ccsv7\tools\compiler\ti-cgt-arm_16.9.4.LTS\lib\</path>
         <kind>archive</kind>
         <file>rtsv7M4_T_le_v4SPD16_eabi.lib</file>
         <name>cpy_tbl.obj</name>
      </input_file>
      <input_file id="fl-d6">
         <path>C:\ti\ccsv7\tools\compiler\ti-cgt-arm_16.9.4.LTS\lib\</path>
         <kind>archive</kind>
         <file>rtsv7M4_T_le_v4SPD16_eabi.lib</file>
         <name>ctype.obj</name>
      </input_file>
      <input_file id="fl-d7">
         <path>C:\ti\ccsv7\tools\compiler\ti-cgt-arm_16.9.4.LTS\lib\</path>
         <kind>archive</kind>
         <file>rtsv7M4_T_le_v4SPD16_eabi.lib</file>
         <name>fd_add_t2.obj</name>
      </input_file>
      <input_file id="fl-d8">
         <path>C:\ti\ccsv7\tools\compiler\ti-cgt-arm_16.9.4.LTS\lib\</path>
         <kind>archive</kind>
         <file>rtsv7M4_T_le_v4SPD16_eabi.lib</file>
         <name>fd_cmp_t2.obj</name>
      </input_file>
      <input_file id="fl-d9">
         <path>C:\ti\ccsv7\tools\compiler\ti-cgt-arm_16.9.4.LTS\lib\</path>
         <kind>archive</kind>
         <file>rtsv7M4_T_le_v4SPD16_eabi.lib</file>
         <name>fd_div_t2.obj</name>
      </input_file>
      <input_file id="fl-da">
         <path>C:\ti\ccsv7\tools\compiler\ti-cgt-arm_16.9.4.LTS\lib\</path>
         <kind>archive</kind>
         <file>rtsv7M4_T_le_v4SPD16_eabi.lib</file>
         <name>fd_mul_t2.obj</name>
      </input_file>
      <input_file id="fl-db">
         <path>C:\ti\ccsv7\tools\compiler\ti-cgt-arm_16.9.4.LTS\lib\</path>
         <kind>archive</kind>
         <file>rtsv7M4_T_le_v4SPD16_eabi.lib</file>
         <name>fd_toi_t2.obj</name>
      </input_file>
      <input_file id="fl-dc">
         <path>C:\ti\ccsv7\tools\compiler\ti-cgt-arm_16.9.4.LTS\lib\</path>
         <kind>archive</kind>
         <file>rtsv7M4_T_le_v4SPD16_eabi.lib</file>
         <name>i_div0.obj</name>
      </input_file>
      <input_file id="fl-dd">
         <path>C:\ti\ccsv7\tools\compiler\ti-cgt-arm_16.9.4.LTS\lib\</path>
         <kind>archive</kind>
         <file>rtsv7M4_T_le_v4SPD16_eabi.lib</file>
         <name>i_tofd_t2.obj</name>
      </input_file>
      <input_file id="fl-de">
         <path>C:\ti\ccsv7\tools\compiler\ti-cgt-arm_16.9.4.LTS\lib\</path>
         <kind>archive</kind>
         <file>rtsv7M4_T_le_v4SPD16_eabi.lib</file>
         <name>ltoa.obj</name>
      </input_file>
      <input_file id="fl-df">
         <path>C:\ti\ccsv7\tools\compiler\ti-cgt-arm_16.9.4.LTS\lib\</path>
         <kind>archive</kind>
         <file>rtsv7M4_T_le_v4SPD16_eabi.lib</file>
         <name>memccpy.obj</name>
      </input_file>
      <input_file id="fl-e0">
         <path>C:\ti\ccsv7\tools\compiler\ti-cgt-arm_16.9.4.LTS\lib\</path>
         <kind>archive</kind>
         <file>rtsv7M4_T_le_v4SPD16_eabi.lib</file>
         <name>s_frexp.obj</name>
      </input_file>
      <input_file id="fl-e1">
         <path>C:\ti\ccsv7\tools\compiler\ti-cgt-arm_16.9.4.LTS\lib\</path>
         <kind>archive</kind>
         <file>rtsv7M4_T_le_v4SPD16_eabi.lib</file>
         <name>s_scalbn.obj</name>
      </input_file>
      <input_file id="fl-e2">
         <path>C:\ti\ccsv7\tools\compiler\ti-cgt-arm_16.9.4.LTS\lib\</path>
         <kind>archive</kind>
         <file>rtsv7M4_T_le_v4SPD16_eabi.lib</file>
         <name>startup.obj</name>
      </input_file>
      <input_file id="fl-e3">
         <path>C:\ti\ccsv7\tools\compiler\ti-cgt-arm_16.9.4.LTS\lib\</path>
         <kind>archive</kind>
         <file>rtsv7M4_T_le_v4SPD16_eabi.lib</file>
         <name>strchr.obj</name>
      </input_file>
      <input_file id="fl-e4">
         <path>C:\ti\ccsv7\tools\compiler\ti-cgt-arm_16.9.4.LTS\lib\</path>
         <kind>archive</kind>
         <file>rtsv7M4_T_le_v4SPD16_eabi.lib</file>
         <name>ull_div_t2.obj</name>
      </input_file>
      <input_file id="fl-e5">
         <path>C:\ti\ccsv7\tools\compiler\ti-cgt-arm_16.9.4.LTS\lib\</path>
         <kind>archive</kind>
         <file>rtsv7M4_T_le_v4SPD16_eabi.lib</file>
         <name>errno.obj</name>
      </input_file>
      <input_file id="fl-e6">
         <path>C:\ti\ccsv7\tools\compiler\ti-cgt-arm_16.9.4.LTS\lib\</path>
         <kind>archive</kind>
         <file>rtsv7M4_T_le_v4SPD16_eabi.lib</file>
         <name>s_copysign.obj</name>
      </input_file>
      <input_file id="fl-e7">
         <path>C:\ti\TivaWare_C_Series-2.1.3.156\driverlib\ccs\Debug\</path>
         <kind>archive</kind>
         <file>driverlib.lib</file>
         <name>eeprom.obj</name>
      </input_file>
      <input_file id="fl-e8">
         <path>C:\ti\TivaWare_C_Series-2.1.3.156\driverlib\ccs\Debug\</path>
         <kind>archive</kind>
         <file>driverlib.lib</file>
         <name>gpio.obj</name>
      </input_file>
      <input_file id="fl-e9">
         <path>C:\ti\TivaWare_C_Series-2.1.3.156\driverlib\ccs\Debug\</path>
         <kind>archive</kind>
         <file>driverlib.lib</file>
         <name>interrupt.obj</name>
      </input_file>
      <input_file id="fl-ea">
         <path>C:\ti\TivaWare_C_Series-2.1.3.156\driverlib\ccs\Debug\</path>
         <kind>archive</kind>
         <file>driverlib.lib</file>
         <name>sysctl.obj</name>
      </input_file>
      <input_file id="fl-eb">
         <path>C:\ti\TivaWare_C_Series-2.1.3.156\driverlib\ccs\Debug\</path>
         <kind>archive</kind>
         <file>driverlib.lib</file>
         <name>uart.obj</name>
      </input_file>
      <input_file id="fl-ec">
         <path>C:\ti\TivaWare_C_Series-2.1.3.156\driverlib\ccs\Debug\</path>
         <kind>archive</kind>
         <file>driverlib.lib</file>
         <name>cpu.obj</name>
      </input_file>
   </input_file_list>
   <object_component_list>
      <object_component id="oc-f">
         <name>.intvecs</name>
         <load_address>0x0</load_address>
         <run_address>0x0</run_address>
         <size>0x200</size>
         <input_file_ref idref="fl-4"/>
      </object_component>
      <object_component id="oc-12e">
         <name>.text</name>
         <load_address>0x200</load_address>
         <run_address>0x200</run_address>
         <size>0x3d0</size>
         <input_file_ref idref="fl-c7"/>
      </object_component>
      <object_component id="oc-f9">
         <name>.text:main</name>
         <load_address>0x5d0</load_address>
         <run_address>0x5d0</run_address>
         <size>0x350</size>
         <input_file_ref idref="fl-3"/>
      </object_component>
      <object_component id="oc-166">
         <name>.text:PinoutSet</name>
         <load_address>0x920</load_address>
         <run_address>0x920</run_address>
         <size>0x218</size>
         <input_file_ref idref="fl-5"/>
      </object_component>
      <object_component id="oc-160">
         <name>.text:SysCtlClockFreqSet</name>
         <load_address>0xb38</load_address>
         <run_address>0xb38</run_address>
         <size>0x1ec</size>
         <input_file_ref idref="fl-ea"/>
      </object_component>
      <object_component id="oc-121">
         <name>.text:UARTvprintf</name>
         <load_address>0xd24</load_address>
         <run_address>0xd24</run_address>
         <size>0x1ea</size>
         <input_file_ref idref="fl-6"/>
      </object_component>
      <object_component id="oc-1f7">
         <name>.text:GPIOPadConfigSet</name>
         <load_address>0xf0e</load_address>
         <run_address>0xf0e</run_address>
         <size>0x132</size>
         <input_file_ref idref="fl-e8"/>
      </object_component>
      <object_component id="oc-46">
         <name>.text:BTIntHandler</name>
         <load_address>0x1040</load_address>
         <run_address>0x1040</run_address>
         <size>0xf4</size>
         <input_file_ref idref="fl-3"/>
      </object_component>
      <object_component id="oc-b4">
         <name>.text:EEPROMProgram</name>
         <load_address>0x1134</load_address>
         <run_address>0x1134</run_address>
         <size>0xc4</size>
         <input_file_ref idref="fl-e7"/>
      </object_component>
      <object_component id="oc-5a">
         <name>.text</name>
         <load_address>0x11f8</load_address>
         <run_address>0x11f8</run_address>
         <size>0x9c</size>
         <input_file_ref idref="fl-c6"/>
      </object_component>
      <object_component id="oc-19c">
         <name>.text:UARTgets</name>
         <load_address>0x1294</load_address>
         <run_address>0x1294</run_address>
         <size>0x98</size>
         <input_file_ref idref="fl-6"/>
      </object_component>
      <object_component id="oc-178">
         <name>.text:ConfigureUARTBluetooth</name>
         <load_address>0x132c</load_address>
         <run_address>0x132c</run_address>
         <size>0x90</size>
         <input_file_ref idref="fl-3"/>
      </object_component>
      <object_component id="oc-66">
         <name>.text</name>
         <load_address>0x13bc</load_address>
         <run_address>0x13bc</run_address>
         <size>0x7a</size>
         <input_file_ref idref="fl-c8"/>
      </object_component>
      <object_component id="oc-3a">
         <name>.text:FaultISR</name>
         <load_address>0x1436</load_address>
         <run_address>0x1436</run_address>
         <size>0x2</size>
         <input_file_ref idref="fl-4"/>
      </object_component>
      <object_component id="oc-7e">
         <name>.text</name>
         <load_address>0x1438</load_address>
         <run_address>0x1438</run_address>
         <size>0x70</size>
         <input_file_ref idref="fl-d4"/>
      </object_component>
      <object_component id="oc-196">
         <name>.text:LEDWrite</name>
         <load_address>0x14a8</load_address>
         <run_address>0x14a8</run_address>
         <size>0x6c</size>
         <input_file_ref idref="fl-5"/>
      </object_component>
      <object_component id="oc-12">
         <name>.text:decompress:lzss</name>
         <load_address>0x1514</load_address>
         <run_address>0x1514</run_address>
         <size>0x68</size>
         <input_file_ref idref="fl-c2"/>
      </object_component>
      <object_component id="oc-207">
         <name>.text:UARTStdioConfig</name>
         <load_address>0x157c</load_address>
         <run_address>0x157c</run_address>
         <size>0x60</size>
         <input_file_ref idref="fl-6"/>
      </object_component>
      <object_component id="oc-172">
         <name>.text:ConfigureUART</name>
         <load_address>0x15dc</load_address>
         <run_address>0x15dc</run_address>
         <size>0x5c</size>
         <input_file_ref idref="fl-3"/>
      </object_component>
      <object_component id="oc-24">
         <name>.text</name>
         <load_address>0x1638</load_address>
         <run_address>0x1638</run_address>
         <size>0x54</size>
         <input_file_ref idref="fl-c1"/>
      </object_component>
      <object_component id="oc-8a">
         <name>.text</name>
         <load_address>0x168c</load_address>
         <run_address>0x168c</run_address>
         <size>0x54</size>
         <input_file_ref idref="fl-c5"/>
      </object_component>
      <object_component id="oc-216">
         <name>.text:SysCtlPeripheralReset</name>
         <load_address>0x16e0</load_address>
         <run_address>0x16e0</run_address>
         <size>0x50</size>
         <input_file_ref idref="fl-ea"/>
      </object_component>
      <object_component id="oc-eb">
         <name>.text</name>
         <load_address>0x1730</load_address>
         <run_address>0x1730</run_address>
         <size>0x4c</size>
         <input_file_ref idref="fl-d5"/>
      </object_component>
      <object_component id="oc-1bd">
         <name>.text:UARTwrite</name>
         <load_address>0x177c</load_address>
         <run_address>0x177c</run_address>
         <size>0x48</size>
         <input_file_ref idref="fl-6"/>
      </object_component>
      <object_component id="oc-1e6">
         <name>.text:_SysCtlFrequencyGet</name>
         <load_address>0x17c4</load_address>
         <run_address>0x17c4</run_address>
         <size>0x48</size>
         <input_file_ref idref="fl-ea"/>
      </object_component>
      <object_component id="oc-ae">
         <name>.text:CharToUint32</name>
         <load_address>0x180c</load_address>
         <run_address>0x180c</run_address>
         <size>0x40</size>
         <input_file_ref idref="fl-3"/>
      </object_component>
      <object_component id="oc-184">
         <name>.text:EEPROMInit</name>
         <load_address>0x184c</load_address>
         <run_address>0x184c</run_address>
         <size>0x40</size>
         <input_file_ref idref="fl-e7"/>
      </object_component>
      <object_component id="oc-18a">
         <name>.text:UARTSend</name>
         <load_address>0x188c</load_address>
         <run_address>0x188c</run_address>
         <size>0x40</size>
         <input_file_ref idref="fl-3"/>
      </object_component>
      <object_component id="oc-1c3">
         <name>.text</name>
         <load_address>0x18cc</load_address>
         <run_address>0x18cc</run_address>
         <size>0x40</size>
         <input_file_ref idref="fl-cf"/>
      </object_component>
      <object_component id="oc-13b">
         <name>.text:_EEPROMSectorMaskSet</name>
         <load_address>0x190c</load_address>
         <run_address>0x190c</run_address>
         <size>0x3c</size>
         <input_file_ref idref="fl-e7"/>
      </object_component>
      <object_component id="oc-c0">
         <name>.text:EEPROMRead</name>
         <load_address>0x1948</load_address>
         <run_address>0x1948</run_address>
         <size>0x38</size>
         <input_file_ref idref="fl-e7"/>
      </object_component>
      <object_component id="oc-17e">
         <name>.text:SysCtlPeripheralEnable</name>
         <load_address>0x1980</load_address>
         <run_address>0x1980</run_address>
         <size>0x34</size>
         <input_file_ref idref="fl-ea"/>
      </object_component>
      <object_component id="oc-135">
         <name>.text:_EEPROMSectorMaskClear</name>
         <load_address>0x19b4</load_address>
         <run_address>0x19b4</run_address>
         <size>0x34</size>
         <input_file_ref idref="fl-e7"/>
      </object_component>
      <object_component id="oc-a2">
         <name>.text</name>
         <load_address>0x19e8</load_address>
         <run_address>0x19e8</run_address>
         <size>0x34</size>
         <input_file_ref idref="fl-ce"/>
      </object_component>
      <object_component id="oc-260">
         <name>.text:GPIODirModeSet</name>
         <load_address>0x1a1c</load_address>
         <run_address>0x1a1c</run_address>
         <size>0x2a</size>
         <input_file_ref idref="fl-e8"/>
      </object_component>
      <object_component id="oc-40">
         <name>.text:IntDefaultHandler</name>
         <load_address>0x1a46</load_address>
         <run_address>0x1a46</run_address>
         <size>0x2</size>
         <input_file_ref idref="fl-4"/>
      </object_component>
      <object_component id="oc-1e0">
         <name>.text:_SysCtlMemTimingGet</name>
         <load_address>0x1a48</load_address>
         <run_address>0x1a48</run_address>
         <size>0x20</size>
         <input_file_ref idref="fl-ea"/>
      </object_component>
      <object_component id="oc-a8">
         <name>.text:UARTprintf</name>
         <load_address>0x1a68</load_address>
         <run_address>0x1a68</run_address>
         <size>0x1a</size>
         <input_file_ref idref="fl-6"/>
      </object_component>
      <object_component id="oc-ba">
         <name>.text:Uint32ToChar</name>
         <load_address>0x1a82</load_address>
         <run_address>0x1a82</run_address>
         <size>0x1a</size>
         <input_file_ref idref="fl-3"/>
      </object_component>
      <object_component id="oc-84">
         <name>.text</name>
         <load_address>0x1a9c</load_address>
         <run_address>0x1a9c</run_address>
         <size>0x18</size>
         <input_file_ref idref="fl-d2"/>
      </object_component>
      <object_component id="oc-1ad">
         <name>.text</name>
         <load_address>0x1ab4</load_address>
         <run_address>0x1ab4</run_address>
         <size>0x14</size>
         <input_file_ref idref="fl-d0"/>
      </object_component>
      <object_component id="oc-190">
         <name>.text</name>
         <load_address>0x1ac8</load_address>
         <run_address>0x1ac8</run_address>
         <size>0x14</size>
         <input_file_ref idref="fl-cd"/>
      </object_component>
      <object_component id="oc-1fd">
         <name>.text:GPIOPinTypeEthernetLED</name>
         <load_address>0x1adc</load_address>
         <run_address>0x1adc</run_address>
         <size>0x12</size>
         <input_file_ref idref="fl-e8"/>
      </object_component>
      <object_component id="oc-34">
         <name>.text:NmiSR</name>
         <load_address>0x1aee</load_address>
         <run_address>0x1aee</run_address>
         <size>0x2</size>
         <input_file_ref idref="fl-4"/>
      </object_component>
      <object_component id="oc-210">
         <name>.text:_EEPROMWaitForDone</name>
         <load_address>0x1af0</load_address>
         <run_address>0x1af0</run_address>
         <size>0x10</size>
         <input_file_ref idref="fl-e7"/>
      </object_component>
      <object_component id="oc-9c">
         <name>.text:UARTCharsAvail</name>
         <load_address>0x1b00</load_address>
         <run_address>0x1b00</run_address>
         <size>0xe</size>
         <input_file_ref idref="fl-eb"/>
      </object_component>
      <object_component id="oc-18">
         <name>.text:decompress:none</name>
         <load_address>0x1b0e</load_address>
         <run_address>0x1b0e</run_address>
         <size>0xe</size>
         <input_file_ref idref="fl-c3"/>
      </object_component>
      <object_component id="oc-1e">
         <name>.text:decompress:ZI</name>
         <load_address>0x1b1c</load_address>
         <run_address>0x1b1c</run_address>
         <size>0xc</size>
         <input_file_ref idref="fl-c4"/>
      </object_component>
      <object_component id="oc-16c">
         <name>.text:GPIOPinWrite</name>
         <load_address>0x1b28</load_address>
         <run_address>0x1b28</run_address>
         <size>0x6</size>
         <input_file_ref idref="fl-e8"/>
      </object_component>
      <object_component id="oc-2e">
         <name>.text:ResetISR</name>
         <load_address>0x1b2e</load_address>
         <run_address>0x1b2e</run_address>
         <size>0x6</size>
         <input_file_ref idref="fl-4"/>
      </object_component>
      <object_component id="oc-141">
         <name>.text:SysCtlDelay</name>
         <load_address>0x1b34</load_address>
         <run_address>0x1b34</run_address>
         <size>0x6</size>
         <input_file_ref idref="fl-ea"/>
      </object_component>
      <object_component id="oc-78">
         <name>.text</name>
         <load_address>0x1b3a</load_address>
         <run_address>0x1b3a</run_address>
         <size>0x4</size>
         <input_file_ref idref="fl-ca"/>
      </object_component>
      <object_component id="oc-229">
         <name>.text</name>
         <load_address>0x1b3e</load_address>
         <run_address>0x1b3e</run_address>
         <size>0x2</size>
         <input_file_ref idref="fl-dc"/>
      </object_component>
      <object_component id="oc-72">
         <name>.text</name>
         <load_address>0x1b40</load_address>
         <run_address>0x1b40</run_address>
         <size>0x2</size>
         <input_file_ref idref="fl-c9"/>
      </object_component>
      <object_component id="oc-f1">
         <name>.text</name>
         <load_address>0x1b42</load_address>
         <run_address>0x1b42</run_address>
         <size>0x2</size>
         <input_file_ref idref="fl-e2"/>
      </object_component>
      <object_component id="oc-1ef">
         <name>.const:g_pppui32XTALtoVCO</name>
         <load_address>0x1b44</load_address>
         <run_address>0x1b44</run_address>
         <size>0x1b0</size>
         <input_file_ref idref="fl-ea"/>
      </object_component>
      <object_component id="oc-1ec">
         <name>.const:g_pui32Xtals</name>
         <load_address>0x1cf4</load_address>
         <run_address>0x1cf4</run_address>
         <size>0x6c</size>
         <input_file_ref idref="fl-ea"/>
      </object_component>
      <object_component id="oc-24d">
         <name>.const:g_sXTALtoMEMTIM</name>
         <load_address>0x1d60</load_address>
         <run_address>0x1d60</run_address>
         <size>0x30</size>
         <input_file_ref idref="fl-ea"/>
      </object_component>
      <object_component id="oc-26e">
         <name>.const:g_ui32UARTBase</name>
         <load_address>0x1d90</load_address>
         <run_address>0x1d90</run_address>
         <size>0xc</size>
         <input_file_ref idref="fl-6"/>
      </object_component>
      <object_component id="oc-26b">
         <name>.const:g_ui32UARTPeriph</name>
         <load_address>0x1d9c</load_address>
         <run_address>0x1d9c</run_address>
         <size>0xc</size>
         <input_file_ref idref="fl-6"/>
      </object_component>
      <object_component id="oc-1f2">
         <name>.const</name>
         <load_address>0x1da8</load_address>
         <run_address>0x1da8</run_address>
         <size>0x8</size>
         <input_file_ref idref="fl-ea"/>
      </object_component>
      <object_component id="oc-2a1">
         <name>.cinit..data.load</name>
         <load_address>0x1db0</load_address>
         <run_address>0x1db0</run_address>
         <size>0x18</size>
      </object_component>
      <object_component id="oc-29f">
         <name>__TI_handler_table</name>
         <load_address>0x1dc8</load_address>
         <run_address>0x1dc8</run_address>
         <size>0xc</size>
      </object_component>
      <object_component id="oc-2a2">
         <name>.cinit..bss.load</name>
         <load_address>0x1dd8</load_address>
         <run_address>0x1dd8</run_address>
         <size>0x8</size>
      </object_component>
      <object_component id="oc-2a0">
         <name>__TI_cinit_table</name>
         <load_address>0x1de0</load_address>
         <run_address>0x1de0</run_address>
         <size>0x10</size>
      </object_component>
      <object_component id="oc-c6">
         <name>.data</name>
         <load_address>0x20000400</load_address>
         <run_address>0x20000400</run_address>
         <size>0x10</size>
         <input_file_ref idref="fl-3"/>
      </object_component>
      <object_component id="oc-221">
         <name>.data</name>
         <load_address>0x20000430</load_address>
         <run_address>0x20000430</run_address>
         <size>0x5</size>
         <input_file_ref idref="fl-6"/>
      </object_component>
      <object_component id="oc-101">
         <name>.data:$O1$$</name>
         <load_address>0x20000410</load_address>
         <run_address>0x20000410</run_address>
         <size>0xc</size>
         <input_file_ref idref="fl-c5"/>
      </object_component>
      <object_component id="oc-1cc">
         <name>.data:$O1$$</name>
         <load_address>0x2000041c</load_address>
         <run_address>0x2000041c</run_address>
         <size>0xc</size>
         <input_file_ref idref="fl-c7"/>
      </object_component>
      <object_component id="oc-90">
         <name>.data</name>
         <load_address>0x20000438</load_address>
         <run_address>0x20000438</run_address>
         <size>0x4</size>
         <input_file_ref idref="fl-cc"/>
      </object_component>
      <object_component id="oc-104">
         <name>.data:$O1$$</name>
         <load_address>0x20000428</load_address>
         <run_address>0x20000428</run_address>
         <size>0x8</size>
         <input_file_ref idref="fl-d0"/>
      </object_component>
      <object_component id="oc-1a2">
         <name>.common:g_ui32SysClock</name>
         <uninitialized>true</uninitialized>
         <run_address>0x2000043c</run_address>
         <size>0x4</size>
      </object_component>
      <object_component id="oc-2b">
         <name>.sysmem</name>
         <uninitialized>true</uninitialized>
         <run_address>0x20000200</run_address>
         <size>0x8</size>
         <input_file_ref idref="fl-c7"/>
      </object_component>
      <object_component id="oc-2a4">
         <name>.sysmem</name>
         <uninitialized>true</uninitialized>
         <run_address>0x20000200</run_address>
         <size>0x0</size>
      </object_component>
      <object_component id="oc-2a">
         <name>.stack</name>
         <uninitialized>true</uninitialized>
         <run_address>0x20000000</run_address>
         <size>0x0</size>
         <input_file_ref idref="fl-c1"/>
      </object_component>
      <object_component id="oc-2a3">
         <name>.stack</name>
         <uninitialized>true</uninitialized>
         <run_address>0x20000000</run_address>
         <size>0x0</size>
      </object_component>
      <object_component id="oc-1cb">
         <name>.debug_info</name>
         <load_address>0x0</load_address>
         <run_address>0x0</run_address>
         <size>0x5e5</size>
         <input_file_ref idref="fl-2"/>
      </object_component>
      <object_component id="oc-246">
         <name>.debug_info</name>
         <load_address>0x5e5</load_address>
         <run_address>0x5e5</run_address>
         <size>0x70</size>
         <input_file_ref idref="fl-2"/>
      </object_component>
      <object_component id="oc-232">
         <name>.debug_info</name>
         <load_address>0x655</load_address>
         <run_address>0x655</run_address>
         <size>0x4c5</size>
         <input_file_ref idref="fl-2"/>
      </object_component>
      <object_component id="oc-237">
         <name>.debug_info</name>
         <load_address>0xb1a</load_address>
         <run_address>0xb1a</run_address>
         <size>0xe4</size>
         <input_file_ref idref="fl-2"/>
      </object_component>
      <object_component id="oc-14a">
         <name>.debug_info</name>
         <load_address>0xbfe</load_address>
         <run_address>0xbfe</run_address>
         <size>0xc8</size>
         <input_file_ref idref="fl-2"/>
      </object_component>
      <object_component id="oc-23c">
         <name>.debug_info</name>
         <load_address>0xcc6</load_address>
         <run_address>0xcc6</run_address>
         <size>0x189</size>
         <input_file_ref idref="fl-2"/>
      </object_component>
      <object_component id="oc-55">
         <name>.debug_info</name>
         <load_address>0xe4f</load_address>
         <run_address>0xe4f</run_address>
         <size>0x84</size>
         <input_file_ref idref="fl-2"/>
      </object_component>
      <object_component id="oc-cc">
         <name>.debug_info</name>
         <load_address>0xed3</load_address>
         <run_address>0xed3</run_address>
         <size>0x18b</size>
         <input_file_ref idref="fl-2"/>
      </object_component>
      <object_component id="oc-129">
         <name>.debug_info</name>
         <load_address>0x105e</load_address>
         <run_address>0x105e</run_address>
         <size>0x4e</size>
         <input_file_ref idref="fl-2"/>
      </object_component>
      <object_component id="oc-241">
         <name>.debug_info</name>
         <load_address>0x10ac</load_address>
         <run_address>0x10ac</run_address>
         <size>0x55</size>
         <input_file_ref idref="fl-2"/>
      </object_component>
      <object_component id="oc-ca">
         <name>.debug_info</name>
         <load_address>0x1101</load_address>
         <run_address>0x1101</run_address>
         <size>0x68d</size>
         <input_file_ref idref="fl-3"/>
      </object_component>
      <object_component id="oc-c7">
         <name>.debug_info</name>
         <load_address>0x178e</load_address>
         <run_address>0x178e</run_address>
         <size>0x141</size>
         <input_file_ref idref="fl-3"/>
      </object_component>
      <object_component id="oc-174">
         <name>.debug_info</name>
         <load_address>0x18cf</load_address>
         <run_address>0x18cf</run_address>
         <size>0x151</size>
         <input_file_ref idref="fl-3"/>
      </object_component>
      <object_component id="oc-179">
         <name>.debug_info</name>
         <load_address>0x1a20</load_address>
         <run_address>0x1a20</run_address>
         <size>0x169</size>
         <input_file_ref idref="fl-3"/>
      </object_component>
      <object_component id="oc-18b">
         <name>.debug_info</name>
         <load_address>0x1b89</load_address>
         <run_address>0x1b89</run_address>
         <size>0x193</size>
         <input_file_ref idref="fl-3"/>
      </object_component>
      <object_component id="oc-fb">
         <name>.debug_info</name>
         <load_address>0x1d1c</load_address>
         <run_address>0x1d1c</run_address>
         <size>0x4f7</size>
         <input_file_ref idref="fl-3"/>
      </object_component>
      <object_component id="oc-bc">
         <name>.debug_info</name>
         <load_address>0x2213</load_address>
         <run_address>0x2213</run_address>
         <size>0x187</size>
         <input_file_ref idref="fl-3"/>
      </object_component>
      <object_component id="oc-b0">
         <name>.debug_info</name>
         <load_address>0x239a</load_address>
         <run_address>0x239a</run_address>
         <size>0x1a9</size>
         <input_file_ref idref="fl-3"/>
      </object_component>
      <object_component id="oc-47">
         <name>.debug_info</name>
         <load_address>0x2543</load_address>
         <run_address>0x2543</run_address>
         <size>0x23c</size>
         <input_file_ref idref="fl-3"/>
      </object_component>
      <object_component id="oc-119">
         <name>.debug_info</name>
         <load_address>0x277f</load_address>
         <run_address>0x277f</run_address>
         <size>0x8b</size>
         <input_file_ref idref="fl-3"/>
      </object_component>
      <object_component id="oc-4e">
         <name>.debug_info</name>
         <load_address>0x280a</load_address>
         <run_address>0x280a</run_address>
         <size>0x2bf</size>
         <input_file_ref idref="fl-4"/>
      </object_component>
      <object_component id="oc-10">
         <name>.debug_info</name>
         <load_address>0x2ac9</load_address>
         <run_address>0x2ac9</run_address>
         <size>0xf0</size>
         <input_file_ref idref="fl-4"/>
      </object_component>
      <object_component id="oc-2f">
         <name>.debug_info</name>
         <load_address>0x2bb9</load_address>
         <run_address>0x2bb9</run_address>
         <size>0x120</size>
         <input_file_ref idref="fl-4"/>
      </object_component>
      <object_component id="oc-37">
         <name>.debug_info</name>
         <load_address>0x2cd9</load_address>
         <run_address>0x2cd9</run_address>
         <size>0x10e</size>
         <input_file_ref idref="fl-4"/>
      </object_component>
      <object_component id="oc-44">
         <name>.debug_info</name>
         <load_address>0x2de7</load_address>
         <run_address>0x2de7</run_address>
         <size>0x129</size>
         <input_file_ref idref="fl-4"/>
      </object_component>
      <object_component id="oc-3b">
         <name>.debug_info</name>
         <load_address>0x2f10</load_address>
         <run_address>0x2f10</run_address>
         <size>0x115</size>
         <input_file_ref idref="fl-4"/>
      </object_component>
      <object_component id="oc-204">
         <name>.debug_info</name>
         <load_address>0x3025</load_address>
         <run_address>0x3025</run_address>
         <size>0x39f</size>
         <input_file_ref idref="fl-5"/>
      </object_component>
      <object_component id="oc-168">
         <name>.debug_info</name>
         <load_address>0x33c4</load_address>
         <run_address>0x33c4</run_address>
         <size>0x37c</size>
         <input_file_ref idref="fl-5"/>
      </object_component>
      <object_component id="oc-197">
         <name>.debug_info</name>
         <load_address>0x3740</load_address>
         <run_address>0x3740</run_address>
         <size>0x2ac</size>
         <input_file_ref idref="fl-5"/>
      </object_component>
      <object_component id="oc-128">
         <name>.debug_info</name>
         <load_address>0x39ec</load_address>
         <run_address>0x39ec</run_address>
         <size>0x2c1</size>
         <input_file_ref idref="fl-6"/>
      </object_component>
      <object_component id="oc-222">
         <name>.debug_info</name>
         <load_address>0x3cad</load_address>
         <run_address>0x3cad</run_address>
         <size>0x10e</size>
         <input_file_ref idref="fl-6"/>
      </object_component>
      <object_component id="oc-26f">
         <name>.debug_info</name>
         <load_address>0x3dbb</load_address>
         <run_address>0x3dbb</run_address>
         <size>0x116</size>
         <input_file_ref idref="fl-6"/>
      </object_component>
      <object_component id="oc-26c">
         <name>.debug_info</name>
         <load_address>0x3ed1</load_address>
         <run_address>0x3ed1</run_address>
         <size>0x11a</size>
         <input_file_ref idref="fl-6"/>
      </object_component>
      <object_component id="oc-1be">
         <name>.debug_info</name>
         <load_address>0x3feb</load_address>
         <run_address>0x3feb</run_address>
         <size>0x205</size>
         <input_file_ref idref="fl-6"/>
      </object_component>
      <object_component id="oc-124">
         <name>.debug_info</name>
         <load_address>0x41f0</load_address>
         <run_address>0x41f0</run_address>
         <size>0x337</size>
         <input_file_ref idref="fl-6"/>
      </object_component>
      <object_component id="oc-ab">
         <name>.debug_info</name>
         <load_address>0x4527</load_address>
         <run_address>0x4527</run_address>
         <size>0x1d2</size>
         <input_file_ref idref="fl-6"/>
      </object_component>
      <object_component id="oc-19f">
         <name>.debug_info</name>
         <load_address>0x46f9</load_address>
         <run_address>0x46f9</run_address>
         <size>0x250</size>
         <input_file_ref idref="fl-6"/>
      </object_component>
      <object_component id="oc-208">
         <name>.debug_info</name>
         <load_address>0x4949</load_address>
         <run_address>0x4949</run_address>
         <size>0x268</size>
         <input_file_ref idref="fl-6"/>
      </object_component>
      <object_component id="oc-27">
         <name>.debug_info</name>
         <load_address>0x4bb1</load_address>
         <run_address>0x4bb1</run_address>
         <size>0x160</size>
         <input_file_ref idref="fl-c1"/>
      </object_component>
      <object_component id="oc-d8">
         <name>.debug_info</name>
         <load_address>0x4d11</load_address>
         <run_address>0x4d11</run_address>
         <size>0x293</size>
         <input_file_ref idref="fl-c2"/>
      </object_component>
      <object_component id="oc-15">
         <name>.debug_info</name>
         <load_address>0x4fa4</load_address>
         <run_address>0x4fa4</run_address>
         <size>0x245</size>
         <input_file_ref idref="fl-c2"/>
      </object_component>
      <object_component id="oc-50">
         <name>.debug_info</name>
         <load_address>0x51e9</load_address>
         <run_address>0x51e9</run_address>
         <size>0x60</size>
         <input_file_ref idref="fl-c2"/>
      </object_component>
      <object_component id="oc-d3">
         <name>.debug_info</name>
         <load_address>0x5249</load_address>
         <run_address>0x5249</run_address>
         <size>0x46</size>
         <input_file_ref idref="fl-c2"/>
      </object_component>
      <object_component id="oc-65">
         <name>.debug_info</name>
         <load_address>0x528f</load_address>
         <run_address>0x528f</run_address>
         <size>0x2da</size>
         <input_file_ref idref="fl-c3"/>
      </object_component>
      <object_component id="oc-19">
         <name>.debug_info</name>
         <load_address>0x5569</load_address>
         <run_address>0x5569</run_address>
         <size>0x1df</size>
         <input_file_ref idref="fl-c3"/>
      </object_component>
      <object_component id="oc-60">
         <name>.debug_info</name>
         <load_address>0x5748</load_address>
         <run_address>0x5748</run_address>
         <size>0x46</size>
         <input_file_ref idref="fl-c3"/>
      </object_component>
      <object_component id="oc-da">
         <name>.debug_info</name>
         <load_address>0x578e</load_address>
         <run_address>0x578e</run_address>
         <size>0x2c</size>
         <input_file_ref idref="fl-c3"/>
      </object_component>
      <object_component id="oc-71">
         <name>.debug_info</name>
         <load_address>0x57ba</load_address>
         <run_address>0x57ba</run_address>
         <size>0x2c9</size>
         <input_file_ref idref="fl-c4"/>
      </object_component>
      <object_component id="oc-1f">
         <name>.debug_info</name>
         <load_address>0x5a83</load_address>
         <run_address>0x5a83</run_address>
         <size>0x1aa</size>
         <input_file_ref idref="fl-c4"/>
      </object_component>
      <object_component id="oc-6c">
         <name>.debug_info</name>
         <load_address>0x5c2d</load_address>
         <run_address>0x5c2d</run_address>
         <size>0x46</size>
         <input_file_ref idref="fl-c4"/>
      </object_component>
      <object_component id="oc-e2">
         <name>.debug_info</name>
         <load_address>0x5c73</load_address>
         <run_address>0x5c73</run_address>
         <size>0x2c</size>
         <input_file_ref idref="fl-c4"/>
      </object_component>
      <object_component id="oc-108">
         <name>.debug_info</name>
         <load_address>0x5c9f</load_address>
         <run_address>0x5c9f</run_address>
         <size>0x3ce</size>
         <input_file_ref idref="fl-c5"/>
      </object_component>
      <object_component id="oc-102">
         <name>.debug_info</name>
         <load_address>0x606d</load_address>
         <run_address>0x606d</run_address>
         <size>0x185</size>
         <input_file_ref idref="fl-c5"/>
      </object_component>
      <object_component id="oc-8e">
         <name>.debug_info</name>
         <load_address>0x61f2</load_address>
         <run_address>0x61f2</run_address>
         <size>0x214</size>
         <input_file_ref idref="fl-c5"/>
      </object_component>
      <object_component id="oc-5c">
         <name>.debug_info</name>
         <load_address>0x6406</load_address>
         <run_address>0x6406</run_address>
         <size>0x111</size>
         <input_file_ref idref="fl-c6"/>
      </object_component>
      <object_component id="oc-96">
         <name>.debug_info</name>
         <load_address>0x6517</load_address>
         <run_address>0x6517</run_address>
         <size>0x3bc</size>
         <input_file_ref idref="fl-c7"/>
      </object_component>
      <object_component id="oc-2c">
         <name>.debug_info</name>
         <load_address>0x68d3</load_address>
         <run_address>0x68d3</run_address>
         <size>0x101</size>
         <input_file_ref idref="fl-c7"/>
      </object_component>
      <object_component id="oc-1cd">
         <name>.debug_info</name>
         <load_address>0x69d4</load_address>
         <run_address>0x69d4</run_address>
         <size>0x14c</size>
         <input_file_ref idref="fl-c7"/>
      </object_component>
      <object_component id="oc-130">
         <name>.debug_info</name>
         <load_address>0x6b20</load_address>
         <run_address>0x6b20</run_address>
         <size>0x885</size>
         <input_file_ref idref="fl-c7"/>
      </object_component>
      <object_component id="oc-10e">
         <name>.debug_info</name>
         <load_address>0x73a5</load_address>
         <run_address>0x73a5</run_address>
         <size>0x2c</size>
         <input_file_ref idref="fl-c7"/>
      </object_component>
      <object_component id="oc-113">
         <name>.debug_info</name>
         <load_address>0x73d1</load_address>
         <run_address>0x73d1</run_address>
         <size>0x62</size>
         <input_file_ref idref="fl-c7"/>
      </object_component>
      <object_component id="oc-67">
         <name>.debug_info</name>
         <load_address>0x7433</load_address>
         <run_address>0x7433</run_address>
         <size>0x13f</size>
         <input_file_ref idref="fl-c8"/>
      </object_component>
      <object_component id="oc-73">
         <name>.debug_info</name>
         <load_address>0x7572</load_address>
         <run_address>0x7572</run_address>
         <size>0x138</size>
         <input_file_ref idref="fl-c9"/>
      </object_component>
      <object_component id="oc-79">
         <name>.debug_info</name>
         <load_address>0x76aa</load_address>
         <run_address>0x76aa</run_address>
         <size>0x148</size>
         <input_file_ref idref="fl-ca"/>
      </object_component>
      <object_component id="oc-91">
         <name>.debug_info</name>
         <load_address>0x77f2</load_address>
         <run_address>0x77f2</run_address>
         <size>0x109</size>
         <input_file_ref idref="fl-cc"/>
      </object_component>
      <object_component id="oc-21f">
         <name>.debug_info</name>
         <load_address>0x78fb</load_address>
         <run_address>0x78fb</run_address>
         <size>0x284</size>
         <input_file_ref idref="fl-cd"/>
      </object_component>
      <object_component id="oc-191">
         <name>.debug_info</name>
         <load_address>0x7b7f</load_address>
         <run_address>0x7b7f</run_address>
         <size>0x22a</size>
         <input_file_ref idref="fl-cd"/>
      </object_component>
      <object_component id="oc-120">
         <name>.debug_info</name>
         <load_address>0x7da9</load_address>
         <run_address>0x7da9</run_address>
         <size>0x28a</size>
         <input_file_ref idref="fl-ce"/>
      </object_component>
      <object_component id="oc-a3">
         <name>.debug_info</name>
         <load_address>0x8033</load_address>
         <run_address>0x8033</run_address>
         <size>0x1c6</size>
         <input_file_ref idref="fl-ce"/>
      </object_component>
      <object_component id="oc-1c6">
         <name>.debug_info</name>
         <load_address>0x81f9</load_address>
         <run_address>0x81f9</run_address>
         <size>0x13a</size>
         <input_file_ref idref="fl-cf"/>
      </object_component>
      <object_component id="oc-1b5">
         <name>.debug_info</name>
         <load_address>0x8333</load_address>
         <run_address>0x8333</run_address>
         <size>0x2be</size>
         <input_file_ref idref="fl-d0"/>
      </object_component>
      <object_component id="oc-105">
         <name>.debug_info</name>
         <load_address>0x85f1</load_address>
         <run_address>0x85f1</run_address>
         <size>0x113</size>
         <input_file_ref idref="fl-d0"/>
      </object_component>
      <object_component id="oc-1b0">
         <name>.debug_info</name>
         <load_address>0x8704</load_address>
         <run_address>0x8704</run_address>
         <size>0x21f</size>
         <input_file_ref idref="fl-d0"/>
      </object_component>
      <object_component id="oc-100">
         <name>.debug_info</name>
         <load_address>0x8923</load_address>
         <run_address>0x8923</run_address>
         <size>0x300</size>
         <input_file_ref idref="fl-d2"/>
      </object_component>
      <object_component id="oc-85">
         <name>.debug_info</name>
         <load_address>0x8c23</load_address>
         <run_address>0x8c23</run_address>
         <size>0x167</size>
         <input_file_ref idref="fl-d2"/>
      </object_component>
      <object_component id="oc-1a6">
         <name>.debug_info</name>
         <load_address>0x8d8a</load_address>
         <run_address>0x8d8a</run_address>
         <size>0x5e</size>
         <input_file_ref idref="fl-d2"/>
      </object_component>
      <object_component id="oc-f8">
         <name>.debug_info</name>
         <load_address>0x8de8</load_address>
         <run_address>0x8de8</run_address>
         <size>0x483</size>
         <input_file_ref idref="fl-d4"/>
      </object_component>
      <object_component id="oc-82">
         <name>.debug_info</name>
         <load_address>0x926b</load_address>
         <run_address>0x926b</run_address>
         <size>0x190</size>
         <input_file_ref idref="fl-d4"/>
      </object_component>
      <object_component id="oc-156">
         <name>.debug_info</name>
         <load_address>0x93fb</load_address>
         <run_address>0x93fb</run_address>
         <size>0x39</size>
         <input_file_ref idref="fl-d4"/>
      </object_component>
      <object_component id="oc-1db">
         <name>.debug_info</name>
         <load_address>0x9434</load_address>
         <run_address>0x9434</run_address>
         <size>0x39</size>
         <input_file_ref idref="fl-d4"/>
      </object_component>
      <object_component id="oc-15b">
         <name>.debug_info</name>
         <load_address>0x946d</load_address>
         <run_address>0x946d</run_address>
         <size>0xcd</size>
         <input_file_ref idref="fl-d4"/>
      </object_component>
      <object_component id="oc-152">
         <name>.debug_info</name>
         <load_address>0x953a</load_address>
         <run_address>0x953a</run_address>
         <size>0x37a</size>
         <input_file_ref idref="fl-d5"/>
      </object_component>
      <object_component id="oc-ec">
         <name>.debug_info</name>
         <load_address>0x98b4</load_address>
         <run_address>0x98b4</run_address>
         <size>0x183</size>
         <input_file_ref idref="fl-d5"/>
      </object_component>
      <object_component id="oc-1d6">
         <name>.debug_info</name>
         <load_address>0x9a37</load_address>
         <run_address>0x9a37</run_address>
         <size>0x2c</size>
         <input_file_ref idref="fl-d5"/>
      </object_component>
      <object_component id="oc-22c">
         <name>.debug_info</name>
         <load_address>0x9a63</load_address>
         <run_address>0x9a63</run_address>
         <size>0x147</size>
         <input_file_ref idref="fl-dc"/>
      </object_component>
      <object_component id="oc-f2">
         <name>.debug_info</name>
         <load_address>0x9baa</load_address>
         <run_address>0x9baa</run_address>
         <size>0x145</size>
         <input_file_ref idref="fl-e2"/>
      </object_component>
      <object_component id="oc-143">
         <name>.debug_info</name>
         <load_address>0x9cef</load_address>
         <run_address>0x9cef</run_address>
         <size>0x1a7</size>
         <input_file_ref idref="fl-e7"/>
      </object_component>
      <object_component id="oc-c1">
         <name>.debug_info</name>
         <load_address>0x9e96</load_address>
         <run_address>0x9e96</run_address>
         <size>0x2c5</size>
         <input_file_ref idref="fl-e7"/>
      </object_component>
      <object_component id="oc-13c">
         <name>.debug_info</name>
         <load_address>0xa15b</load_address>
         <run_address>0xa15b</run_address>
         <size>0x2b1</size>
         <input_file_ref idref="fl-e7"/>
      </object_component>
      <object_component id="oc-136">
         <name>.debug_info</name>
         <load_address>0xa40c</load_address>
         <run_address>0xa40c</run_address>
         <size>0x277</size>
         <input_file_ref idref="fl-e7"/>
      </object_component>
      <object_component id="oc-b5">
         <name>.debug_info</name>
         <load_address>0xa683</load_address>
         <run_address>0xa683</run_address>
         <size>0x376</size>
         <input_file_ref idref="fl-e7"/>
      </object_component>
      <object_component id="oc-211">
         <name>.debug_info</name>
         <load_address>0xa9f9</load_address>
         <run_address>0xa9f9</run_address>
         <size>0x227</size>
         <input_file_ref idref="fl-e7"/>
      </object_component>
      <object_component id="oc-185">
         <name>.debug_info</name>
         <load_address>0xac20</load_address>
         <run_address>0xac20</run_address>
         <size>0x2c8</size>
         <input_file_ref idref="fl-e7"/>
      </object_component>
      <object_component id="oc-206">
         <name>.debug_info</name>
         <load_address>0xaee8</load_address>
         <run_address>0xaee8</run_address>
         <size>0x230</size>
         <input_file_ref idref="fl-e8"/>
      </object_component>
      <object_component id="oc-16d">
         <name>.debug_info</name>
         <load_address>0xb118</load_address>
         <run_address>0xb118</run_address>
         <size>0x2a3</size>
         <input_file_ref idref="fl-e8"/>
      </object_component>
      <object_component id="oc-261">
         <name>.debug_info</name>
         <load_address>0xb3bb</load_address>
         <run_address>0xb3bb</run_address>
         <size>0x2b3</size>
         <input_file_ref idref="fl-e8"/>
      </object_component>
      <object_component id="oc-1f8">
         <name>.debug_info</name>
         <load_address>0xb66e</load_address>
         <run_address>0xb66e</run_address>
         <size>0x316</size>
         <input_file_ref idref="fl-e8"/>
      </object_component>
      <object_component id="oc-1fe">
         <name>.debug_info</name>
         <load_address>0xb984</load_address>
         <run_address>0xb984</run_address>
         <size>0x289</size>
         <input_file_ref idref="fl-e8"/>
      </object_component>
      <object_component id="oc-1f6">
         <name>.debug_info</name>
         <load_address>0xbc0d</load_address>
         <run_address>0xbc0d</run_address>
         <size>0x298</size>
         <input_file_ref idref="fl-ea"/>
      </object_component>
      <object_component id="oc-1ed">
         <name>.debug_info</name>
         <load_address>0xbea5</load_address>
         <run_address>0xbea5</run_address>
         <size>0x14d</size>
         <input_file_ref idref="fl-ea"/>
      </object_component>
      <object_component id="oc-1f0">
         <name>.debug_info</name>
         <load_address>0xbff2</load_address>
         <run_address>0xbff2</run_address>
         <size>0x159</size>
         <input_file_ref idref="fl-ea"/>
      </object_component>
      <object_component id="oc-24e">
         <name>.debug_info</name>
         <load_address>0xc14b</load_address>
         <run_address>0xc14b</run_address>
         <size>0x153</size>
         <input_file_ref idref="fl-ea"/>
      </object_component>
      <object_component id="oc-1f3">
         <name>.debug_info</name>
         <load_address>0xc29e</load_address>
         <run_address>0xc29e</run_address>
         <size>0x160</size>
         <input_file_ref idref="fl-ea"/>
      </object_component>
      <object_component id="oc-217">
         <name>.debug_info</name>
         <load_address>0xc3fe</load_address>
         <run_address>0xc3fe</run_address>
         <size>0x295</size>
         <input_file_ref idref="fl-ea"/>
      </object_component>
      <object_component id="oc-17f">
         <name>.debug_info</name>
         <load_address>0xc693</load_address>
         <run_address>0xc693</run_address>
         <size>0x27d</size>
         <input_file_ref idref="fl-ea"/>
      </object_component>
      <object_component id="oc-1e1">
         <name>.debug_info</name>
         <load_address>0xc910</load_address>
         <run_address>0xc910</run_address>
         <size>0x270</size>
         <input_file_ref idref="fl-ea"/>
      </object_component>
      <object_component id="oc-1e7">
         <name>.debug_info</name>
         <load_address>0xcb80</load_address>
         <run_address>0xcb80</run_address>
         <size>0x2ba</size>
         <input_file_ref idref="fl-ea"/>
      </object_component>
      <object_component id="oc-161">
         <name>.debug_info</name>
         <load_address>0xce3a</load_address>
         <run_address>0xce3a</run_address>
         <size>0x47f</size>
         <input_file_ref idref="fl-ea"/>
      </object_component>
      <object_component id="oc-25a">
         <name>.debug_info</name>
         <load_address>0xd2b9</load_address>
         <run_address>0xd2b9</run_address>
         <size>0x5f</size>
         <input_file_ref idref="fl-ea"/>
      </object_component>
      <object_component id="oc-11e">
         <name>.debug_info</name>
         <load_address>0xd318</load_address>
         <run_address>0xd318</run_address>
         <size>0x227</size>
         <input_file_ref idref="fl-eb"/>
      </object_component>
      <object_component id="oc-9d">
         <name>.debug_info</name>
         <load_address>0xd53f</load_address>
         <run_address>0xd53f</run_address>
         <size>0x253</size>
         <input_file_ref idref="fl-eb"/>
      </object_component>
      <object_component id="oc-2a5">
         <name>.debug_info</name>
         <load_address>0xd792</load_address>
         <run_address>0xd792</run_address>
         <size>0xb3</size>
      </object_component>
      <object_component id="oc-231">
         <name>.debug_line</name>
         <load_address>0x0</load_address>
         <run_address>0x0</run_address>
         <size>0x12d</size>
         <input_file_ref idref="fl-2"/>
      </object_component>
      <object_component id="oc-249">
         <name>.debug_line</name>
         <load_address>0x12d</load_address>
         <run_address>0x12d</run_address>
         <size>0x64</size>
         <input_file_ref idref="fl-2"/>
      </object_component>
      <object_component id="oc-235">
         <name>.debug_line</name>
         <load_address>0x191</load_address>
         <run_address>0x191</run_address>
         <size>0x60</size>
         <input_file_ref idref="fl-2"/>
      </object_component>
      <object_component id="oc-23a">
         <name>.debug_line</name>
         <load_address>0x1f1</load_address>
         <run_address>0x1f1</run_address>
         <size>0x65</size>
         <input_file_ref idref="fl-2"/>
      </object_component>
      <object_component id="oc-14d">
         <name>.debug_line</name>
         <load_address>0x256</load_address>
         <run_address>0x256</run_address>
         <size>0x64</size>
         <input_file_ref idref="fl-2"/>
      </object_component>
      <object_component id="oc-23f">
         <name>.debug_line</name>
         <load_address>0x2ba</load_address>
         <run_address>0x2ba</run_address>
         <size>0x63</size>
         <input_file_ref idref="fl-2"/>
      </object_component>
      <object_component id="oc-58">
         <name>.debug_line</name>
         <load_address>0x31d</load_address>
         <run_address>0x31d</run_address>
         <size>0x20</size>
         <input_file_ref idref="fl-2"/>
      </object_component>
      <object_component id="oc-cf">
         <name>.debug_line</name>
         <load_address>0x33d</load_address>
         <run_address>0x33d</run_address>
         <size>0x65</size>
         <input_file_ref idref="fl-2"/>
      </object_component>
      <object_component id="oc-12c">
         <name>.debug_line</name>
         <load_address>0x3a2</load_address>
         <run_address>0x3a2</run_address>
         <size>0x65</size>
         <input_file_ref idref="fl-2"/>
      </object_component>
      <object_component id="oc-244">
         <name>.debug_line</name>
         <load_address>0x407</load_address>
         <run_address>0x407</run_address>
         <size>0x2e</size>
         <input_file_ref idref="fl-2"/>
      </object_component>
      <object_component id="oc-149">
         <name>.debug_line</name>
         <load_address>0x435</load_address>
         <run_address>0x435</run_address>
         <size>0x21f</size>
         <input_file_ref idref="fl-3"/>
      </object_component>
      <object_component id="oc-147">
         <name>.debug_line</name>
         <load_address>0x654</load_address>
         <run_address>0x654</run_address>
         <size>0x2e</size>
         <input_file_ref idref="fl-3"/>
      </object_component>
      <object_component id="oc-173">
         <name>.debug_line</name>
         <load_address>0x682</load_address>
         <run_address>0x682</run_address>
         <size>0x48</size>
         <input_file_ref idref="fl-3"/>
      </object_component>
      <object_component id="oc-17c">
         <name>.debug_line</name>
         <load_address>0x6ca</load_address>
         <run_address>0x6ca</run_address>
         <size>0x4d</size>
         <input_file_ref idref="fl-3"/>
      </object_component>
      <object_component id="oc-18e">
         <name>.debug_line</name>
         <load_address>0x717</load_address>
         <run_address>0x717</run_address>
         <size>0x53</size>
         <input_file_ref idref="fl-3"/>
      </object_component>
      <object_component id="oc-fa">
         <name>.debug_line</name>
         <load_address>0x76a</load_address>
         <run_address>0x76a</run_address>
         <size>0x1f7</size>
         <input_file_ref idref="fl-3"/>
      </object_component>
      <object_component id="oc-bb">
         <name>.debug_line</name>
         <load_address>0x961</load_address>
         <run_address>0x961</run_address>
         <size>0x49</size>
         <input_file_ref idref="fl-3"/>
      </object_component>
      <object_component id="oc-af">
         <name>.debug_line</name>
         <load_address>0x9aa</load_address>
         <run_address>0x9aa</run_address>
         <size>0x56</size>
         <input_file_ref idref="fl-3"/>
      </object_component>
      <object_component id="oc-4a">
         <name>.debug_line</name>
         <load_address>0xa00</load_address>
         <run_address>0xa00</run_address>
         <size>0xa2</size>
         <input_file_ref idref="fl-3"/>
      </object_component>
      <object_component id="oc-11c">
         <name>.debug_line</name>
         <load_address>0xaa2</load_address>
         <run_address>0xaa2</run_address>
         <size>0x20</size>
         <input_file_ref idref="fl-3"/>
      </object_component>
      <object_component id="oc-d2">
         <name>.debug_line</name>
         <load_address>0xac2</load_address>
         <run_address>0xac2</run_address>
         <size>0x34</size>
         <input_file_ref idref="fl-4"/>
      </object_component>
      <object_component id="oc-4d">
         <name>.debug_line</name>
         <load_address>0xaf6</load_address>
         <run_address>0xaf6</run_address>
         <size>0x34</size>
         <input_file_ref idref="fl-4"/>
      </object_component>
      <object_component id="oc-32">
         <name>.debug_line</name>
         <load_address>0xb2a</load_address>
         <run_address>0xb2a</run_address>
         <size>0x46</size>
         <input_file_ref idref="fl-4"/>
      </object_component>
      <object_component id="oc-36">
         <name>.debug_line</name>
         <load_address>0xb70</load_address>
         <run_address>0xb70</run_address>
         <size>0x49</size>
         <input_file_ref idref="fl-4"/>
      </object_component>
      <object_component id="oc-42">
         <name>.debug_line</name>
         <load_address>0xbb9</load_address>
         <run_address>0xbb9</run_address>
         <size>0x49</size>
         <input_file_ref idref="fl-4"/>
      </object_component>
      <object_component id="oc-3f">
         <name>.debug_line</name>
         <load_address>0xc02</load_address>
         <run_address>0xc02</run_address>
         <size>0x49</size>
         <input_file_ref idref="fl-4"/>
      </object_component>
      <object_component id="oc-268">
         <name>.debug_line</name>
         <load_address>0xc4b</load_address>
         <run_address>0xc4b</run_address>
         <size>0x56</size>
         <input_file_ref idref="fl-5"/>
      </object_component>
      <object_component id="oc-16b">
         <name>.debug_line</name>
         <load_address>0xca1</load_address>
         <run_address>0xca1</run_address>
         <size>0xf2</size>
         <input_file_ref idref="fl-5"/>
      </object_component>
      <object_component id="oc-19a">
         <name>.debug_line</name>
         <load_address>0xd93</load_address>
         <run_address>0xd93</run_address>
         <size>0xc1</size>
         <input_file_ref idref="fl-5"/>
      </object_component>
      <object_component id="oc-1ca">
         <name>.debug_line</name>
         <load_address>0xe54</load_address>
         <run_address>0xe54</run_address>
         <size>0x20</size>
         <input_file_ref idref="fl-6"/>
      </object_component>
      <object_component id="oc-277">
         <name>.debug_line</name>
         <load_address>0xe74</load_address>
         <run_address>0xe74</run_address>
         <size>0x57</size>
         <input_file_ref idref="fl-6"/>
      </object_component>
      <object_component id="oc-27f">
         <name>.debug_line</name>
         <load_address>0xecb</load_address>
         <run_address>0xecb</run_address>
         <size>0x57</size>
         <input_file_ref idref="fl-6"/>
      </object_component>
      <object_component id="oc-27d">
         <name>.debug_line</name>
         <load_address>0xf22</load_address>
         <run_address>0xf22</run_address>
         <size>0x57</size>
         <input_file_ref idref="fl-6"/>
      </object_component>
      <object_component id="oc-1c1">
         <name>.debug_line</name>
         <load_address>0xf79</load_address>
         <run_address>0xf79</run_address>
         <size>0x87</size>
         <input_file_ref idref="fl-6"/>
      </object_component>
      <object_component id="oc-122">
         <name>.debug_line</name>
         <load_address>0x1000</load_address>
         <run_address>0x1000</run_address>
         <size>0x18c</size>
         <input_file_ref idref="fl-6"/>
      </object_component>
      <object_component id="oc-aa">
         <name>.debug_line</name>
         <load_address>0x118c</load_address>
         <run_address>0x118c</run_address>
         <size>0x6e</size>
         <input_file_ref idref="fl-6"/>
      </object_component>
      <object_component id="oc-19e">
         <name>.debug_line</name>
         <load_address>0x11fa</load_address>
         <run_address>0x11fa</run_address>
         <size>0xb2</size>
         <input_file_ref idref="fl-6"/>
      </object_component>
      <object_component id="oc-20c">
         <name>.debug_line</name>
         <load_address>0x12ac</load_address>
         <run_address>0x12ac</run_address>
         <size>0x78</size>
         <input_file_ref idref="fl-6"/>
      </object_component>
      <object_component id="oc-25">
         <name>.debug_line</name>
         <load_address>0x1324</load_address>
         <run_address>0x1324</run_address>
         <size>0x53</size>
         <input_file_ref idref="fl-c1"/>
      </object_component>
      <object_component id="oc-150">
         <name>.debug_line</name>
         <load_address>0x1377</load_address>
         <run_address>0x1377</run_address>
         <size>0x20</size>
         <input_file_ref idref="fl-c2"/>
      </object_component>
      <object_component id="oc-14">
         <name>.debug_line</name>
         <load_address>0x1397</load_address>
         <run_address>0x1397</run_address>
         <size>0xa9</size>
         <input_file_ref idref="fl-c2"/>
      </object_component>
      <object_component id="oc-53">
         <name>.debug_line</name>
         <load_address>0x1440</load_address>
         <run_address>0x1440</run_address>
         <size>0x3a</size>
         <input_file_ref idref="fl-c2"/>
      </object_component>
      <object_component id="oc-d6">
         <name>.debug_line</name>
         <load_address>0x147a</load_address>
         <run_address>0x147a</run_address>
         <size>0x8a</size>
         <input_file_ref idref="fl-c2"/>
      </object_component>
      <object_component id="oc-e0">
         <name>.debug_line</name>
         <load_address>0x1504</load_address>
         <run_address>0x1504</run_address>
         <size>0x8a</size>
         <input_file_ref idref="fl-c3"/>
      </object_component>
      <object_component id="oc-1d">
         <name>.debug_line</name>
         <load_address>0x158e</load_address>
         <run_address>0x158e</run_address>
         <size>0x55</size>
         <input_file_ref idref="fl-c3"/>
      </object_component>
      <object_component id="oc-63">
         <name>.debug_line</name>
         <load_address>0x15e3</load_address>
         <run_address>0x15e3</run_address>
         <size>0x3a</size>
         <input_file_ref idref="fl-c3"/>
      </object_component>
      <object_component id="oc-dd">
         <name>.debug_line</name>
         <load_address>0x161d</load_address>
         <run_address>0x161d</run_address>
         <size>0x8a</size>
         <input_file_ref idref="fl-c3"/>
      </object_component>
      <object_component id="oc-e8">
         <name>.debug_line</name>
         <load_address>0x16a7</load_address>
         <run_address>0x16a7</run_address>
         <size>0x8a</size>
         <input_file_ref idref="fl-c4"/>
      </object_component>
      <object_component id="oc-22">
         <name>.debug_line</name>
         <load_address>0x1731</load_address>
         <run_address>0x1731</run_address>
         <size>0x4f</size>
         <input_file_ref idref="fl-c4"/>
      </object_component>
      <object_component id="oc-6f">
         <name>.debug_line</name>
         <load_address>0x1780</load_address>
         <run_address>0x1780</run_address>
         <size>0x34</size>
         <input_file_ref idref="fl-c4"/>
      </object_component>
      <object_component id="oc-e5">
         <name>.debug_line</name>
         <load_address>0x17b4</load_address>
         <run_address>0x17b4</run_address>
         <size>0x8a</size>
         <input_file_ref idref="fl-c4"/>
      </object_component>
      <object_component id="oc-1b8">
         <name>.debug_line</name>
         <load_address>0x183e</load_address>
         <run_address>0x183e</run_address>
         <size>0xf2</size>
         <input_file_ref idref="fl-c5"/>
      </object_component>
      <object_component id="oc-1ac">
         <name>.debug_line</name>
         <load_address>0x1930</load_address>
         <run_address>0x1930</run_address>
         <size>0x2a</size>
         <input_file_ref idref="fl-c5"/>
      </object_component>
      <object_component id="oc-8b">
         <name>.debug_line</name>
         <load_address>0x195a</load_address>
         <run_address>0x195a</run_address>
         <size>0x86</size>
         <input_file_ref idref="fl-c5"/>
      </object_component>
      <object_component id="oc-5e">
         <name>.debug_line</name>
         <load_address>0x19e0</load_address>
         <run_address>0x19e0</run_address>
         <size>0x88</size>
         <input_file_ref idref="fl-c6"/>
      </object_component>
      <object_component id="oc-10d">
         <name>.debug_line</name>
         <load_address>0x1a68</load_address>
         <run_address>0x1a68</run_address>
         <size>0xff</size>
         <input_file_ref idref="fl-c7"/>
      </object_component>
      <object_component id="oc-95">
         <name>.debug_line</name>
         <load_address>0x1b67</load_address>
         <run_address>0x1b67</run_address>
         <size>0x2c</size>
         <input_file_ref idref="fl-c7"/>
      </object_component>
      <object_component id="oc-24c">
         <name>.debug_line</name>
         <load_address>0x1b93</load_address>
         <run_address>0x1b93</run_address>
         <size>0x2c</size>
         <input_file_ref idref="fl-c7"/>
      </object_component>
      <object_component id="oc-12f">
         <name>.debug_line</name>
         <load_address>0x1bbf</load_address>
         <run_address>0x1bbf</run_address>
         <size>0x2fc</size>
         <input_file_ref idref="fl-c7"/>
      </object_component>
      <object_component id="oc-111">
         <name>.debug_line</name>
         <load_address>0x1ebb</load_address>
         <run_address>0x1ebb</run_address>
         <size>0x8a</size>
         <input_file_ref idref="fl-c7"/>
      </object_component>
      <object_component id="oc-116">
         <name>.debug_line</name>
         <load_address>0x1f45</load_address>
         <run_address>0x1f45</run_address>
         <size>0x2c</size>
         <input_file_ref idref="fl-c7"/>
      </object_component>
      <object_component id="oc-6a">
         <name>.debug_line</name>
         <load_address>0x1f71</load_address>
         <run_address>0x1f71</run_address>
         <size>0x79</size>
         <input_file_ref idref="fl-c8"/>
      </object_component>
      <object_component id="oc-77">
         <name>.debug_line</name>
         <load_address>0x1fea</load_address>
         <run_address>0x1fea</run_address>
         <size>0x3d</size>
         <input_file_ref idref="fl-c9"/>
      </object_component>
      <object_component id="oc-7c">
         <name>.debug_line</name>
         <load_address>0x2027</load_address>
         <run_address>0x2027</run_address>
         <size>0x40</size>
         <input_file_ref idref="fl-ca"/>
      </object_component>
      <object_component id="oc-10b">
         <name>.debug_line</name>
         <load_address>0x2067</load_address>
         <run_address>0x2067</run_address>
         <size>0x33</size>
         <input_file_ref idref="fl-cc"/>
      </object_component>
      <object_component id="oc-275">
         <name>.debug_line</name>
         <load_address>0x209a</load_address>
         <run_address>0x209a</run_address>
         <size>0x20</size>
         <input_file_ref idref="fl-cd"/>
      </object_component>
      <object_component id="oc-194">
         <name>.debug_line</name>
         <load_address>0x20ba</load_address>
         <run_address>0x20ba</run_address>
         <size>0xaa</size>
         <input_file_ref idref="fl-cd"/>
      </object_component>
      <object_component id="oc-1bc">
         <name>.debug_line</name>
         <load_address>0x2164</load_address>
         <run_address>0x2164</run_address>
         <size>0x20</size>
         <input_file_ref idref="fl-ce"/>
      </object_component>
      <object_component id="oc-a6">
         <name>.debug_line</name>
         <load_address>0x2184</load_address>
         <run_address>0x2184</run_address>
         <size>0x5a</size>
         <input_file_ref idref="fl-ce"/>
      </object_component>
      <object_component id="oc-1c5">
         <name>.debug_line</name>
         <load_address>0x21de</load_address>
         <run_address>0x21de</run_address>
         <size>0x5b</size>
         <input_file_ref idref="fl-cf"/>
      </object_component>
      <object_component id="oc-227">
         <name>.debug_line</name>
         <load_address>0x2239</load_address>
         <run_address>0x2239</run_address>
         <size>0x20</size>
         <input_file_ref idref="fl-d0"/>
      </object_component>
      <object_component id="oc-1b4">
         <name>.debug_line</name>
         <load_address>0x2259</load_address>
         <run_address>0x2259</run_address>
         <size>0x2b</size>
         <input_file_ref idref="fl-d0"/>
      </object_component>
      <object_component id="oc-1b2">
         <name>.debug_line</name>
         <load_address>0x2284</load_address>
         <run_address>0x2284</run_address>
         <size>0x68</size>
         <input_file_ref idref="fl-d0"/>
      </object_component>
      <object_component id="oc-1a5">
         <name>.debug_line</name>
         <load_address>0x22ec</load_address>
         <run_address>0x22ec</run_address>
         <size>0x2b</size>
         <input_file_ref idref="fl-d2"/>
      </object_component>
      <object_component id="oc-88">
         <name>.debug_line</name>
         <load_address>0x2317</load_address>
         <run_address>0x2317</run_address>
         <size>0x4a</size>
         <input_file_ref idref="fl-d2"/>
      </object_component>
      <object_component id="oc-1a9">
         <name>.debug_line</name>
         <load_address>0x2361</load_address>
         <run_address>0x2361</run_address>
         <size>0x2b</size>
         <input_file_ref idref="fl-d2"/>
      </object_component>
      <object_component id="oc-155">
         <name>.debug_line</name>
         <load_address>0x238c</load_address>
         <run_address>0x238c</run_address>
         <size>0xa9</size>
         <input_file_ref idref="fl-d4"/>
      </object_component>
      <object_component id="oc-80">
         <name>.debug_line</name>
         <load_address>0x2435</load_address>
         <run_address>0x2435</run_address>
         <size>0x8b</size>
         <input_file_ref idref="fl-d4"/>
      </object_component>
      <object_component id="oc-159">
         <name>.debug_line</name>
         <load_address>0x24c0</load_address>
         <run_address>0x24c0</run_address>
         <size>0x2e</size>
         <input_file_ref idref="fl-d4"/>
      </object_component>
      <object_component id="oc-1de">
         <name>.debug_line</name>
         <load_address>0x24ee</load_address>
         <run_address>0x24ee</run_address>
         <size>0x8a</size>
         <input_file_ref idref="fl-d4"/>
      </object_component>
      <object_component id="oc-15e">
         <name>.debug_line</name>
         <load_address>0x2578</load_address>
         <run_address>0x2578</run_address>
         <size>0x8b</size>
         <input_file_ref idref="fl-d4"/>
      </object_component>
      <object_component id="oc-1d5">
         <name>.debug_line</name>
[...]
            <object_component_ref idref="oc-138"/>
            <object_component_ref idref="oc-b7"/>
            <object_component_ref idref="oc-213"/>
            <object_component_ref idref="oc-186"/>
            <object_component_ref idref="oc-16f"/>
            <object_component_ref idref="oc-263"/>
            <object_component_ref idref="oc-1fa"/>
            <object_component_ref idref="oc-200"/>
            <object_component_ref idref="oc-1ee"/>
            <object_component_ref idref="oc-1f1"/>
            <object_component_ref idref="oc-24f"/>
            <object_component_ref idref="oc-1f4"/>
            <object_component_ref idref="oc-218"/>
            <object_component_ref idref="oc-180"/>
            <object_component_ref idref="oc-1e2"/>
            <object_component_ref idref="oc-1e8"/>
            <object_component_ref idref="oc-162"/>
            <object_component_ref idref="oc-9e"/>
         </contents>
      </logical_group>
      <load_segment id="lg-2a8" display="no" color="cyan">
         <name>SEGMENT_0</name>
         <load_address>0x0</load_address>
         <run_address>0x0</run_address>
         <size>0x1df0</size>
         <flags>0x5</flags>
         <contents>
            <logical_group_ref idref="lg-3"/>
            <logical_group_ref idref="lg-4"/>
            <logical_group_ref idref="lg-5"/>
            <logical_group_ref idref="lg-6"/>
         </contents>
      </load_segment>
      <load_segment id="lg-2a9" display="no" color="cyan">
         <name>SEGMENT_1</name>
         <run_address>0x20000000</run_address>
         <size>0x440</size>
         <flags>0x6</flags>
         <contents>
            <logical_group_ref idref="lg-d"/>
            <logical_group_ref idref="lg-c"/>
            <logical_group_ref idref="lg-a"/>
            <logical_group_ref idref="lg-b"/>
         </contents>
      </load_segment>
   </logical_group_list>
   <placement_map>
      <memory_area display="yes" color="green">
         <name>FLASH</name>
         <page_id>0x0</page_id>
         <origin>0x0</origin>
         <length>0x100000</length>
         <used_space>0x1df0</used_space>
         <unused_space>0xfe210</unused_space>
         <attributes>RX</attributes>
         <usage_details>
            <allocated_space>
               <start_address>0x0</start_address>
               <size>0x200</size>
               <logical_group_ref idref="lg-3"/>
            </allocated_space>
            <allocated_space>
               <start_address>0x200</start_address>
               <size>0x1944</size>
               <logical_group_ref idref="lg-4"/>
            </allocated_space>
            <allocated_space>
               <start_address>0x1b44</start_address>
               <size>0x26c</size>
               <logical_group_ref idref="lg-5"/>
            </allocated_space>
            <allocated_space>
               <start_address>0x1db0</start_address>
               <size>0x40</size>
               <logical_group_ref idref="lg-6"/>
            </allocated_space>
            <available_space>
               <start_address>0x1df0</start_address>
               <size>0xfe210</size>
            </available_space>
         </usage_details>
      </memory_area>
      <memory_area display="yes" color="green">
         <name>SRAM</name>
         <page_id>0x0</page_id>
         <origin>0x20000000</origin>
         <length>0x40000</length>
         <used_space>0x440</used_space>
         <unused_space>0x3fbc0</unused_space>
         <attributes>RWX</attributes>
         <usage_details>
            <allocated_space>
               <start_address>0x20000000</start_address>
               <size>0x200</size>
               <logical_group_ref idref="lg-d"/>
            </allocated_space>
            <allocated_space>
               <start_address>0x20000200</start_address>
               <size>0x200</size>
               <logical_group_ref idref="lg-c"/>
            </allocated_space>
            <allocated_space>
               <start_address>0x20000400</start_address>
               <size>0x3c</size>
               <logical_group_ref idref="lg-a"/>
            </allocated_space>
            <allocated_space>
               <start_address>0x2000043c</start_address>
               <size>0x4</size>
               <logical_group_ref idref="lg-b"/>
            </allocated_space>
            <available_space>
               <start_address>0x20000440</start_address>
               <size>0x3fbc0</size>
            </available_space>
         </usage_details>
      </memory_area>
   </placement_map>
   <cptbl_list>
      <cptbl>
         <name>__TI_cinit_table</name>
         <cprec>
            <name>.data</name>
            <load_address>0x1db0</load_address>
            <load_size>0x18</load_size>
            <run_address>0x20000400</run_address>
            <run_size>0x3c</run_size>
            <compression>lzss</compression>
         </cprec>
         <cprec>
            <name>.bss</name>
            <load_address>0x1dd8</load_address>
            <load_size>0x8</load_size>
            <run_address>0x2000043c</run_address>
            <run_size>0x4</run_size>
            <compression>zero_init</compression>
         </cprec>
      </cptbl>
   </cptbl_list>
   <handler_table>
      <handler_table_name>__TI_handler_table</handler_table_name>
      <handler>
         <index>0x0</index>
         <name>__TI_decompress_lzss</name>
      </handler>
      <handler>
         <index>0x1</index>
         <name>__TI_decompress_none</name>
      </handler>
      <handler>
         <index>0x2</index>
         <name>__TI_zero_init</name>
      </handler>
   </handler_table>
   <symbol_table>
      <symbol id="sm-1">
         <name>__STACK_TOP</name>
         <value>0x20000200</value>
      </symbol>
      <symbol id="sm-2">
         <name>__TI_CINIT_Base</name>
         <value>0x1de0</value>
      </symbol>
      <symbol id="sm-3">
         <name>__TI_CINIT_Limit</name>
         <value>0x1df0</value>
      </symbol>
      <symbol id="sm-4">
         <name>__TI_Handler_Table_Base</name>
         <value>0x1dc8</value>
      </symbol>
      <symbol id="sm-5">
         <name>__TI_Handler_Table_Limit</name>
         <value>0x1dd4</value>
      </symbol>
      <symbol id="sm-6">
         <name>binit</name>
         <value>0xffffffff</value>
      </symbol>
      <symbol id="sm-7">
         <name>__binit__</name>
         <value>0xffffffff</value>
      </symbol>
      <symbol id="sm-8">
         <name>__STACK_SIZE</name>
         <value>0x200</value>
      </symbol>
      <symbol id="sm-9">
         <name>__STACK_END</name>
         <value>0x20000200</value>
      </symbol>
      <symbol id="sm-a">
         <name>__SYSMEM_SIZE</name>
         <value>0x200</value>
      </symbol>
      <symbol id="sm-b">
         <name>__c_args__</name>
         <value>0xffffffff</value>
      </symbol>
      <symbol id="sm-c">
         <name>__TI_pprof_out_hndl</name>
         <value>0xffffffff</value>
      </symbol>
      <symbol id="sm-d">
         <name>__TI_prof_data_start</name>
         <value>0xffffffff</value>
      </symbol>
      <symbol id="sm-e">
         <name>__TI_prof_data_size</name>
         <value>0xffffffff</value>
      </symbol>
      <symbol id="sm-ee">
         <name>g_ui32SysClock</name>
         <value>0x2000043c</value>
      </symbol>
      <symbol id="sm-ef">
         <name>flagMode</name>
         <value>0x20000400</value>
         <object_component_ref idref="oc-c6"/>
      </symbol>
      <symbol id="sm-f0">
         <name>BL_id</name>
         <value>0x20000408</value>
         <object_component_ref idref="oc-c6"/>
      </symbol>
      <symbol id="sm-f1">
         <name>main</name>
         <value>0x5d1</value>
         <object_component_ref idref="oc-f9"/>
      </symbol>
      <symbol id="sm-f2">
         <name>Uint32ToChar</name>
         <value>0x1a83</value>
         <object_component_ref idref="oc-ba"/>
      </symbol>
      <symbol id="sm-f3">
         <name>ConfigureUART</name>
         <value>0x15dd</value>
         <object_component_ref idref="oc-172"/>
      </symbol>
      <symbol id="sm-f4">
         <name>ConfigureUARTBluetooth</name>
         <value>0x132d</value>
         <object_component_ref idref="oc-178"/>
      </symbol>
      <symbol id="sm-f5">
         <name>UARTSend</name>
         <value>0x188d</value>
         <object_component_ref idref="oc-18a"/>
      </symbol>
      <symbol id="sm-f6">
         <name>eepromAddr</name>
         <value>0x2000040c</value>
         <object_component_ref idref="oc-c6"/>
      </symbol>
      <symbol id="sm-f7">
         <name>BTIntHandler</name>
         <value>0x1041</value>
         <object_component_ref idref="oc-46"/>
      </symbol>
      <symbol id="sm-f8">
         <name>CharToUint32</name>
         <value>0x180d</value>
         <object_component_ref idref="oc-ae"/>
      </symbol>
      <symbol id="sm-f9">
         <name>flagcmd</name>
         <value>0x20000404</value>
         <object_component_ref idref="oc-c6"/>
      </symbol>
      <symbol id="sm-12a">
         <name>ResetISR</name>
         <value>0x1b2f</value>
         <object_component_ref idref="oc-2e"/>
      </symbol>
      <symbol id="sm-12b">
         <name>g_pfnVectors</name>
         <value>0x0</value>
         <object_component_ref idref="oc-f"/>
      </symbol>
      <symbol id="sm-158">
         <name>LEDWrite</name>
         <value>0x14a9</value>
         <object_component_ref idref="oc-196"/>
      </symbol>
      <symbol id="sm-159">
         <name>PinoutSet</name>
         <value>0x921</value>
         <object_component_ref idref="oc-166"/>
      </symbol>
      <symbol id="sm-1d7">
         <name>UARTgets</name>
         <value>0x1295</value>
         <object_component_ref idref="oc-19c"/>
      </symbol>
      <symbol id="sm-1d8">
         <name>UARTStdioConfig</name>
         <value>0x157d</value>
         <object_component_ref idref="oc-207"/>
      </symbol>
      <symbol id="sm-1d9">
         <name>UARTwrite</name>
         <value>0x177d</value>
         <object_component_ref idref="oc-1bd"/>
      </symbol>
      <symbol id="sm-1da">
         <name>UARTprintf</name>
         <value>0x1a69</value>
         <object_component_ref idref="oc-a8"/>
      </symbol>
      <symbol id="sm-1db">
         <name>UARTvprintf</name>
         <value>0xd25</value>
         <object_component_ref idref="oc-121"/>
      </symbol>
      <symbol id="sm-1ec">
         <name>_c_int00</name>
         <value>0x1639</value>
         <object_component_ref idref="oc-24"/>
      </symbol>
      <symbol id="sm-1ed">
         <name>__stack</name>
         <value>0x20000000</value>
         <object_component_ref idref="oc-2a"/>
      </symbol>
      <symbol id="sm-20b">
         <name>__TI_decompress_lzss</name>
         <value>0x1515</value>
         <object_component_ref idref="oc-12"/>
      </symbol>
      <symbol id="sm-222">
         <name>__TI_decompress_none</name>
         <value>0x1b0f</value>
         <object_component_ref idref="oc-18"/>
      </symbol>
      <symbol id="sm-239">
         <name>__TI_zero_init</name>
         <value>0x1b1d</value>
         <object_component_ref idref="oc-1e"/>
      </symbol>
      <symbol id="sm-25a">
         <name>C$$EXIT</name>
         <value>0x168d</value>
         <object_component_ref idref="oc-8a"/>
      </symbol>
      <symbol id="sm-25b">
         <name>abort</name>
         <value>0x1691</value>
         <object_component_ref idref="oc-8a"/>
      </symbol>
      <symbol id="sm-25c">
         <name>exit</name>
         <value>0x1699</value>
         <object_component_ref idref="oc-8a"/>
      </symbol>
      <symbol id="sm-25d">
         <name>__TI_dtors_ptr</name>
         <value>0x20000414</value>
         <object_component_ref idref="oc-101"/>
      </symbol>
      <symbol id="sm-25e">
         <name>__TI_cleanup_ptr</name>
         <value>0x20000410</value>
         <object_component_ref idref="oc-101"/>
      </symbol>
      <symbol id="sm-25f">
         <name>__TI_enable_exit_profile_output</name>
         <value>0x20000418</value>
         <object_component_ref idref="oc-101"/>
      </symbol>
      <symbol id="sm-27a">
         <name>memcpy</name>
         <value>0x11f9</value>
         <object_component_ref idref="oc-5a"/>
      </symbol>
      <symbol id="sm-27b">
         <name>__aeabi_memcpy</name>
         <value>0x11f9</value>
         <object_component_ref idref="oc-5a"/>
      </symbol>
      <symbol id="sm-27c">
         <name>__aeabi_memcpy8</name>
         <value>0x11f9</value>
         <object_component_ref idref="oc-5a"/>
      </symbol>
      <symbol id="sm-27d">
         <name>__aeabi_memcpy4</name>
         <value>0x11f9</value>
         <object_component_ref idref="oc-5a"/>
      </symbol>
      <symbol id="sm-2f1">
         <name>_sys_memory</name>
         <value>0x20000200</value>
         <object_component_ref idref="oc-2b"/>
      </symbol>
      <symbol id="sm-2f2">
         <name>free</name>
         <value>0x2eb</value>
         <object_component_ref idref="oc-12e"/>
      </symbol>
      <symbol id="sm-2f3">
         <name>realloc</name>
         <value>0x3ad</value>
         <object_component_ref idref="oc-12e"/>
      </symbol>
      <symbol id="sm-2f4">
         <name>memalign</name>
         <value>0x4b5</value>
         <object_component_ref idref="oc-12e"/>
      </symbol>
      <symbol id="sm-2f5">
         <name>calloc</name>
         <value>0x5a1</value>
         <object_component_ref idref="oc-12e"/>
      </symbol>
      <symbol id="sm-2f6">
         <name>malloc</name>
         <value>0x281</value>
         <object_component_ref idref="oc-12e"/>
      </symbol>
      <symbol id="sm-2f7">
         <name>minit</name>
         <value>0x201</value>
         <object_component_ref idref="oc-12e"/>
      </symbol>
      <symbol id="sm-306">
         <name>__aeabi_memset</name>
         <value>0x13bf</value>
         <object_component_ref idref="oc-66"/>
      </symbol>
      <symbol id="sm-307">
         <name>memset</name>
         <value>0x13c5</value>
         <object_component_ref idref="oc-66"/>
      </symbol>
      <symbol id="sm-308">
         <name>__aeabi_memset8</name>
         <value>0x13bf</value>
         <object_component_ref idref="oc-66"/>
      </symbol>
      <symbol id="sm-309">
         <name>__aeabi_memset4</name>
         <value>0x13bf</value>
         <object_component_ref idref="oc-66"/>
      </symbol>
      <symbol id="sm-30a">
         <name>__aeabi_memclr8</name>
         <value>0x13bd</value>
         <object_component_ref idref="oc-66"/>
      </symbol>
      <symbol id="sm-30b">
         <name>__aeabi_memclr4</name>
         <value>0x13bd</value>
         <object_component_ref idref="oc-66"/>
      </symbol>
      <symbol id="sm-30c">
         <name>__aeabi_memclr</name>
         <value>0x13bd</value>
         <object_component_ref idref="oc-66"/>
      </symbol>
      <symbol id="sm-316">
         <name>__mpu_init</name>
         <value>0x1b41</value>
         <object_component_ref idref="oc-72"/>
      </symbol>
      <symbol id="sm-320">
         <name>_system_pre_init</name>
         <value>0x1b3b</value>
         <object_component_ref idref="oc-78"/>
      </symbol>
      <symbol id="sm-329">
         <name>main_func_sp</name>
         <value>0x20000438</value>
         <object_component_ref idref="oc-90"/>
      </symbol>
      <symbol id="sm-337">
         <name>strlen</name>
         <value>0x1ac9</value>
         <object_component_ref idref="oc-190"/>
      </symbol>
      <symbol id="sm-34a">
         <name>strstr</name>
         <value>0x19e9</value>
         <object_component_ref idref="oc-a2"/>
      </symbol>
      <symbol id="sm-359">
         <name>__aeabi_uidivmod</name>
         <value>0x18cd</value>
         <object_component_ref idref="oc-1c3"/>
      </symbol>
      <symbol id="sm-35a">
         <name>__aeabi_uidiv</name>
         <value>0x18cd</value>
         <object_component_ref idref="oc-1c3"/>
      </symbol>
      <symbol id="sm-373">
         <name>_nop</name>
         <value>0x1ac3</value>
         <object_component_ref idref="oc-1ad"/>
      </symbol>
      <symbol id="sm-374">
         <name>_lock</name>
         <value>0x20000428</value>
         <object_component_ref idref="oc-104"/>
      </symbol>
      <symbol id="sm-375">
         <name>_unlock</name>
         <value>0x2000042c</value>
         <object_component_ref idref="oc-104"/>
      </symbol>
      <symbol id="sm-376">
         <name>_register_lock</name>
         <value>0x1abb</value>
         <object_component_ref idref="oc-1ad"/>
      </symbol>
      <symbol id="sm-377">
         <name>_register_unlock</name>
         <value>0x1ab5</value>
         <object_component_ref idref="oc-1ad"/>
      </symbol>
      <symbol id="sm-38c">
         <name>_args_main</name>
         <value>0x1a9d</value>
         <object_component_ref idref="oc-84"/>
      </symbol>
      <symbol id="sm-3b7">
         <name>__TI_auto_init</name>
         <value>0x1439</value>
         <object_component_ref idref="oc-7e"/>
      </symbol>
      <symbol id="sm-3d1">
         <name>copy_in</name>
         <value>0x1731</value>
         <object_component_ref idref="oc-eb"/>
      </symbol>
      <symbol id="sm-3e1">
         <name>__aeabi_idiv0</name>
         <value>0x1b3f</value>
         <object_component_ref idref="oc-229"/>
      </symbol>
      <symbol id="sm-3f0">
         <name>_system_post_cinit</name>
         <value>0x1b43</value>
         <object_component_ref idref="oc-f1"/>
      </symbol>
      <symbol id="sm-44f">
         <name>EEPROMRead</name>
         <value>0x1949</value>
         <object_component_ref idref="oc-c0"/>
      </symbol>
      <symbol id="sm-450">
         <name>EEPROMProgram</name>
         <value>0x1135</value>
         <object_component_ref idref="oc-b4"/>
      </symbol>
      <symbol id="sm-451">
         <name>EEPROMInit</name>
         <value>0x184d</value>
         <object_component_ref idref="oc-184"/>
      </symbol>
      <symbol id="sm-478">
         <name>GPIODirModeSet</name>
         <value>0x1a1d</value>
         <object_component_ref idref="oc-260"/>
      </symbol>
      <symbol id="sm-479">
         <name>GPIOPinWrite</name>
         <value>0x1b29</value>
         <object_component_ref idref="oc-16c"/>
      </symbol>
      <symbol id="sm-47a">
         <name>GPIOPadConfigSet</name>
         <value>0xf0f</value>
         <object_component_ref idref="oc-1f7"/>
      </symbol>
      <symbol id="sm-47b">
         <name>GPIOPinTypeEthernetLED</name>
         <value>0x1add</value>
         <object_component_ref idref="oc-1fd"/>
      </symbol>
      <symbol id="sm-4f7">
         <name>SysCtlDelay</name>
         <value>0x1b35</value>
         <object_component_ref idref="oc-141"/>
      </symbol>
      <symbol id="sm-4f8">
         <name>SysCtlPeripheralEnable</name>
         <value>0x1981</value>
         <object_component_ref idref="oc-17e"/>
      </symbol>
      <symbol id="sm-4f9">
         <name>SysCtlClockFreqSet</name>
         <value>0xb39</value>
         <object_component_ref idref="oc-160"/>
      </symbol>
      <symbol id="sm-4fa">
         <name>SysCtlPeripheralReset</name>
         <value>0x16e1</value>
         <object_component_ref idref="oc-216"/>
      </symbol>
      <symbol id="sm-507">
         <name>UARTCharsAvail</name>
         <value>0x1b01</value>
         <object_component_ref idref="oc-9c"/>
      </symbol>
      <symbol id="sm-509">
         <name>__TI_static_base__</name>
         <value>0x0</value>
      </symbol>
      <symbol id="sm-50c">
         <name>SHT$$INIT_ARRAY$$Limit</name>
         <value>0x0</value>
      </symbol>
      <symbol id="sm-50d">
         <name>SHT$$INIT_ARRAY$$Base</name>
         <value>0x0</value>
      </symbol>
   </symbol_table>
   <title>Link successful</title>
</link_info>
