******************************************************************************
                  TI ARM Linker PC v16.9.4                     
******************************************************************************
>> Linked Sat Feb 17 16:47:15 2018

OUTPUT FILE NAME:   <hello.out>
ENTRY POINT SYMBOL: "_c_int00"  address: 00000f01


MEMORY CONFIGURATION

         name            origin    length      used     unused   attr    fill
----------------------  --------  ---------  --------  --------  ----  --------
  FLASH                 00000000   00100000  00001484  000feb7c  R  X
  SRAM                  20000000   00040000  00000224  0003fddc  RW X


SEGMENT ALLOCATION MAP

run origin  load origin   length   init length attrs members
----------  ----------- ---------- ----------- ----- -------
00000000    00000000    00001488   00001488    r-x
  00000000    00000000    00000200   00000200    r-- .intvecs
  00000200    00000200    00000fe0   00000fe0    r-x .text
  000011e0    000011e0    0000026c   0000026c    r-- .const
  00001450    00001450    00000038   00000038    r-- .cinit
20000000    20000000    00000224   00000000    rw-
  20000000    20000000    00000200   00000000    rw- .stack
  20000200    20000200    00000020   00000000    rw- .data
  20000220    20000220    00000004   00000000    rw- .bss


SECTION ALLOCATION MAP

 output                                  attributes/
section   page    origin      length       input sections
--------  ----  ----------  ----------   ----------------
.intvecs   0    00000000    00000200     
                  00000000    00000200     startup_ccs.obj (.intvecs)

.text      0    00000200    00000fe0     
                  00000200    00000218     pinout.obj (.text:PinoutSet)
                  00000418    000001ec     driverlib.lib : sysctl.obj (.text:SysCtlClockFreqSet)
                  00000604    000001ea     uartstdio.obj (.text:UARTvprintf)
                  000007ee    00000132     driverlib.lib : gpio.obj (.text:GPIOPadConfigSet)
                  00000920    0000011c     hello.obj (.text:main)
                  00000a3c    0000009c     rtsv7M4_T_le_v4SPD16_eabi.lib : memcpy_t2.obj (.text)
                  00000ad8    00000098     uartstdio.obj (.text:UARTgets)
                  00000b70    00000090     hello.obj (.text:ConfigureUARTBluetooth)
                  00000c00    00000084     hello.obj (.text:BTIntHandler)
                  00000c84    0000007a     rtsv7M4_T_le_v4SPD16_eabi.lib : memset_t2.obj (.text)
                  00000cfe    00000002     startup_ccs.obj (.text:FaultISR)
                  00000d00    00000070     rtsv7M4_T_le_v4SPD16_eabi.lib : autoinit.obj (.text)
                  00000d70    0000006c     pinout.obj (.text:LEDWrite)
                  00000ddc    00000068     rtsv7M4_T_le_v4SPD16_eabi.lib : copy_decompress_lzss.obj (.text:decompress:lzss)
                  00000e44    00000060     uartstdio.obj (.text:UARTStdioConfig)
                  00000ea4    0000005c     hello.obj (.text:ConfigureUART)
                  00000f00    00000054     rtsv7M4_T_le_v4SPD16_eabi.lib : boot.obj (.text)
                  00000f54    00000054                                   : exit.obj (.text)
                  00000fa8    0000004c                                   : cpy_tbl.obj (.text)
                  00000ff4    00000048     uartstdio.obj (.text:UARTwrite)
                  0000103c    00000048     driverlib.lib : sysctl.obj (.text:_SysCtlFrequencyGet)
                  00001084    00000040     hello.obj (.text:UARTSend)
                  000010c4    00000040     rtsv7M4_T_le_v4SPD16_eabi.lib : u_divt2.obj (.text)
                  00001104    0000002a     driverlib.lib : gpio.obj (.text:GPIODirModeSet)
                  0000112e    00000002     startup_ccs.obj (.text:IntDefaultHandler)
                  00001130    00000020     driverlib.lib : sysctl.obj (.text:_SysCtlMemTimingGet)
                  00001150    0000001a     uartstdio.obj (.text:UARTprintf)
                  0000116a    00000002     startup_ccs.obj (.text:NmiSR)
                  0000116c    00000018     rtsv7M4_T_le_v4SPD16_eabi.lib : args_main.obj (.text)
                  00001184    00000014                                   : _lock.obj (.text)
                  00001198    00000012     driverlib.lib : gpio.obj (.text:GPIOPinTypeEthernetLED)
                  000011aa    0000000e     rtsv7M4_T_le_v4SPD16_eabi.lib : copy_decompress_none.obj (.text:decompress:none)
                  000011b8    0000000c                                   : copy_zero_init.obj (.text:decompress:ZI)
                  000011c4    00000006     driverlib.lib : gpio.obj (.text:GPIOPinWrite)
                  000011ca    00000006     startup_ccs.obj (.text:ResetISR)
                  000011d0    00000006     driverlib.lib : sysctl.obj (.text:SysCtlDelay)
                  000011d6    00000004     rtsv7M4_T_le_v4SPD16_eabi.lib : pre_init.obj (.text)
                  000011da    00000002                                   : i_div0.obj (.text)
                  000011dc    00000002                                   : mpu_init.obj (.text)
                  000011de    00000002                                   : startup.obj (.text)

.const     0    000011e0    0000026c     
                  000011e0    000001b0     driverlib.lib : sysctl.obj (.const:g_pppui32XTALtoVCO)
                  00001390    0000006c                   : sysctl.obj (.const:g_pui32Xtals)
                  000013fc    00000030                   : sysctl.obj (.const:g_sXTALtoMEMTIM)
                  0000142c    0000000c     uartstdio.obj (.const:g_ui32UARTBase)
                  00001438    0000000c     uartstdio.obj (.const:g_ui32UARTPeriph)
                  00001444    00000008     driverlib.lib : sysctl.obj (.const)

.cinit     0    00001450    00000038     
                  00001450    00000011     (.cinit..data.load) [load image, compression = lzss]
                  00001461    00000003     --HOLE-- [fill = 0]
                  00001464    0000000c     (__TI_handler_table)
                  00001470    00000008     (.cinit..bss.load) [load image, compression = zero_init]
                  00001478    00000010     (__TI_cinit_table)

.init_array 
*          0    00000000    00000000     UNINITIALIZED

.stack     0    20000000    00000200     UNINITIALIZED
                  20000000    00000200     --HOLE--

.data      0    20000200    00000020     UNINITIALIZED
                  20000200    0000000c     rtsv7M4_T_le_v4SPD16_eabi.lib : exit.obj (.data:$O1$$)
                  2000020c    00000008                                   : _lock.obj (.data:$O1$$)
                  20000214    00000005     uartstdio.obj (.data)
                  20000219    00000003     --HOLE--
                  2000021c    00000004     rtsv7M4_T_le_v4SPD16_eabi.lib : stkdepth_vars.obj (.data)

.bss       0    20000220    00000004     UNINITIALIZED
                  20000220    00000004     (.common:g_ui32SysClock)

MODULE SUMMARY

       Module                     code   ro data   rw data
       ------                     ----   -------   -------
    .\
       hello.obj                  716    0         4      
       startup_ccs.obj            12     512       0      
    +--+--------------------------+------+---------+---------+
       Total:                     728    512       4      
                                                          
    .\drivers\
       pinout.obj                 644    0         0      
    +--+--------------------------+------+---------+---------+
       Total:                     644    0         0      
                                                          
    .\utils\
       uartstdio.obj              836    24        5      
    +--+--------------------------+------+---------+---------+
       Total:                     836    24        5      
                                                          
    C:/ti/TivaWare_C_Series-2.1.3.156/driverlib/ccs/Debug/driverlib.lib
       sysctl.obj                 602    596       0      
       gpio.obj                   372    0         0      
    +--+--------------------------+------+---------+---------+
       Total:                     974    596       0      
                                                          
    C:\ti\ccsv7\tools\compiler\ti-cgt-arm_16.9.4.LTS\lib\rtsv7M4_T_le_v4SPD16_eabi.lib
       memcpy_t2.obj              156    0         0      
       memset_t2.obj              122    0         0      
       autoinit.obj               112    0         0      
       copy_decompress_lzss.obj   104    0         0      
       exit.obj                   84     0         12     
       boot.obj                   84     0         0      
       cpy_tbl.obj                76     0         0      
       u_divt2.obj                64     0         0      
       _lock.obj                  20     0         8      
       args_main.obj              24     0         0      
       copy_decompress_none.obj   14     0         0      
       copy_zero_init.obj         12     0         0      
       pre_init.obj               4      0         0      
       stkdepth_vars.obj          0      0         4      
       i_div0.obj                 2      0         0      
       mpu_init.obj               2      0         0      
       startup.obj                2      0         0      
    +--+--------------------------+------+---------+---------+
       Total:                     882    0         24     
                                                          
       Stack:                     0      0         512    
       Linker Generated:          0      53        0      
    +--+--------------------------+------+---------+---------+
       Grand Total:               4064   1185      545    


LINKER GENERATED COPY TABLES

__TI_cinit_table @ 00001478 records: 2, size/record: 8, table size: 16
	.data: load addr=00001450, load size=00000011 bytes, run addr=20000200, run size=00000020 bytes, compression=lzss
	.bss: load addr=00001470, load size=00000008 bytes, run addr=20000220, run size=00000004 bytes, compression=zero_init


LINKER GENERATED HANDLER TABLE

__TI_handler_table @ 00001464 records: 3, size/record: 4, table size: 12
	index: 0, handler: __TI_decompress_lzss
	index: 1, handler: __TI_decompress_none
	index: 2, handler: __TI_zero_init


GLOBAL SYMBOLS: SORTED ALPHABETICALLY BY Name 

address   name                           
-------   ----                           
00000c01  BTIntHandler                   
00000f55  C$$EXIT                        
00000ea5  ConfigureUART                  
00000b71  ConfigureUARTBluetooth         
00001105  GPIODirModeSet                 
000007ef  GPIOPadConfigSet               
00001199  GPIOPinTypeEthernetLED         
000011c5  GPIOPinWrite                   
00000d71  LEDWrite                       
00000201  PinoutSet                      
000011cb  ResetISR                       
UNDEFED   SHT$$INIT_ARRAY$$Base          
UNDEFED   SHT$$INIT_ARRAY$$Limit         
00000419  SysCtlClockFreqSet             
000011d1  SysCtlDelay                    
00001085  UARTSend                       
00000e45  UARTStdioConfig                
00000ad9  UARTgets                       
00001151  UARTprintf                     
00000605  UARTvprintf                    
00000ff5  UARTwrite                      
20000200  __STACK_END                    
00000200  __STACK_SIZE                   
20000200  __STACK_TOP                    
00001478  __TI_CINIT_Base                
00001488  __TI_CINIT_Limit               
00001464  __TI_Handler_Table_Base        
00001470  __TI_Handler_Table_Limit       
00000d01  __TI_auto_init                 
20000200  __TI_cleanup_ptr               
00000ddd  __TI_decompress_lzss           
000011ab  __TI_decompress_none           
20000204  __TI_dtors_ptr                 
20000208  __TI_enable_exit_profile_output
ffffffff  __TI_pprof_out_hndl            
ffffffff  __TI_prof_data_size            
ffffffff  __TI_prof_data_start           
00000000  __TI_static_base__             
000011b9  __TI_zero_init                 
000011db  __aeabi_idiv0                  
00000c85  __aeabi_memclr                 
00000c85  __aeabi_memclr4                
00000c85  __aeabi_memclr8                
00000a3d  __aeabi_memcpy                 
00000a3d  __aeabi_memcpy4                
00000a3d  __aeabi_memcpy8                
00000c87  __aeabi_memset                 
00000c87  __aeabi_memset4                
00000c87  __aeabi_memset8                
000010c5  __aeabi_uidiv                  
000010c5  __aeabi_uidivmod               
ffffffff  __binit__                      
ffffffff  __c_args__                     
000011dd  __mpu_init                     
20000000  __stack                        
0000116d  _args_main                     
00000f01  _c_int00                       
2000020c  _lock                          
00001193  _nop                           
0000118b  _register_lock                 
00001185  _register_unlock               
000011df  _system_post_cinit             
000011d7  _system_pre_init               
20000210  _unlock                        
00000f59  abort                          
ffffffff  binit                          
00000fa9  copy_in                        
00000f61  exit                           
00000000  g_pfnVectors                   
20000220  g_ui32SysClock                 
00000921  main                           
2000021c  main_func_sp                   
00000a3d  memcpy                         
00000c8d  memset                         


GLOBAL SYMBOLS: SORTED BY Symbol Address 

address   name                           
-------   ----                           
00000000  __TI_static_base__             
00000000  g_pfnVectors                   
00000200  __STACK_SIZE                   
00000201  PinoutSet                      
00000419  SysCtlClockFreqSet             
00000605  UARTvprintf                    
000007ef  GPIOPadConfigSet               
00000921  main                           
00000a3d  __aeabi_memcpy                 
00000a3d  __aeabi_memcpy4                
00000a3d  __aeabi_memcpy8                
00000a3d  memcpy                         
00000ad9  UARTgets                       
00000b71  ConfigureUARTBluetooth         
00000c01  BTIntHandler                   
00000c85  __aeabi_memclr                 
00000c85  __aeabi_memclr4                
00000c85  __aeabi_memclr8                
00000c87  __aeabi_memset                 
00000c87  __aeabi_memset4                
00000c87  __aeabi_memset8                
00000c8d  memset                         
00000d01  __TI_auto_init                 
00000d71  LEDWrite                       
00000ddd  __TI_decompress_lzss           
00000e45  UARTStdioConfig                
00000ea5  ConfigureUART                  
00000f01  _c_int00                       
00000f55  C$$EXIT                        
00000f59  abort                          
00000f61  exit                           
00000fa9  copy_in                        
00000ff5  UARTwrite                      
00001085  UARTSend                       
000010c5  __aeabi_uidiv                  
000010c5  __aeabi_uidivmod               
00001105  GPIODirModeSet                 
00001151  UARTprintf                     
0000116d  _args_main                     
00001185  _register_unlock               
0000118b  _register_lock                 
00001193  _nop                           
00001199  GPIOPinTypeEthernetLED         
000011ab  __TI_decompress_none           
000011b9  __TI_zero_init                 
000011c5  GPIOPinWrite                   
000011cb  ResetISR                       
000011d1  SysCtlDelay                    
000011d7  _system_pre_init               
000011db  __aeabi_idiv0                  
000011dd  __mpu_init                     
000011df  _system_post_cinit             
00001464  __TI_Handler_Table_Base        
00001470  __TI_Handler_Table_Limit       
00001478  __TI_CINIT_Base                
00001488  __TI_CINIT_Limit               
20000000  __stack                        
20000200  __STACK_END                    
20000200  __STACK_TOP                    
20000200  __TI_cleanup_ptr               
20000204  __TI_dtors_ptr                 
20000208  __TI_enable_exit_profile_output
2000020c  _lock                          
20000210  _unlock                        
2000021c  main_func_sp                   
20000220  g_ui32SysClock                 
ffffffff  __TI_pprof_out_hndl            
ffffffff  __TI_prof_data_size            
ffffffff  __TI_prof_data_start           
ffffffff  __binit__                      
ffffffff  __c_args__                     
ffffffff  binit                          
UNDEFED   SHT$$INIT_ARRAY$$Base          
UNDEFED   SHT$$INIT_ARRAY$$Limit         

[74 symbols]
