******************************************************************************
                  TI ARM Linker PC v16.9.4                     
******************************************************************************
>> Linked Fri Apr 13 12:13:48 2018

OUTPUT FILE NAME:   <hello.out>
ENTRY POINT SYMBOL: "_c_int00"  address: 00001639


MEMORY CONFIGURATION

         name            origin    length      used     unused   attr    fill
----------------------  --------  ---------  --------  --------  ----  --------
  FLASH                 00000000   00100000  00001df0  000fe210  R  X
  SRAM                  20000000   00040000  00000440  0003fbc0  RW X


SEGMENT ALLOCATION MAP

run origin  load origin   length   init length attrs members
----------  ----------- ---------- ----------- ----- -------
00000000    00000000    00001df0   00001df0    r-x
  00000000    00000000    00000200   00000200    r-- .intvecs
  00000200    00000200    00001944   00001944    r-x .text
  00001b44    00001b44    0000026c   0000026c    r-- .const
  00001db0    00001db0    00000040   00000040    r-- .cinit
20000000    20000000    00000440   00000000    rw-
  20000000    20000000    00000200   00000000    rw- .stack
  20000200    20000200    00000200   00000000    rw- .sysmem
  20000400    20000400    0000003c   00000000    rw- .data
  2000043c    2000043c    00000004   00000000    rw- .bss


SECTION ALLOCATION MAP

 output                                  attributes/
section   page    origin      length       input sections
--------  ----  ----------  ----------   ----------------
.intvecs   0    00000000    00000200     
                  00000000    00000200     startup_ccs.obj (.intvecs)

.text      0    00000200    00001944     
                  00000200    000003d0     rtsv7M4_T_le_v4SPD16_eabi.lib : memory.obj (.text)
                  000005d0    00000350     hello.obj (.text:main)
                  00000920    00000218     pinout.obj (.text:PinoutSet)
                  00000b38    000001ec     driverlib.lib : sysctl.obj (.text:SysCtlClockFreqSet)
                  00000d24    000001ea     uartstdio.obj (.text:UARTvprintf)
                  00000f0e    00000132     driverlib.lib : gpio.obj (.text:GPIOPadConfigSet)
                  00001040    000000f4     hello.obj (.text:BTIntHandler)
                  00001134    000000c4     driverlib.lib : eeprom.obj (.text:EEPROMProgram)
                  000011f8    0000009c     rtsv7M4_T_le_v4SPD16_eabi.lib : memcpy_t2.obj (.text)
                  00001294    00000098     uartstdio.obj (.text:UARTgets)
                  0000132c    00000090     hello.obj (.text:ConfigureUARTBluetooth)
                  000013bc    0000007a     rtsv7M4_T_le_v4SPD16_eabi.lib : memset_t2.obj (.text)
                  00001436    00000002     startup_ccs.obj (.text:FaultISR)
                  00001438    00000070     rtsv7M4_T_le_v4SPD16_eabi.lib : autoinit.obj (.text)
                  000014a8    0000006c     pinout.obj (.text:LEDWrite)
                  00001514    00000068     rtsv7M4_T_le_v4SPD16_eabi.lib : copy_decompress_lzss.obj (.text:decompress:lzss)
                  0000157c    00000060     uartstdio.obj (.text:UARTStdioConfig)
                  000015dc    0000005c     hello.obj (.text:ConfigureUART)
                  00001638    00000054     rtsv7M4_T_le_v4SPD16_eabi.lib : boot.obj (.text)
                  0000168c    00000054                                   : exit.obj (.text)
                  000016e0    00000050     driverlib.lib : sysctl.obj (.text:SysCtlPeripheralReset)
                  00001730    0000004c     rtsv7M4_T_le_v4SPD16_eabi.lib : cpy_tbl.obj (.text)
                  0000177c    00000048     uartstdio.obj (.text:UARTwrite)
                  000017c4    00000048     driverlib.lib : sysctl.obj (.text:_SysCtlFrequencyGet)
                  0000180c    00000040     hello.obj (.text:CharToUint32)
                  0000184c    00000040     driverlib.lib : eeprom.obj (.text:EEPROMInit)
                  0000188c    00000040     hello.obj (.text:UARTSend)
                  000018cc    00000040     rtsv7M4_T_le_v4SPD16_eabi.lib : u_divt2.obj (.text)
                  0000190c    0000003c     driverlib.lib : eeprom.obj (.text:_EEPROMSectorMaskSet)
                  00001948    00000038                   : eeprom.obj (.text:EEPROMRead)
                  00001980    00000034                   : sysctl.obj (.text:SysCtlPeripheralEnable)
                  000019b4    00000034                   : eeprom.obj (.text:_EEPROMSectorMaskClear)
                  000019e8    00000034     rtsv7M4_T_le_v4SPD16_eabi.lib : strstr.obj (.text)
                  00001a1c    0000002a     driverlib.lib : gpio.obj (.text:GPIODirModeSet)
                  00001a46    00000002     startup_ccs.obj (.text:IntDefaultHandler)
                  00001a48    00000020     driverlib.lib : sysctl.obj (.text:_SysCtlMemTimingGet)
                  00001a68    0000001a     uartstdio.obj (.text:UARTprintf)
                  00001a82    0000001a     hello.obj (.text:Uint32ToChar)
                  00001a9c    00000018     rtsv7M4_T_le_v4SPD16_eabi.lib : args_main.obj (.text)
                  00001ab4    00000014                                   : _lock.obj (.text)
                  00001ac8    00000014                                   : strlen.obj (.text)
                  00001adc    00000012     driverlib.lib : gpio.obj (.text:GPIOPinTypeEthernetLED)
                  00001aee    00000002     startup_ccs.obj (.text:NmiSR)
                  00001af0    00000010     driverlib.lib : eeprom.obj (.text:_EEPROMWaitForDone)
                  00001b00    0000000e                   : uart.obj (.text:UARTCharsAvail)
                  00001b0e    0000000e     rtsv7M4_T_le_v4SPD16_eabi.lib : copy_decompress_none.obj (.text:decompress:none)
                  00001b1c    0000000c                                   : copy_zero_init.obj (.text:decompress:ZI)
                  00001b28    00000006     driverlib.lib : gpio.obj (.text:GPIOPinWrite)
                  00001b2e    00000006     startup_ccs.obj (.text:ResetISR)
                  00001b34    00000006     driverlib.lib : sysctl.obj (.text:SysCtlDelay)
                  00001b3a    00000004     rtsv7M4_T_le_v4SPD16_eabi.lib : pre_init.obj (.text)
                  00001b3e    00000002                                   : i_div0.obj (.text)
                  00001b40    00000002                                   : mpu_init.obj (.text)
                  00001b42    00000002                                   : startup.obj (.text)

.const     0    00001b44    0000026c     
                  00001b44    000001b0     driverlib.lib : sysctl.obj (.const:g_pppui32XTALtoVCO)
                  00001cf4    0000006c                   : sysctl.obj (.const:g_pui32Xtals)
                  00001d60    00000030                   : sysctl.obj (.const:g_sXTALtoMEMTIM)
                  00001d90    0000000c     uartstdio.obj (.const:g_ui32UARTBase)
                  00001d9c    0000000c     uartstdio.obj (.const:g_ui32UARTPeriph)
                  00001da8    00000008     driverlib.lib : sysctl.obj (.const)

.cinit     0    00001db0    00000040     
                  00001db0    00000018     (.cinit..data.load) [load image, compression = lzss]
                  00001dc8    0000000c     (__TI_handler_table)
                  00001dd4    00000004     --HOLE-- [fill = 0]
                  00001dd8    00000008     (.cinit..bss.load) [load image, compression = zero_init]
                  00001de0    00000010     (__TI_cinit_table)

.init_array 
*          0    00000000    00000000     UNINITIALIZED

.stack     0    20000000    00000200     UNINITIALIZED
                  20000000    00000200     --HOLE--

.sysmem    0    20000200    00000200     UNINITIALIZED
                  20000200    00000008     rtsv7M4_T_le_v4SPD16_eabi.lib : memory.obj (.sysmem)
                  20000208    000001f8     --HOLE--

.data      0    20000400    0000003c     UNINITIALIZED
                  20000400    00000010     hello.obj (.data)
                  20000410    0000000c     rtsv7M4_T_le_v4SPD16_eabi.lib : exit.obj (.data:$O1$$)
                  2000041c    0000000c                                   : memory.obj (.data:$O1$$)
                  20000428    00000008                                   : _lock.obj (.data:$O1$$)
                  20000430    00000005     uartstdio.obj (.data)
                  20000435    00000003     --HOLE--
                  20000438    00000004     rtsv7M4_T_le_v4SPD16_eabi.lib : stkdepth_vars.obj (.data)

.bss       0    2000043c    00000004     UNINITIALIZED
                  2000043c    00000004     (.common:g_ui32SysClock)

MODULE SUMMARY

       Module                     code   ro data   rw data
       ------                     ----   -------   -------
    .\
       hello.obj                  1482   0         20     
       startup_ccs.obj            12     512       0      
    +--+--------------------------+------+---------+---------+
       Total:                     1494   512       20     
                                                          
    .\drivers\
       pinout.obj                 644    0         0      
    +--+--------------------------+------+---------+---------+
       Total:                     644    0         0      
                                                          
    .\utils\
       uartstdio.obj              836    24        5      
    +--+--------------------------+------+---------+---------+
       Total:                     836    24        5      
                                                          
    C:/ti/TivaWare_C_Series-2.1.3.156/driverlib/ccs/Debug/driverlib.lib
       sysctl.obj                 734    596       0      
       eeprom.obj                 444    0         0      
       gpio.obj                   372    0         0      
       uart.obj                   14     0         0      
    +--+--------------------------+------+---------+---------+
       Total:                     1564   596       0      
                                                          
    C:\ti\ccsv7\tools\compiler\ti-cgt-arm_16.9.4.LTS\lib\rtsv7M4_T_le_v4SPD16_eabi.lib
       memory.obj                 976    0         12     
       memcpy_t2.obj              156    0         0      
       memset_t2.obj              122    0         0      
       autoinit.obj               112    0         0      
       copy_decompress_lzss.obj   104    0         0      
       exit.obj                   84     0         12     
       boot.obj                   84     0         0      
       cpy_tbl.obj                76     0         0      
       u_divt2.obj                64     0         0      
       strstr.obj                 52     0         0      
       _lock.obj                  20     0         8      
       args_main.obj              24     0         0      
       strlen.obj                 20     0         0      
       copy_decompress_none.obj   14     0         0      
       copy_zero_init.obj         12     0         0      
       pre_init.obj               4      0         0      
       stkdepth_vars.obj          0      0         4      
       i_div0.obj                 2      0         0      
       mpu_init.obj               2      0         0      
       startup.obj                2      0         0      
    +--+--------------------------+------+---------+---------+
       Total:                     1930   0         36     
                                                          
       Heap:                      0      0         512    
       Stack:                     0      0         512    
       Linker Generated:          0      60        0      
    +--+--------------------------+------+---------+---------+
       Grand Total:               6468   1192      1085   


LINKER GENERATED COPY TABLES

__TI_cinit_table @ 00001de0 records: 2, size/record: 8, table size: 16
	.data: load addr=00001db0, load size=00000018 bytes, run addr=20000400, run size=0000003c bytes, compression=lzss
	.bss: load addr=00001dd8, load size=00000008 bytes, run addr=2000043c, run size=00000004 bytes, compression=zero_init


LINKER GENERATED HANDLER TABLE

__TI_handler_table @ 00001dc8 records: 3, size/record: 4, table size: 12
	index: 0, handler: __TI_decompress_lzss
	index: 1, handler: __TI_decompress_none
	index: 2, handler: __TI_zero_init


GLOBAL SYMBOLS: SORTED ALPHABETICALLY BY Name 

address   name                           
-------   ----                           
20000408  BL_id                          
00001041  BTIntHandler                   
0000168d  C$$EXIT                        
0000180d  CharToUint32                   
000015dd  ConfigureUART                  
0000132d  ConfigureUARTBluetooth         
0000184d  EEPROMInit                     
00001135  EEPROMProgram                  
00001949  EEPROMRead                     
00001a1d  GPIODirModeSet                 
00000f0f  GPIOPadConfigSet               
00001add  GPIOPinTypeEthernetLED         
00001b29  GPIOPinWrite                   
000014a9  LEDWrite                       
00000921  PinoutSet                      
00001b2f  ResetISR                       
UNDEFED   SHT$$INIT_ARRAY$$Base          
UNDEFED   SHT$$INIT_ARRAY$$Limit         
00000b39  SysCtlClockFreqSet             
00001b35  SysCtlDelay                    
00001981  SysCtlPeripheralEnable         
000016e1  SysCtlPeripheralReset          
00001b01  UARTCharsAvail                 
0000188d  UARTSend                       
0000157d  UARTStdioConfig                
00001295  UARTgets                       
00001a69  UARTprintf                     
00000d25  UARTvprintf                    
0000177d  UARTwrite                      
00001a83  Uint32ToChar                   
20000200  __STACK_END                    
00000200  __STACK_SIZE                   
20000200  __STACK_TOP                    
00000200  __SYSMEM_SIZE                  
00001de0  __TI_CINIT_Base                
00001df0  __TI_CINIT_Limit               
00001dc8  __TI_Handler_Table_Base        
00001dd4  __TI_Handler_Table_Limit       
00001439  __TI_auto_init                 
20000410  __TI_cleanup_ptr               
00001515  __TI_decompress_lzss           
00001b0f  __TI_decompress_none           
20000414  __TI_dtors_ptr                 
20000418  __TI_enable_exit_profile_output
ffffffff  __TI_pprof_out_hndl            
ffffffff  __TI_prof_data_size            
ffffffff  __TI_prof_data_start           
00000000  __TI_static_base__             
00001b1d  __TI_zero_init                 
00001b3f  __aeabi_idiv0                  
000013bd  __aeabi_memclr                 
000013bd  __aeabi_memclr4                
000013bd  __aeabi_memclr8                
000011f9  __aeabi_memcpy                 
000011f9  __aeabi_memcpy4                
000011f9  __aeabi_memcpy8                
000013bf  __aeabi_memset                 
000013bf  __aeabi_memset4                
000013bf  __aeabi_memset8                
000018cd  __aeabi_uidiv                  
000018cd  __aeabi_uidivmod               
ffffffff  __binit__                      
ffffffff  __c_args__                     
00001b41  __mpu_init                     
20000000  __stack                        
00001a9d  _args_main                     
00001639  _c_int00                       
20000428  _lock                          
00001ac3  _nop                           
00001abb  _register_lock                 
00001ab5  _register_unlock               
20000200  _sys_memory                    
00001b43  _system_post_cinit             
00001b3b  _system_pre_init               
2000042c  _unlock                        
00001691  abort                          
ffffffff  binit                          
000005a1  calloc                         
00001731  copy_in                        
2000040c  eepromAddr                     
00001699  exit                           
20000400  flagMode                       
20000404  flagcmd                        
000002eb  free                           
00000000  g_pfnVectors                   
2000043c  g_ui32SysClock                 
000005d1  main                           
20000438  main_func_sp                   
00000281  malloc                         
000004b5  memalign                       
000011f9  memcpy                         
000013c5  memset                         
00000201  minit                          
000003ad  realloc                        
00001ac9  strlen                         
000019e9  strstr                         


GLOBAL SYMBOLS: SORTED BY Symbol Address 

address   name                           
-------   ----                           
00000000  __TI_static_base__             
00000000  g_pfnVectors                   
00000200  __STACK_SIZE                   
00000200  __SYSMEM_SIZE                  
00000201  minit                          
00000281  malloc                         
000002eb  free                           
000003ad  realloc                        
000004b5  memalign                       
000005a1  calloc                         
000005d1  main                           
00000921  PinoutSet                      
00000b39  SysCtlClockFreqSet             
00000d25  UARTvprintf                    
00000f0f  GPIOPadConfigSet               
00001041  BTIntHandler                   
00001135  EEPROMProgram                  
000011f9  __aeabi_memcpy                 
000011f9  __aeabi_memcpy4                
000011f9  __aeabi_memcpy8                
000011f9  memcpy                         
00001295  UARTgets                       
0000132d  ConfigureUARTBluetooth         
000013bd  __aeabi_memclr                 
000013bd  __aeabi_memclr4                
000013bd  __aeabi_memclr8                
000013bf  __aeabi_memset                 
000013bf  __aeabi_memset4                
000013bf  __aeabi_memset8                
000013c5  memset                         
00001439  __TI_auto_init                 
000014a9  LEDWrite                       
00001515  __TI_decompress_lzss           
0000157d  UARTStdioConfig                
000015dd  ConfigureUART                  
00001639  _c_int00                       
0000168d  C$$EXIT                        
00001691  abort                          
00001699  exit                           
000016e1  SysCtlPeripheralReset          
00001731  copy_in                        
0000177d  UARTwrite                      
0000180d  CharToUint32                   
0000184d  EEPROMInit                     
0000188d  UARTSend                       
000018cd  __aeabi_uidiv                  
000018cd  __aeabi_uidivmod               
00001949  EEPROMRead                     
00001981  SysCtlPeripheralEnable         
000019e9  strstr                         
00001a1d  GPIODirModeSet                 
00001a69  UARTprintf                     
00001a83  Uint32ToChar                   
00001a9d  _args_main                     
00001ab5  _register_unlock               
00001abb  _register_lock                 
00001ac3  _nop                           
00001ac9  strlen                         
00001add  GPIOPinTypeEthernetLED         
00001b01  UARTCharsAvail                 
00001b0f  __TI_decompress_none           
00001b1d  __TI_zero_init                 
00001b29  GPIOPinWrite                   
00001b2f  ResetISR                       
00001b35  SysCtlDelay                    
00001b3b  _system_pre_init               
00001b3f  __aeabi_idiv0                  
00001b41  __mpu_init                     
00001b43  _system_post_cinit             
00001dc8  __TI_Handler_Table_Base        
00001dd4  __TI_Handler_Table_Limit       
00001de0  __TI_CINIT_Base                
00001df0  __TI_CINIT_Limit               
20000000  __stack                        
20000200  __STACK_END                    
20000200  __STACK_TOP                    
20000200  _sys_memory                    
20000400  flagMode                       
20000404  flagcmd                        
20000408  BL_id                          
2000040c  eepromAddr                     
20000410  __TI_cleanup_ptr               
20000414  __TI_dtors_ptr                 
20000418  __TI_enable_exit_profile_output
20000428  _lock                          
2000042c  _unlock                        
20000438  main_func_sp                   
2000043c  g_ui32SysClock                 
ffffffff  __TI_pprof_out_hndl            
ffffffff  __TI_prof_data_size            
ffffffff  __TI_prof_data_start           
ffffffff  __binit__                      
ffffffff  __c_args__                     
ffffffff  binit                          
UNDEFED   SHT$$INIT_ARRAY$$Base          
UNDEFED   SHT$$INIT_ARRAY$$Limit         

[96 symbols]
