******************************************************************************
                  TI ARM Linker PC v16.9.4                     
******************************************************************************
>> Linked Wed May 09 19:16:42 2018

OUTPUT FILE NAME:   <enet_lwip.out>
ENTRY POINT SYMBOL: "_c_int00"  address: 000082d9


MEMORY CONFIGURATION

         name            origin    length      used     unused   attr    fill
----------------------  --------  ---------  --------  --------  ----  --------
  FLASH                 00000000   00100000  0000a456  000f5baa  R  X
  SRAM                  20000000   00040000  0001936e  00026c92  RW X


SEGMENT ALLOCATION MAP

run origin  load origin   length   init length attrs members
----------  ----------- ---------- ----------- ----- -------
00000000    00000000    0000a458   0000a458    r-x
  00000000    00000000    00000200   00000200    r-- .intvecs
  00000200    00000200    00009d06   00009d06    r-x .text
  00009f08    00009f08    000004f0   000004f0    r-- .const
  0000a3f8    0000a3f8    00000060   00000060    r-- .cinit
20000000    20000000    00019370   00000000    rw-
  20000000    20000000    00018ad2   00000000    rw- .bss
  20018ad4    20018ad4    00000800   00000000    rw- .stack
  200192d4    200192d4    0000009c   00000000    rw- .data


SECTION ALLOCATION MAP

 output                                  attributes/
section   page    origin      length       input sections
--------  ----  ----------  ----------   ----------------
.intvecs   0    00000000    00000200     
                  00000000    00000200     startup_ccs.obj (.intvecs)

.text      0    00000200    00009d06     
                  00000200    0000113e     rtsv7M4_T_le_v4SPD16_eabi.lib : _printfi.obj (.text)
                  0000133e    00000002     startup_ccs.obj (.text:FaultISR)
                  00001340    000007c0     lwiplib.obj (.text:tcp_receive)
                  00001b00    000003b0     lwiplib.obj (.text:tcp_input)
                  00001eb0    000003b0     lwiplib.obj (.text:tcp_process)
                  00002260    00000384     enet_lwip.obj (.text:consultBluetooth)
                  000025e4    000002ec     lwiplib.obj (.text:tcp_write)
                  000028d0    000002c8     lwiplib.obj (.text:tcp_slowtmr)
                  00002b98    00000294     enet_lwip.obj (.text:main)
                  00002e2c    0000024d     ustdlib.obj (.text:uvsnprintf)
                  00003079    00000001     --HOLE-- [fill = 0]
                  0000307a    00000002     startup_ccs.obj (.text:IntDefaultHandler)
                  0000307c    00000228     lwiplib.obj (.text:dhcp_parse_reply)
                  000032a4    00000218     pinout.obj (.text:PinoutSet)
                  000034bc    000001f4     rtsv7M4_T_le_v4SPD16_eabi.lib : ull_div_t2.obj (.text)
                  000036b0    000001ec     driverlib.lib : sysctl.obj (.text:SysCtlClockFreqSet)
                  0000389c    000001ea     uartstdio.obj (.text:UARTvprintf)
                  00003a86    00000002     startup_ccs.obj (.text:NmiSR)
                  00003a88    000001dc     lwiplib.obj (.text:ip_input)
                  00003c64    000001c4     lwiplib.obj (.text:udp_input)
                  00003e28    000001b6     rtsv7M4_T_le_v4SPD16_eabi.lib : fd_add_t2.obj (.text)
                  00003fde    00000002                                   : i_div0.obj (.text)
                  00003fe0    00000190     lwiplib.obj (.text:tcp_output)
                  00004170    00000184     lwiplib.obj (.text:icmp_input)
                  000042f4    00000150     lwiplib.obj (.text:etharp_arp_input)
                  00004444    00000148     lwiplib.obj (.text:tcp_close_shutdown)
                  0000458c    00000140     lwiplib.obj (.text:tivaif_receive)
                  000046cc    0000013a     lwiplib.obj (.text:pbuf_alloc)
                  00004806    00000002     rtsv7M4_T_le_v4SPD16_eabi.lib : mpu_init.obj (.text)
                  00004808    00000138     tcp_server.obj (.text:tcp_server_poll)
                  00004940    00000136     rtsv7M4_T_le_v4SPD16_eabi.lib : fd_div_t2.obj (.text)
                  00004a76    00000132     driverlib.lib : gpio.obj (.text:GPIOPadConfigSet)
                  00004ba8    00000124     lwiplib.obj (.text:dhcp_create_msg)
                  00004ccc    00000120     enet_lwip.obj (.text:BTIntHandler)
                  00004dec    0000011c     lwiplib.obj (.text:etharp_output)
                  00004f08    00000114     lwiplib.obj (.text:etharp_query)
                  0000501c    00000114     lwiplib.obj (.text:tcp_listen_input)
                  00005130    00000100     lwiplib.obj (.text:tivaif_transmit)
                  00005230    000000fc     rtsv7M4_T_le_v4SPD16_eabi.lib : fd_mul_t2.obj (.text)
                  0000532c    000000fc                                   : s_scalbn.obj (.text)
                  00005428    000000f8     lwiplib.obj (.text:mem_malloc)
                  00005520    000000f4     enet_lwip.obj (.text:lwIPHostTimerHandler)
                  00005614    000000e8     lwiplib.obj (.text:lwIPInit)
                  000056fc    000000e8     lwiplib.obj (.text:mem_trim)
                  000057e4    000000e0     lwiplib.obj (.text:etharp_find_entry)
                  000058c4    000000dc     lwiplib.obj (.text:etharp_raw)
                  000059a0    000000d4     lwiplib.obj (.text:autoip_tmr)
                  00005a74    000000d0     lwiplib.obj (.text:tcp_alloc)
                  00005b44    000000cc     lwiplib.obj (.text:dhcp_recv)
                  00005c10    000000cc     lwiplib.obj (.text:dhcp_select)
                  00005cdc    000000c8     lwiplib.obj (.text:dhcp_bind)
                  00005da4    000000c8     lwiplib.obj (.text:udp_sendto_if)
                  00005e6c    000000c4     driverlib.lib : eeprom.obj (.text:EEPROMProgram)
                  00005f30    000000c4     lwiplib.obj (.text:InitDMADescriptors)
                  00005ff4    000000c0     lwiplib.obj (.text:tcp_output_segment)
                  000060b4    000000bc     lwiplib.obj (.text:dhcp_discover)
                  00006170    000000bc     lwiplib.obj (.text:tivaif_hwinit)
                  0000622c    000000b8     lwiplib.obj (.text:tcp_create_segment)
                  000062e4    000000b0     lwiplib.obj (.text:lwIPServiceTimers)
                  00006394    000000b0     tcp_server.obj (.text:tcp_server_recv)
                  00006444    000000ac     lwiplib.obj (.text:ethernet_input)
                  000064f0    000000a8     lwiplib.obj (.text:dhcp_start)
                  00006598    000000a8     lwiplib.obj (.text:tcp_enqueue_flags)
                  00006640    000000a4     lwiplib.obj (.text:dhcp_release)
                  000066e4    000000a4     lwiplib.obj (.text:ip_output_if)
                  00006788    0000009c     rtsv7M4_T_le_v4SPD16_eabi.lib : memcpy_t2.obj (.text)
                  00006824    0000009c     lwiplib.obj (.text:tcp_listen_with_backlog)
                  000068c0    00000098     lwiplib.obj (.text:dhcp_reboot)
                  00006958    00000092     lwiplib.obj (.text:pbuf_copy)
                  000069ea    00000002     rtsv7M4_T_le_v4SPD16_eabi.lib : startup.obj (.text)
                  000069ec    00000090     enet_lwip.obj (.text:ConfigureUARTBluetooth)
                  00006a7c    00000090     lwiplib.obj (.text:tcp_abandon)
                  00006b0c    0000008c     lwiplib.obj (.text:tcp_zero_window_probe)
                  00006b98    00000088     locator.obj (.text:LocatorReceive)
                  00006c20    00000086     rtsv7M4_T_le_v4SPD16_eabi.lib : fd_cmp_t2.obj (.text:__aeabi_cdcmple)
                  00006ca6    00000086                                   : fd_cmp_t2.obj (.text:__aeabi_cdrcmple)
                  00006d2c    00000084     lwiplib.obj (.text:lwIPLinkDetect)
                  00006db0    00000084     lwiplib.obj (.text:tcp_timewait_input)
                  00006e34    00000082     lwiplib.obj (.text:autoip_arp_reply)
                  00006eb6    00000002     --HOLE-- [fill = 0]
                  00006eb8    00000080     lwiplib.obj (.text:dhcp_rebind)
                  00006f38    00000080     lwiplib.obj (.text:dhcp_renew)
                  00006fb8    00000080     lwiplib.obj (.text:lwIPPrivateInit)
                  00007038    00000080     lwiplib.obj (.text:tcp_parseopt)
                  000070b8    0000007c     lwiplib.obj (.text:dhcp_handle_ack)
                  00007134    0000007c     lwiplib.obj (.text:dhcp_timeout)
                  000071b0    0000007c     lwiplib.obj (.text:tcp_bind)
                  0000722c    0000007c     lwiplib.obj (.text:tcp_rst)
                  000072a8    0000007c     lwiplib.obj (.text:tivaif_process_phy_interrupt)
                  00007324    0000007a     rtsv7M4_T_le_v4SPD16_eabi.lib : memset_t2.obj (.text)
                  0000739e    00000002     --HOLE-- [fill = 0]
                  000073a0    00000078     driverlib.lib : emac.obj (.text:EMACInit)
                  00007418    00000078     lwiplib.obj (.text:tcp_oos_insert_segment)
                  00007490    00000074     lwiplib.obj (.text:etharp_update_arp_entry)
                  00007504    00000074     lwiplib.obj (.text:raw_input)
                  00007578    00000070     rtsv7M4_T_le_v4SPD16_eabi.lib : autoinit.obj (.text)
                  000075e8    00000070     lwiplib.obj (.text:tcp_fasttmr)
                  00007658    0000006c     lwiplib.obj (.text:icmp_send_response)
                  000076c4    0000006c     lwiplib.obj (.text:memp_init)
                  00007730    00000068     driverlib.lib : interrupt.obj (.text:IntEnable)
                  00007798    00000068     enet_lwip.obj (.text:RequestBluetooth)
                  00007800    00000068     rtsv7M4_T_le_v4SPD16_eabi.lib : copy_decompress_lzss.obj (.text:decompress:lzss)
                  00007868    00000068     lwiplib.obj (.text:dhcp_decline)
                  000078d0    00000068     lwiplib.obj (.text:lwip_standard_chksum)
                  00007938    00000068     lwiplib.obj (.text:netif_set_ipaddr)
                  000079a0    00000068     lwiplib.obj (.text:pbuf_copy_partial)
                  00007a08    00000068     lwiplib.obj (.text:sys_timeout)
                  00007a70    00000068     lwiplib.obj (.text:tcp_output_alloc_header)
                  00007ad8    00000068     lwiplib.obj (.text:tcp_process_refused_data)
                  00007b40    00000068     lwiplib.obj (.text:udp_bind)
                  00007ba8    00000064     lwiplib.obj (.text:mem_free)
                  00007c0c    00000064     lwiplib.obj (.text:plug_holes)
                  00007c70    00000064     rtsv7M4_T_le_v4SPD16_eabi.lib : s_frexp.obj (.text)
                  00007cd4    00000064     tcp_server.obj (.text:tcp_server_accept)
                  00007d38    00000062     lwiplib.obj (.text:pbuf_header)
                  00007d9a    00000002     --HOLE-- [fill = 0]
                  00007d9c    00000060     uartstdio.obj (.text:UARTStdioConfig)
                  00007dfc    00000060     rtsv7M4_T_le_v4SPD16_eabi.lib : sprintf.obj (.text)
                  00007e5c    0000005c     enet_lwip.obj (.text:ConfigureUART)
                  00007eb8    0000005c     lwiplib.obj (.text:lwIPEthernetIntHandler)
                  00007f14    0000005c     lwiplib.obj (.text:mem_init)
                  00007f70    0000005c     lwiplib.obj (.text:tcp_pcb_remove)
                  00007fcc    0000005a     lwiplib.obj (.text:pbuf_realloc)
                  00008026    00000002     --HOLE-- [fill = 0]
                  00008028    00000058     driverlib.lib : emac.obj (.text:EMACPHYConfigSet)
                  00008080    00000058     lwiplib.obj (.text:autoip_start)
                  000080d8    00000058     lwiplib.obj (.text:memp_malloc)
                  00008130    00000056     lwiplib.obj (.text:tcp_rexmit)
                  00008186    00000002     --HOLE-- [fill = 0]
                  00008188    00000054     driverlib.lib : eeprom.obj (.text:EEPROMMassErase)
                  000081dc    00000054     locator.obj (.text:LocatorInit)
                  00008230    00000054     lwiplib.obj (.text:autoip_create_addr)
                  00008284    00000054     lwiplib.obj (.text:netif_add)
                  000082d8    00000054     rtsv7M4_T_le_v4SPD16_eabi.lib : boot.obj (.text)
                  0000832c    00000054                                   : exit.obj (.text)
                  00008380    00000054                                   : ltoa.obj (.text)
                  000083d4    00000054     lwiplib.obj (.text:tcp_new_port)
                  00008428    00000054     tcp_server.obj (.text:tcp_server_test)
                  0000847c    00000052     lwiplib.obj (.text:tcp_pbuf_prealloc)
                  000084ce    00000052     tcp_server.obj (.text:tcp_server_senddata)
                  00008520    00000052     lwiplib.obj (.text:tivaif_process_transmit)
                  00008572    00000002     --HOLE-- [fill = 0]
                  00008574    00000050     driverlib.lib : sysctl.obj (.text:SysCtlPeripheralReset)
                  000085c4    00000050     lwiplib.obj (.text:ip_route)
                  00008614    00000050     lwiplib.obj (.text:sys_timeouts_init)
                  00008664    00000050     lwiplib.obj (.text:tcp_write_checks)
                  000086b4    0000004e     lwiplib.obj (.text:autoip_start_probing)
                  00008702    0000004e     lwiplib.obj (.text:inet_chksum_pbuf)
                  00008750    0000004e     lwiplib.obj (.text:pbuf_free)
                  0000879e    00000002     --HOLE-- [fill = 0]
                  000087a0    0000004c     lwiplib.obj (.text:etharp_output_to_arp_index)
                  000087ec    0000004c     lwiplib.obj (.text:pbuf_take)
                  00008838    0000004c     rtsv7M4_T_le_v4SPD16_eabi.lib : atoi.obj (.text)
                  00008884    0000004c                                   : cpy_tbl.obj (.text)
                  000088d0    0000004c     lwiplib.obj (.text:tivaif_interrupt)
                  0000891c    0000004c     lwiplib.obj (.text:udp_connect)
                  00008968    0000004c     lwiplib.obj (.text:udp_new_port)
                  000089b4    00000048     uartstdio.obj (.text:UARTwrite)
                  000089fc    00000048     driverlib.lib : sysctl.obj (.text:_SysCtlFrequencyGet)
                  00008a44    00000048     lwiplib.obj (.text:ip_output)
                  00008a8c    00000048     rtsv7M4_T_le_v4SPD16_eabi.lib : fd_toi_t2.obj (.text)
                  00008ad4    00000048     lwiplib.obj (.text:tcp_kill_prio)
                  00008b1c    00000048     lwiplib.obj (.text:tcp_rexmit_fast)
                  00008b64    00000048     lwiplib.obj (.text:tivaif_check_pbuf)
                  00008bac    00000046     lwiplib.obj (.text:tcp_send_empty_ack)
                  00008bf2    00000046     lwiplib.obj (.text:tcp_send_fin)
                  00008c38    00000044     lwiplib.obj (.text:tcp_keepalive)
                  00008c7c    00000042     lwiplib.obj (.text:dhcp_network_changed)
                  00008cbe    00000042     lwiplib.obj (.text:dhcp_option_long)
                  00008d00    00000042     lwiplib.obj (.text:tcp_pcb_purge)
                  00008d42    00000002     --HOLE-- [fill = 0]
                  00008d44    00000040     driverlib.lib : eeprom.obj (.text:EEPROMInit)
                  00008d84    00000040     enet_lwip.obj (.text:UARTSend)
                  00008dc4    00000040     lwiplib.obj (.text:etharp_tmr)
                  00008e04    00000040     rtsv7M4_T_le_v4SPD16_eabi.lib : u_divt2.obj (.text)
                  00008e44    0000003e     lwiplib.obj (.text:netif_set_link_up)
                  00008e82    0000003e     tcp_server.obj (.text:tcp_server_connection_close)
                  00008ec0    0000003c     driverlib.lib : eeprom.obj (.text:_EEPROMSectorMaskSet)
                  00008efc    0000003c     lwiplib.obj (.text:dhcp_coarse_tmr)
                  00008f38    0000003a     driverlib.lib : emac.obj (.text:EMACIntEnable)
                  00008f72    00000002     --HOLE-- [fill = 0]
                  00008f74    00000038     enet_lwip.obj (.text:DisplayIPAddress)
                  00008fac    00000038     driverlib.lib : eeprom.obj (.text:EEPROMRead)
                  00008fe4    00000038                   : emac.obj (.text:EMACConfigSet)
                  0000901c    00000038     locator.obj (.text:LocatorAppTitleSet)
                  00009054    00000038     driverlib.lib : sysctl.obj (.text:SysCtlPeripheralReady)
                  0000908c    00000038     lwiplib.obj (.text:dhcp_fine_tmr)
                  000090c4    00000038     lwiplib.obj (.text:dhcp_handle_nak)
                  000090fc    00000038     lwiplib.obj (.text:dhcp_stop)
                  00009134    00000038     lwiplib.obj (.text:memp_free)
                  0000916c    00000038     lwiplib.obj (.text:tcpip_tcp_timer)
                  000091a4    00000038     lwiplib.obj (.text:udp_sendto)
                  000091dc    00000036     rtsv7M4_T_le_v4SPD16_eabi.lib : strncpy.obj (.text)
                  00009212    00000002     --HOLE-- [fill = 0]
                  00009214    00000034     driverlib.lib : emac.obj (.text:EMACConfigGet)
                  00009248    00000034                   : emac.obj (.text:EMACIntClear)
                  0000927c    00000034                   : sysctl.obj (.text:SysCtlPeripheralEnable)
                  000092b0    00000034                   : eeprom.obj (.text:_EEPROMSectorMaskClear)
                  000092e4    00000034     lwiplib.obj (.text:autoip_arp_probe)
                  00009318    00000034     rtsv7M4_T_le_v4SPD16_eabi.lib : strstr.obj (.text)
                  0000934c    00000034     lwiplib.obj (.text:tcp_kill_timewait)
                  00009380    00000034     lwiplib.obj (.text:tcp_timer_needed)
                  000093b4    00000034     lwiplib.obj (.text:tivaif_init)
                  000093e8    00000032     lwiplib.obj (.text:ip4_addr_isbroadcast)
                  0000941a    00000032     lwiplib.obj (.text:tcp_recved)
                  0000944c    00000030     lwiplib.obj (.text:dhcp_option_trailer)
                  0000947c    00000030     lwiplib.obj (.text:tcp_update_rcv_ann_wnd)
                  000094ac    00000030     lwiplib.obj (.text:udp_remove)
                  000094dc    0000002e     rtsv7M4_T_le_v4SPD16_eabi.lib : i_tofd_t2.obj (.text)
                  0000950a    0000002e     lwiplib.obj (.text:tcp_rexmit_rto)
                  00009538    0000002c     driverlib.lib : emac.obj (.text:EMACIntStatus)
                  00009564    0000002c     lwiplib.obj (.text:autoip_arp_announce)
                  00009590    0000002c     lwiplib.obj (.text:dhcp_handle_offer)
                  000095bc    0000002c     lwiplib.obj (.text:etharp_request)
                  000095e8    0000002a     driverlib.lib : gpio.obj (.text:GPIODirModeSet)
                  00009612    0000002a     lwiplib.obj (.text:autoip_bind)
                  0000963c    0000002a     lwiplib.obj (.text:pbuf_cat)
                  00009666    0000002a     ustdlib.obj (.text:ustrncpy)
                  00009690    00000028     lwiplib.obj (.text:etharp_cleanup_netif)
                  000096b8    00000027     tcp_server.obj (.text:tcp_server_error)
                  000096df    00000001     --HOLE-- [fill = 0]
                  000096e0    00000026     driverlib.lib : emac.obj (.text:EMACPHYRead)
                  00009706    00000026                   : emac.obj (.text:EMACPHYWrite)
                  0000972c    00000026     lwiplib.obj (.text:dhcp_check)
                  00009752    00000026     lwiplib.obj (.text:tcp_recv_null)
                  00009778    00000024     driverlib.lib : interrupt.obj (.text:IntPrioritySet)
                  0000979c    00000024     lwiplib.obj (.text:etharp_free_entry)
                  000097c0    00000024     lwiplib.obj (.text:netif_set_up)
                  000097e4    00000024     rtsv7M4_T_le_v4SPD16_eabi.lib : memcmp.obj (.text)
                  00009808    00000024     lwiplib.obj (.text:tcp_seg_copy)
                  0000982c    00000022     lwiplib.obj (.text:dhcp_option_short)
                  0000984e    00000002     --HOLE-- [fill = 0]
                  00009850    00000020     locator.obj (.text:LocatorMACAddrSet)
                  00009870    00000020     driverlib.lib : sysctl.obj (.text:_SysCtlMemTimingGet)
                  00009890    00000020     enet_lwip.obj (.text:addBluetooth)
                  000098b0    00000020     lwiplib.obj (.text:autoip_handle_arp_conflict)
                  000098d0    00000020     lwiplib.obj (.text:dhcp_option)
                  000098f0    00000020     lwiplib.obj (.text:etharp_send_ip)
                  00009910    00000020     lwiplib.obj (.text:lwIPTimer)
                  00009930    00000020     lwiplib.obj (.text:tcp_eff_send_mss)
                  00009950    00000020     lwiplib.obj (.text:tcp_tmr)
                  00009970    00000020     ustdlib.obj (.text:usprintf)
                  00009990    0000001e     driverlib.lib : emac.obj (.text:EMACAddrGet)
                  000099ae    0000001e     lwiplib.obj (.text:netif_set_down)
                  000099cc    0000001e     rtsv7M4_T_le_v4SPD16_eabi.lib : strcat.obj (.text)
                  000099ea    00000002     --HOLE-- [fill = 0]
                  000099ec    0000001c     lwiplib.obj (.text:lwIPLocalIPAddrGet)
                  00009a08    0000001c     lwiplib.obj (.text:netif_set_addr)
                  00009a24    0000001c     rtsv7M4_T_le_v4SPD16_eabi.lib : memccpy.obj (.text)
                  00009a40    0000001c     lwiplib.obj (.text:udp_new)
                  00009a5c    0000001a     uartstdio.obj (.text:UARTprintf)
                  00009a76    0000001a     lwiplib.obj (.text:autoip_network_changed)
                  00009a90    0000001a     lwiplib.obj (.text:dhcp_arp_reply)
                  00009aaa    0000001a     lwiplib.obj (.text:lwip_htonl)
                  00009ac4    00000018     driverlib.lib : gpio.obj (.text:GPIOPinTypeGPIOOutput)
                  00009adc    00000018     lwiplib.obj (.text:arp_timer)
                  00009af4    00000018     lwiplib.obj (.text:autoip_timer)
                  00009b0c    00000018     lwiplib.obj (.text:dhcp_timer_coarse)
                  00009b24    00000018     lwiplib.obj (.text:dhcp_timer_fine)
                  00009b3c    00000018     lwiplib.obj (.text:pbuf_pool_is_empty)
                  00009b54    00000018     rtsv7M4_T_le_v4SPD16_eabi.lib : args_main.obj (.text)
                  00009b6c    00000018     lwiplib.obj (.text:tcp_next_iss)
                  00009b84    00000018     lwiplib.obj (.text:tcp_seg_free)
                  00009b9c    00000016     driverlib.lib : emac.obj (.text:EMACReset)
                  00009bb2    00000016                   : emac.obj (.text:EMACRxEnable)
                  00009bc8    00000016                   : emac.obj (.text:EMACTxEnable)
                  00009bde    00000016     lwiplib.obj (.text:dhcp_delete_msg)
                  00009bf4    00000016     lwiplib.obj (.text:dhcp_t1_timeout)
                  00009c0a    00000016     lwiplib.obj (.text:dhcp_t2_timeout)
                  00009c20    00000016     lwiplib.obj (.text:pbuf_ref)
                  00009c36    00000016     rtsv7M4_T_le_v4SPD16_eabi.lib : strchr.obj (.text)
                  00009c4c    00000014     driverlib.lib : flash.obj (.text:FlashUserGet)
                  00009c60    00000014                   : systick.obj (.text:SysTickEnable)
                  00009c74    00000014                   : systick.obj (.text:SysTickIntEnable)
                  00009c88    00000014     rtsv7M4_T_le_v4SPD16_eabi.lib : _lock.obj (.text)
                  00009c9c    00000014                                   : s_copysign.obj (.text)
                  00009cb0    00000014                                   : strlen.obj (.text)
                  00009cc4    00000014     lwiplib.obj (.text:sys_arch_unprotect)
                  00009cd8    00000014     lwiplib.obj (.text:tcp_close)
                  00009cec    00000014     tcp_server.obj (.text:tcp_server_sent)
                  00009d00    00000012     driverlib.lib : gpio.obj (.text:GPIOPinTypeEthernetLED)
                  00009d12    00000012     lwiplib.obj (.text:dhcp_option_byte)
                  00009d24    00000012     lwiplib.obj (.text:netif_set_link_down)
                  00009d36    00000012     lwiplib.obj (.text:pbuf_clen)
                  00009d48    00000012     lwiplib.obj (.text:tcp_segs_free)
                  00009d5a    00000002     --HOLE-- [fill = 0]
                  00009d5c    00000010     driverlib.lib : emac.obj (.text:EMACFrameFilterSet)
                  00009d6c    00000010                   : interrupt.obj (.text:IntMasterEnable)
                  00009d7c    00000010                   : systick.obj (.text:SysTickPeriodSet)
                  00009d8c    00000010                   : eeprom.obj (.text:_EEPROMWaitForDone)
                  00009d9c    00000010     lwiplib.obj (.text:autoip_stop)
                  00009dac    00000010     lwiplib.obj (.text:dhcp_set_state)
                  00009dbc    00000010     lwiplib.obj (.text:inet_chksum)
                  00009dcc    00000010     lwiplib.obj (.text:lwip_init)
                  00009ddc    00000010     lwiplib.obj (.text:pbuf_chain)
                  00009dec    00000010     lwiplib.obj (.text:sys_arch_protect)
                  00009dfc    0000000e     driverlib.lib : uart.obj (.text:UARTCharsAvail)
                  00009e0a    0000000e     rtsv7M4_T_le_v4SPD16_eabi.lib : copy_decompress_none.obj (.text:decompress:none)
                  00009e18    0000000c     driverlib.lib : cpu.obj (.text:CPUcpsie)
                  00009e24    0000000c                   : sysctl.obj (.text:SysCtlMOSCConfigSet)
                  00009e30    0000000c     lwiplib.obj (.text:autoip_restart)
                  00009e3c    0000000c     rtsv7M4_T_le_v4SPD16_eabi.lib : copy_zero_init.obj (.text:decompress:ZI)
                  00009e48    0000000c     lwiplib.obj (.text:lwip_htons)
                  00009e54    0000000c     lwiplib.obj (.text:netif_set_default)
                  00009e60    0000000c     lwiplib.obj (.text:netif_set_gw)
                  00009e6c    0000000c     lwiplib.obj (.text:netif_set_netmask)
                  00009e78    0000000c     lwiplib.obj (.text:sys_now)
                  00009e84    0000000a     lwiplib.obj (.text:tcp_poll)
                  00009e8e    00000008     driverlib.lib : emac.obj (.text:EMACTxDMAPollDemand)
                  00009e96    00000008     lwiplib.obj (.text:icmp_dest_unreach)
                  00009e9e    00000006     driverlib.lib : emac.obj (.text:EMACRxDMADescriptorListSet)
                  00009ea4    00000006                   : emac.obj (.text:EMACTimestampIntStatus)
                  00009eaa    00000006                   : emac.obj (.text:EMACTxDMADescriptorListSet)
                  00009eb0    00000006                   : gpio.obj (.text:GPIOPinRead)
                  00009eb6    00000006                   : gpio.obj (.text:GPIOPinWrite)
                  00009ebc    00000006     startup_ccs.obj (.text:ResetISR)
                  00009ec2    00000006     driverlib.lib : sysctl.obj (.text:SysCtlDelay)
                  00009ec8    00000006     enet_lwip.obj (.text:SysTickIntHandler)
                  00009ece    00000006     lwiplib.obj (.text:tcp_abort)
                  00009ed4    00000006     lwiplib.obj (.text:tcp_accept_null)
                  00009eda    00000006     lwiplib.obj (.text:tcp_err)
                  00009ee0    00000006     lwiplib.obj (.text:tcp_new)
                  00009ee6    00000006     lwiplib.obj (.text:tcp_recv)
                  00009eec    00000006     lwiplib.obj (.text:udp_recv)
                  00009ef2    00000004     rtsv7M4_T_le_v4SPD16_eabi.lib : pre_init.obj (.text)
                  00009ef6    00000004     lwiplib.obj (.text:tcp_accept)
                  00009efa    00000004     lwiplib.obj (.text:tcp_arg)
                  00009efe    00000004     lwiplib.obj (.text:tcp_sent)
                  00009f02    00000004     lwiplib.obj (.text:tcp_setprio)

.const     0    00009f08    000004f0     
                  00009f08    000001b0     driverlib.lib : sysctl.obj (.const:g_pppui32XTALtoVCO)
                  0000a0b8    00000101     rtsv7M4_T_le_v4SPD16_eabi.lib : ctype.obj (.const:.string:_ctypes_)
                  0000a1b9    00000003     --HOLE-- [fill = 0]
                  0000a1bc    0000009c     driverlib.lib : interrupt.obj (.const:g_pui32Regs)
                  0000a258    00000070                   : interrupt.obj (.const)
                  0000a2c8    0000006c                   : sysctl.obj (.const:g_pui32Xtals)
                  0000a334    00000030                   : sysctl.obj (.const:g_sXTALtoMEMTIM)
                  0000a364    00000018                   : emac.obj (.const)
                  0000a37c    00000010     lwiplib.obj (.const:memp_num)
                  0000a38c    00000010     lwiplib.obj (.const:memp_sizes)
                  0000a39c    00000010     lwiplib.obj (.const:tcp_pcb_lists)
                  0000a3ac    0000000d     lwiplib.obj (.const:.string:tcp_backoff)
                  0000a3b9    00000003     --HOLE-- [fill = 0]
                  0000a3bc    0000000c     uartstdio.obj (.const:g_ui32UARTBase)
                  0000a3c8    0000000c     uartstdio.obj (.const:g_ui32UARTPeriph)
                  0000a3d4    00000008     driverlib.lib : sysctl.obj (.const)
                  0000a3dc    00000007     lwiplib.obj (.const:.string:tcp_persist_backoff)
                  0000a3e3    00000006     lwiplib.obj (.const:ethbroadcast)
                  0000a3e9    00000006     lwiplib.obj (.const:ethzero)
                  0000a3ef    00000001     --HOLE-- [fill = 0]
                  0000a3f0    00000004     lwiplib.obj (.const:ip_addr_any)
                  0000a3f4    00000004     lwiplib.obj (.const:ip_addr_broadcast)

.cinit     0    0000a3f8    00000060     
                  0000a3f8    0000003b     (.cinit..data.load) [load image, compression = lzss]
                  0000a433    00000001     --HOLE-- [fill = 0]
                  0000a434    0000000c     (__TI_handler_table)
                  0000a440    00000008     (.cinit..bss.load) [load image, compression = zero_init]
                  0000a448    00000010     (__TI_cinit_table)

.init_array 
*          0    00000000    00000000     UNINITIALIZED

.bss       0    20000000    00018ad2     UNINITIALIZED
                  20000000    0001001c     (.common:ram_heap)
                  2001001c    000072d4     lwiplib.obj (.bss:memp_memory)
                  200172f0    000007d0     (.common:tcp_server_recvbuf)
                  20017ac0    000007d0     (.common:tcp_server_sendbuf)
                  20018290    00000360     (.common:g_pTxDescriptors)
                  200185f0    00000120     (.common:g_pRxDescriptors)
                  20018710    00000120     (.common:lwip_stats)
                  20018830    000000c8     lwiplib.obj (.bss:arp_table)
                  200188f8    00000054     locator.obj (.bss:g_pui8LocatorData)
                  2001894c    00000050     lwiplib.obj (.bss)
                  2001899c    00000048     (.common:Bluetooth_list)
                  200189e4    00000038     lwiplib.obj (.bss:g_sNetIF)
                  20018a1c    00000028     (.common:dhcp_rx_options_val)
                  20018a44    00000020     lwiplib.obj (.bss:memp_tab)
                  20018a64    00000010     lwiplib.obj (.bss:inseg)
                  20018a74    0000000c     (.common:dhcp_rx_options_given)
                  20018a80    00000004     tcp_server.obj (.bss)
                  20018a84    00000004     (.common:current_header)
                  20018a88    00000004     (.common:current_iphdr_dest)
                  20018a8c    00000004     (.common:current_iphdr_src)
                  20018a90    00000004     (.common:current_netif)
                  20018a94    00000004     (.common:g_pfnTimerHandler)
                  20018a98    00000004     (.common:g_ui32AbnormalInts)
                  20018a9c    00000004     (.common:g_ui32IPAddress)
                  20018aa0    00000004     (.common:g_ui32NormalInts)
                  20018aa4    00000004     (.common:g_ui32SysClock)
                  20018aa8    00000004     (.common:netif_default)
                  20018aac    00000004     (.common:netif_list)
                  20018ab0    00000004     (.common:tcp_active_pcbs)
                  20018ab4    00000004     (.common:tcp_bound_pcbs)
                  20018ab8    00000004     (.common:tcp_input_pcb)
                  20018abc    00000004     (.common:tcp_listen_pcbs)
                  20018ac0    00000004     (.common:tcp_ticks)
                  20018ac4    00000004     (.common:tcp_tmp_pcb)
                  20018ac8    00000004     (.common:tcp_tw_pcbs)
                  20018acc    00000004     (.common:udp_pcbs)
                  20018ad0    00000001     (.common:pbuf_free_ooseq_pending)
                  20018ad1    00000001     (.common:tcp_active_pcbs_changed)

.stack     0    20018ad4    00000800     UNINITIALIZED
                  20018ad4    00000800     --HOLE--

.data      0    200192d4    0000009c     UNINITIALIZED
                  200192d4    00000038     lwiplib.obj (.data)
                  2001930c    00000014     enet_lwip.obj (.data)
                  20019320    00000010     lwiplib.obj (.data:g_RxDescList)
                  20019330    00000010     lwiplib.obj (.data:g_TxDescList)
                  20019340    0000000c     rtsv7M4_T_le_v4SPD16_eabi.lib : exit.obj (.data:$O1$$)
                  2001934c    0000000c     lwiplib.obj (.data:g_StellarisIFData)
                  20019358    00000008     rtsv7M4_T_le_v4SPD16_eabi.lib : _lock.obj (.data:$O1$$)
                  20019360    00000005     uartstdio.obj (.data)
                  20019365    00000003     tcp_server.obj (.data)
                  20019368    00000004     rtsv7M4_T_le_v4SPD16_eabi.lib : errno.obj (.data)
                  2001936c    00000004                                   : stkdepth_vars.obj (.data)

MODULE SUMMARY

       Module                     code    ro data   rw data
       ------                     ----    -------   -------
    .\
       tcp_server.obj             875     0         4007   
       enet_lwip.obj              2590    0         100    
       startup_ccs.obj            12      512       0      
    +--+--------------------------+-------+---------+---------+
       Total:                     3477    512       4107   
                                                           
    .\drivers\
       pinout.obj                 536     0         0      
    +--+--------------------------+-------+---------+---------+
       Total:                     536     0         0      
                                                           
    .\utils\
       lwiplib.obj                23776   88        97006  
       uartstdio.obj              684     24        5      
       ustdlib.obj                663     0         0      
       locator.obj                308     0         84     
    +--+--------------------------+-------+---------+---------+
       Total:                     25431   112       97095  
                                                           
    C:/ti/TivaWare_C_Series-2.1.3.156/driverlib/ccs/Debug/driverlib.lib
       sysctl.obj                 802     596       0      
       emac.obj                   684     24        0      
       eeprom.obj                 528     0         0      
       interrupt.obj              156     268       0      
       gpio.obj                   402     0         0      
       systick.obj                56      0         0      
       flash.obj                  20      0         0      
       uart.obj                   14      0         0      
       cpu.obj                    12      0         0      
    +--+--------------------------+-------+---------+---------+
       Total:                     2674    888       0      
                                                           
    C:\ti\ccsv7\tools\compiler\ti-cgt-arm_16.9.4.LTS\lib\rtsv7M4_T_le_v4SPD16_eabi.lib
       _printfi.obj               4414    0         0      
       ull_div_t2.obj             500     0         0      
       fd_add_t2.obj              438     0         0      
       fd_div_t2.obj              310     0         0      
       fd_cmp_t2.obj              268     0         0      
       ctype.obj                  0       257       0      
       fd_mul_t2.obj              252     0         0      
       s_scalbn.obj               252     0         0      
       memcpy_t2.obj              156     0         0      
       memset_t2.obj              122     0         0      
       autoinit.obj               112     0         0      
       copy_decompress_lzss.obj   104     0         0      
       s_frexp.obj                100     0         0      
       exit.obj                   84      0         12     
       sprintf.obj                96      0         0      
       boot.obj                   84      0         0      
       ltoa.obj                   84      0         0      
       atoi.obj                   76      0         0      
       cpy_tbl.obj                76      0         0      
       fd_toi_t2.obj              72      0         0      
       u_divt2.obj                64      0         0      
       strncpy.obj                54      0         0      
       strstr.obj                 52      0         0      
       i_tofd_t2.obj              46      0         0      
       memcmp.obj                 36      0         0      
       strcat.obj                 30      0         0      
       _lock.obj                  20      0         8      
       memccpy.obj                28      0         0      
       args_main.obj              24      0         0      
       strchr.obj                 22      0         0      
       s_copysign.obj             20      0         0      
       strlen.obj                 20      0         0      
       copy_decompress_none.obj   14      0         0      
       copy_zero_init.obj         12      0         0      
       errno.obj                  0       0         4      
       pre_init.obj               4       0         0      
       stkdepth_vars.obj          0       0         4      
       i_div0.obj                 2       0         0      
       mpu_init.obj               2       0         0      
       startup.obj                2       0         0      
    +--+--------------------------+-------+---------+---------+
       Total:                     8052    257       28     
                                                           
       Stack:                     0       0         2048   
       Linker Generated:          0       95        0      
    +--+--------------------------+-------+---------+---------+
       Grand Total:               40170   1864      103278 


LINKER GENERATED COPY TABLES

__TI_cinit_table @ 0000a448 records: 2, size/record: 8, table size: 16
	.data: load addr=0000a3f8, load size=0000003b bytes, run addr=200192d4, run size=0000009c bytes, compression=lzss
	.bss: load addr=0000a440, load size=00000008 bytes, run addr=20000000, run size=00018ad2 bytes, compression=zero_init


LINKER GENERATED HANDLER TABLE

__TI_handler_table @ 0000a434 records: 3, size/record: 4, table size: 12
	index: 0, handler: __TI_decompress_lzss
	index: 1, handler: __TI_decompress_none
	index: 2, handler: __TI_zero_init


GLOBAL SYMBOLS: SORTED ALPHABETICALLY BY Name 

address   name                           
-------   ----                           
20019310  BLInService                    
00004ccd  BTIntHandler                   
2001899c  Bluetooth_list                 
0000832d  C$$EXIT                        
00009e19  CPUcpsie                       
00007e5d  ConfigureUART                  
000069ed  ConfigureUARTBluetooth         
00008f75  DisplayIPAddress               
00008d45  EEPROMInit                     
00008189  EEPROMMassErase                
00005e6d  EEPROMProgram                  
00008fad  EEPROMRead                     
00009991  EMACAddrGet                    
00009215  EMACConfigGet                  
00008fe5  EMACConfigSet                  
00009d5d  EMACFrameFilterSet             
000073a1  EMACInit                       
00009249  EMACIntClear                   
00008f39  EMACIntEnable                  
00009539  EMACIntStatus                  
00008029  EMACPHYConfigSet               
000096e1  EMACPHYRead                    
00009707  EMACPHYWrite                   
00009b9d  EMACReset                      
00009e9f  EMACRxDMADescriptorListSet     
00009bb3  EMACRxEnable                   
00009ea5  EMACTimestampIntStatus         
00009eab  EMACTxDMADescriptorListSet     
00009e8f  EMACTxDMAPollDemand            
00009bc9  EMACTxEnable                   
00009c4d  FlashUserGet                   
000095e9  GPIODirModeSet                 
00004a77  GPIOPadConfigSet               
00009eb1  GPIOPinRead                    
00009d01  GPIOPinTypeEthernetLED         
00009ac5  GPIOPinTypeGPIOOutput          
00009eb7  GPIOPinWrite                   
00005f31  InitDMADescriptors             
00007731  IntEnable                      
00009d6d  IntMasterEnable                
00009779  IntPrioritySet                 
0000901d  LocatorAppTitleSet             
000081dd  LocatorInit                    
00009851  LocatorMACAddrSet              
000032a5  PinoutSet                      
00007799  RequestBluetooth               
00009ebd  ResetISR                       
UNDEFED   SHT$$INIT_ARRAY$$Base          
UNDEFED   SHT$$INIT_ARRAY$$Limit         
000036b1  SysCtlClockFreqSet             
00009ec3  SysCtlDelay                    
00009e25  SysCtlMOSCConfigSet            
0000927d  SysCtlPeripheralEnable         
00009055  SysCtlPeripheralReady          
00008575  SysCtlPeripheralReset          
00009c61  SysTickEnable                  
00009c75  SysTickIntEnable               
00009ec9  SysTickIntHandler              
00009d7d  SysTickPeriodSet               
00009dfd  UARTCharsAvail                 
00008d85  UARTSend                       
00007d9d  UARTStdioConfig                
00009a5d  UARTprintf                     
0000389d  UARTvprintf                    
000089b5  UARTwrite                      
200192d4  __STACK_END                    
00000800  __STACK_SIZE                   
200192d4  __STACK_TOP                    
0000a448  __TI_CINIT_Base                
0000a458  __TI_CINIT_Limit               
0000a434  __TI_Handler_Table_Base        
0000a440  __TI_Handler_Table_Limit       
00007579  __TI_auto_init                 
20019340  __TI_cleanup_ptr               
00007801  __TI_decompress_lzss           
00009e0b  __TI_decompress_none           
20019344  __TI_dtors_ptr                 
20019348  __TI_enable_exit_profile_output
ffffffff  __TI_pprof_out_hndl            
00000a45  __TI_printfi                   
ffffffff  __TI_prof_data_size            
ffffffff  __TI_prof_data_start           
00000000  __TI_static_base__             
00009e3d  __TI_zero_init                 
00006c21  __aeabi_cdcmpeq                
00006c21  __aeabi_cdcmple                
00006ca7  __aeabi_cdrcmple               
00008a8d  __aeabi_d2iz                   
00003e33  __aeabi_dadd                   
00004941  __aeabi_ddiv                   
00005231  __aeabi_dmul                   
00003e29  __aeabi_dsub                   
000094dd  __aeabi_i2d                    
00003fdf  __aeabi_idiv0                  
00007325  __aeabi_memclr                 
00007325  __aeabi_memclr4                
00007325  __aeabi_memclr8                
00006789  __aeabi_memcpy                 
00006789  __aeabi_memcpy4                
00006789  __aeabi_memcpy8                
00007327  __aeabi_memset                 
00007327  __aeabi_memset4                
00007327  __aeabi_memset8                
00008e05  __aeabi_uidiv                  
00008e05  __aeabi_uidivmod               
000034bd  __aeabi_uldivmod               
ffffffff  __binit__                      
ffffffff  __c_args__                     
00004807  __mpu_init                     
20018ad4  __stack                        
00009b55  _args_main                     
000082d9  _c_int00                       
0000a0b8  _ctypes_                       
20019358  _lock                          
00009c97  _nop                           
00009c8f  _register_lock                 
00009c89  _register_unlock               
000069eb  _system_post_cinit             
00009ef3  _system_pre_init               
2001935c  _unlock                        
00008331  abort                          
00009891  addBluetooth                   
00008839  atoi                           
00006e35  autoip_arp_reply               
00009a77  autoip_network_changed         
00008081  autoip_start                   
00009d9d  autoip_stop                    
000059a1  autoip_tmr                     
ffffffff  binit                          
20019367  connection_flag                
00002261  consultBluetooth               
00008885  copy_in                        
00009c9d  copysign                       
00009c9d  copysignl                      
20018a84  current_header                 
20018a88  current_iphdr_dest             
20018a8c  current_iphdr_src              
20018a90  current_netif                  
00009a91  dhcp_arp_reply                 
00008efd  dhcp_coarse_tmr                
0000908d  dhcp_fine_tmr                  
00008c7d  dhcp_network_changed           
00006641  dhcp_release                   
00006f39  dhcp_renew                     
20018a74  dhcp_rx_options_given          
20018a1c  dhcp_rx_options_val            
000064f1  dhcp_start                     
000090fd  dhcp_stop                      
2001931c  eepromAddr                     
20019368  errno                          
00009691  etharp_cleanup_netif           
00004ded  etharp_output                  
00004f09  etharp_query                   
000058c5  etharp_raw                     
000095bd  etharp_request                 
00008dc5  etharp_tmr                     
0000a3e3  ethbroadcast                   
00006445  ethernet_input                 
0000a3e9  ethzero                        
00008339  exit                           
20019314  flagMode                       
20019318  flagcmd                        
00007c71  frexp                          
00007c71  frexpl                         
20019320  g_RxDescList                   
20019330  g_TxDescList                   
200185f0  g_pRxDescriptors               
20018290  g_pTxDescriptors               
20018a94  g_pfnTimerHandler              
00000000  g_pfnVectors                   
20018a98  g_ui32AbnormalInts             
20018a9c  g_ui32IPAddress                
200192d8  g_ui32LocalTimer               
20018aa0  g_ui32NormalInts               
20018aa4  g_ui32SysClock                 
00009e97  icmp_dest_unreach              
00004171  icmp_input                     
00009dbd  inet_chksum                    
00008703  inet_chksum_pbuf               
000093e9  ip4_addr_isbroadcast           
0000a3f0  ip_addr_any                    
0000a3f4  ip_addr_broadcast              
00003a89  ip_input                       
00008a45  ip_output                      
000066e5  ip_output_if                   
000085c5  ip_route                       
0000532d  ldexp                          
0000532d  ldexpl                         
2001930c  lock                           
00008381  ltoa                           
00007eb9  lwIPEthernetIntHandler         
00005521  lwIPHostTimerHandler           
00005615  lwIPInit                       
000099ed  lwIPLocalIPAddrGet             
00009911  lwIPTimer                      
00009aab  lwip_htonl                     
00009e49  lwip_htons                     
00009dcd  lwip_init                      
00009aab  lwip_ntohl                     
00009e49  lwip_ntohs                     
20018710  lwip_stats                     
00002b99  main                           
2001936c  main_func_sp                   
00007ba9  mem_free                       
00007f15  mem_init                       
00005429  mem_malloc                     
000056fd  mem_trim                       
00009a25  memccpy                        
000097e5  memcmp                         
00006789  memcpy                         
00009135  memp_free                      
000076c5  memp_init                      
000080d9  memp_malloc                    
0000732d  memset                         
00008285  netif_add                      
20018aa8  netif_default                  
20018aac  netif_list                     
00009a09  netif_set_addr                 
00009e55  netif_set_default              
000099af  netif_set_down                 
00009e61  netif_set_gw                   
00007939  netif_set_ipaddr               
00009d25  netif_set_link_down            
00008e45  netif_set_link_up              
00009e6d  netif_set_netmask              
000097c1  netif_set_up                   
000046cd  pbuf_alloc                     
0000963d  pbuf_cat                       
00009ddd  pbuf_chain                     
00009d37  pbuf_clen                      
00006959  pbuf_copy                      
000079a1  pbuf_copy_partial              
00008751  pbuf_free                      
20018ad0  pbuf_free_ooseq_pending        
00007d39  pbuf_header                    
00007fcd  pbuf_realloc                   
00009c21  pbuf_ref                       
000087ed  pbuf_take                      
20000000  ram_heap                       
00007505  raw_input                      
20019365  receive_flag                   
0000532d  scalbn                         
0000532d  scalbnl                        
20019366  send_flag                      
00007dfd  sprintf                        
000099cd  strcat                         
00009c37  strchr                         
00009cb1  strlen                         
000091dd  strncpy                        
00009319  strstr                         
00009ded  sys_arch_protect               
00009cc5  sys_arch_unprotect             
00009e79  sys_now                        
00007a09  sys_timeout                    
00008615  sys_timeouts_init              
00006a7d  tcp_abandon                    
00009ecf  tcp_abort                      
00009ef7  tcp_accept                     
20018ab0  tcp_active_pcbs                
20018ad1  tcp_active_pcbs_changed        
00005a75  tcp_alloc                      
00009efb  tcp_arg                        
0000a3ac  tcp_backoff                    
000071b1  tcp_bind                       
20018ab4  tcp_bound_pcbs                 
00009cd9  tcp_close                      
00009931  tcp_eff_send_mss               
00006599  tcp_enqueue_flags              
00009edb  tcp_err                        
000075e9  tcp_fasttmr                    
00001b01  tcp_input                      
20018ab8  tcp_input_pcb                  
00008c39  tcp_keepalive                  
20018abc  tcp_listen_pcbs                
00006825  tcp_listen_with_backlog        
00009ee1  tcp_new                        
00009b6d  tcp_next_iss                   
00003fe1  tcp_output                     
0000a39c  tcp_pcb_lists                  
00008d01  tcp_pcb_purge                  
00007f71  tcp_pcb_remove                 
0000a3dc  tcp_persist_backoff            
00009e85  tcp_poll                       
00007ad9  tcp_process_refused_data       
00009ee7  tcp_recv                       
00009753  tcp_recv_null                  
0000941b  tcp_recved                     
00008131  tcp_rexmit                     
00008b1d  tcp_rexmit_fast                
0000950b  tcp_rexmit_rto                 
0000722d  tcp_rst                        
00009809  tcp_seg_copy                   
00009b85  tcp_seg_free                   
00009d49  tcp_segs_free                  
00008bad  tcp_send_empty_ack             
00008bf3  tcp_send_fin                   
00009eff  tcp_sent                       
00007cd5  tcp_server_accept              
00008e83  tcp_server_connection_close    
000096b9  tcp_server_error               
00004809  tcp_server_poll                
00006395  tcp_server_recv                
200172f0  tcp_server_recvbuf             
20017ac0  tcp_server_sendbuf             
000084cf  tcp_server_senddata            
00009ced  tcp_server_sent                
00008429  tcp_server_test                
00009f03  tcp_setprio                    
000028d1  tcp_slowtmr                    
20018ac0  tcp_ticks                      
00009381  tcp_timer_needed               
20018ac4  tcp_tmp_pcb                    
00009951  tcp_tmr                        
20018ac8  tcp_tw_pcbs                    
0000947d  tcp_update_rcv_ann_wnd         
000025e5  tcp_write                      
00006b0d  tcp_zero_window_probe          
000093b5  tivaif_init                    
000088d1  tivaif_interrupt               
000072a9  tivaif_process_phy_interrupt   
00007b41  udp_bind                       
0000891d  udp_connect                    
00003c65  udp_input                      
00009a41  udp_new                        
20018acc  udp_pcbs                       
00009eed  udp_recv                       
000094ad  udp_remove                     
000091a5  udp_sendto                     
00005da5  udp_sendto_if                  
00009971  usprintf                       
00009667  ustrncpy                       
00002e2d  uvsnprintf                     


GLOBAL SYMBOLS: SORTED BY Symbol Address 

address   name                           
-------   ----                           
00000000  __TI_static_base__             
00000000  g_pfnVectors                   
00000800  __STACK_SIZE                   
00000a45  __TI_printfi                   
00001b01  tcp_input                      
00002261  consultBluetooth               
000025e5  tcp_write                      
000028d1  tcp_slowtmr                    
00002b99  main                           
00002e2d  uvsnprintf                     
000032a5  PinoutSet                      
000034bd  __aeabi_uldivmod               
000036b1  SysCtlClockFreqSet             
0000389d  UARTvprintf                    
00003a89  ip_input                       
00003c65  udp_input                      
00003e29  __aeabi_dsub                   
00003e33  __aeabi_dadd                   
00003fdf  __aeabi_idiv0                  
00003fe1  tcp_output                     
00004171  icmp_input                     
000046cd  pbuf_alloc                     
00004807  __mpu_init                     
00004809  tcp_server_poll                
00004941  __aeabi_ddiv                   
00004a77  GPIOPadConfigSet               
00004ccd  BTIntHandler                   
00004ded  etharp_output                  
00004f09  etharp_query                   
00005231  __aeabi_dmul                   
0000532d  ldexp                          
0000532d  ldexpl                         
0000532d  scalbn                         
0000532d  scalbnl                        
00005429  mem_malloc                     
00005521  lwIPHostTimerHandler           
00005615  lwIPInit                       
000056fd  mem_trim                       
000058c5  etharp_raw                     
000059a1  autoip_tmr                     
00005a75  tcp_alloc                      
00005da5  udp_sendto_if                  
00005e6d  EEPROMProgram                  
00005f31  InitDMADescriptors             
00006395  tcp_server_recv                
00006445  ethernet_input                 
000064f1  dhcp_start                     
00006599  tcp_enqueue_flags              
00006641  dhcp_release                   
000066e5  ip_output_if                   
00006789  __aeabi_memcpy                 
00006789  __aeabi_memcpy4                
00006789  __aeabi_memcpy8                
00006789  memcpy                         
00006825  tcp_listen_with_backlog        
00006959  pbuf_copy                      
000069eb  _system_post_cinit             
000069ed  ConfigureUARTBluetooth         
00006a7d  tcp_abandon                    
00006b0d  tcp_zero_window_probe          
00006c21  __aeabi_cdcmpeq                
00006c21  __aeabi_cdcmple                
00006ca7  __aeabi_cdrcmple               
00006e35  autoip_arp_reply               
00006f39  dhcp_renew                     
000071b1  tcp_bind                       
0000722d  tcp_rst                        
000072a9  tivaif_process_phy_interrupt   
00007325  __aeabi_memclr                 
00007325  __aeabi_memclr4                
00007325  __aeabi_memclr8                
00007327  __aeabi_memset                 
00007327  __aeabi_memset4                
00007327  __aeabi_memset8                
0000732d  memset                         
000073a1  EMACInit                       
00007505  raw_input                      
00007579  __TI_auto_init                 
000075e9  tcp_fasttmr                    
000076c5  memp_init                      
00007731  IntEnable                      
00007799  RequestBluetooth               
00007801  __TI_decompress_lzss           
00007939  netif_set_ipaddr               
000079a1  pbuf_copy_partial              
00007a09  sys_timeout                    
00007ad9  tcp_process_refused_data       
00007b41  udp_bind                       
00007ba9  mem_free                       
00007c71  frexp                          
00007c71  frexpl                         
00007cd5  tcp_server_accept              
00007d39  pbuf_header                    
00007d9d  UARTStdioConfig                
00007dfd  sprintf                        
00007e5d  ConfigureUART                  
00007eb9  lwIPEthernetIntHandler         
00007f15  mem_init                       
00007f71  tcp_pcb_remove                 
00007fcd  pbuf_realloc                   
00008029  EMACPHYConfigSet               
00008081  autoip_start                   
000080d9  memp_malloc                    
00008131  tcp_rexmit                     
00008189  EEPROMMassErase                
000081dd  LocatorInit                    
00008285  netif_add                      
000082d9  _c_int00                       
0000832d  C$$EXIT                        
00008331  abort                          
00008339  exit                           
00008381  ltoa                           
00008429  tcp_server_test                
000084cf  tcp_server_senddata            
00008575  SysCtlPeripheralReset          
000085c5  ip_route                       
00008615  sys_timeouts_init              
00008703  inet_chksum_pbuf               
00008751  pbuf_free                      
000087ed  pbuf_take                      
00008839  atoi                           
00008885  copy_in                        
000088d1  tivaif_interrupt               
0000891d  udp_connect                    
000089b5  UARTwrite                      
00008a45  ip_output                      
00008a8d  __aeabi_d2iz                   
00008b1d  tcp_rexmit_fast                
00008bad  tcp_send_empty_ack             
00008bf3  tcp_send_fin                   
00008c39  tcp_keepalive                  
00008c7d  dhcp_network_changed           
00008d01  tcp_pcb_purge                  
00008d45  EEPROMInit                     
00008d85  UARTSend                       
00008dc5  etharp_tmr                     
00008e05  __aeabi_uidiv                  
00008e05  __aeabi_uidivmod               
00008e45  netif_set_link_up              
00008e83  tcp_server_connection_close    
00008efd  dhcp_coarse_tmr                
00008f39  EMACIntEnable                  
00008f75  DisplayIPAddress               
00008fad  EEPROMRead                     
00008fe5  EMACConfigSet                  
0000901d  LocatorAppTitleSet             
00009055  SysCtlPeripheralReady          
0000908d  dhcp_fine_tmr                  
000090fd  dhcp_stop                      
00009135  memp_free                      
000091a5  udp_sendto                     
000091dd  strncpy                        
00009215  EMACConfigGet                  
00009249  EMACIntClear                   
0000927d  SysCtlPeripheralEnable         
00009319  strstr                         
00009381  tcp_timer_needed               
000093b5  tivaif_init                    
000093e9  ip4_addr_isbroadcast           
0000941b  tcp_recved                     
0000947d  tcp_update_rcv_ann_wnd         
000094ad  udp_remove                     
000094dd  __aeabi_i2d                    
0000950b  tcp_rexmit_rto                 
00009539  EMACIntStatus                  
000095bd  etharp_request                 
000095e9  GPIODirModeSet                 
0000963d  pbuf_cat                       
00009667  ustrncpy                       
00009691  etharp_cleanup_netif           
000096b9  tcp_server_error               
000096e1  EMACPHYRead                    
00009707  EMACPHYWrite                   
00009753  tcp_recv_null                  
00009779  IntPrioritySet                 
000097c1  netif_set_up                   
000097e5  memcmp                         
00009809  tcp_seg_copy                   
00009851  LocatorMACAddrSet              
00009891  addBluetooth                   
00009911  lwIPTimer                      
00009931  tcp_eff_send_mss               
00009951  tcp_tmr                        
00009971  usprintf                       
00009991  EMACAddrGet                    
000099af  netif_set_down                 
000099cd  strcat                         
000099ed  lwIPLocalIPAddrGet             
00009a09  netif_set_addr                 
00009a25  memccpy                        
00009a41  udp_new                        
00009a5d  UARTprintf                     
00009a77  autoip_network_changed         
00009a91  dhcp_arp_reply                 
00009aab  lwip_htonl                     
00009aab  lwip_ntohl                     
00009ac5  GPIOPinTypeGPIOOutput          
00009b55  _args_main                     
00009b6d  tcp_next_iss                   
00009b85  tcp_seg_free                   
00009b9d  EMACReset                      
00009bb3  EMACRxEnable                   
00009bc9  EMACTxEnable                   
00009c21  pbuf_ref                       
00009c37  strchr                         
00009c4d  FlashUserGet                   
00009c61  SysTickEnable                  
00009c75  SysTickIntEnable               
00009c89  _register_unlock               
00009c8f  _register_lock                 
00009c97  _nop                           
00009c9d  copysign                       
00009c9d  copysignl                      
00009cb1  strlen                         
00009cc5  sys_arch_unprotect             
00009cd9  tcp_close                      
00009ced  tcp_server_sent                
00009d01  GPIOPinTypeEthernetLED         
00009d25  netif_set_link_down            
00009d37  pbuf_clen                      
00009d49  tcp_segs_free                  
00009d5d  EMACFrameFilterSet             
00009d6d  IntMasterEnable                
00009d7d  SysTickPeriodSet               
00009d9d  autoip_stop                    
00009dbd  inet_chksum                    
00009dcd  lwip_init                      
00009ddd  pbuf_chain                     
00009ded  sys_arch_protect               
00009dfd  UARTCharsAvail                 
00009e0b  __TI_decompress_none           
00009e19  CPUcpsie                       
00009e25  SysCtlMOSCConfigSet            
00009e3d  __TI_zero_init                 
00009e49  lwip_htons                     
00009e49  lwip_ntohs                     
00009e55  netif_set_default              
00009e61  netif_set_gw                   
00009e6d  netif_set_netmask              
00009e79  sys_now                        
00009e85  tcp_poll                       
00009e8f  EMACTxDMAPollDemand            
00009e97  icmp_dest_unreach              
00009e9f  EMACRxDMADescriptorListSet     
00009ea5  EMACTimestampIntStatus         
00009eab  EMACTxDMADescriptorListSet     
00009eb1  GPIOPinRead                    
00009eb7  GPIOPinWrite                   
00009ebd  ResetISR                       
00009ec3  SysCtlDelay                    
00009ec9  SysTickIntHandler              
00009ecf  tcp_abort                      
00009edb  tcp_err                        
00009ee1  tcp_new                        
00009ee7  tcp_recv                       
00009eed  udp_recv                       
00009ef3  _system_pre_init               
00009ef7  tcp_accept                     
00009efb  tcp_arg                        
00009eff  tcp_sent                       
00009f03  tcp_setprio                    
0000a0b8  _ctypes_                       
0000a39c  tcp_pcb_lists                  
0000a3ac  tcp_backoff                    
0000a3dc  tcp_persist_backoff            
0000a3e3  ethbroadcast                   
0000a3e9  ethzero                        
0000a3f0  ip_addr_any                    
0000a3f4  ip_addr_broadcast              
0000a434  __TI_Handler_Table_Base        
0000a440  __TI_Handler_Table_Limit       
0000a448  __TI_CINIT_Base                
0000a458  __TI_CINIT_Limit               
20000000  ram_heap                       
200172f0  tcp_server_recvbuf             
20017ac0  tcp_server_sendbuf             
20018290  g_pTxDescriptors               
200185f0  g_pRxDescriptors               
20018710  lwip_stats                     
2001899c  Bluetooth_list                 
20018a1c  dhcp_rx_options_val            
20018a74  dhcp_rx_options_given          
20018a84  current_header                 
20018a88  current_iphdr_dest             
20018a8c  current_iphdr_src              
20018a90  current_netif                  
20018a94  g_pfnTimerHandler              
20018a98  g_ui32AbnormalInts             
20018a9c  g_ui32IPAddress                
20018aa0  g_ui32NormalInts               
20018aa4  g_ui32SysClock                 
20018aa8  netif_default                  
20018aac  netif_list                     
20018ab0  tcp_active_pcbs                
20018ab4  tcp_bound_pcbs                 
20018ab8  tcp_input_pcb                  
20018abc  tcp_listen_pcbs                
20018ac0  tcp_ticks                      
20018ac4  tcp_tmp_pcb                    
20018ac8  tcp_tw_pcbs                    
20018acc  udp_pcbs                       
20018ad0  pbuf_free_ooseq_pending        
20018ad1  tcp_active_pcbs_changed        
20018ad4  __stack                        
200192d4  __STACK_END                    
200192d4  __STACK_TOP                    
200192d8  g_ui32LocalTimer               
2001930c  lock                           
20019310  BLInService                    
20019314  flagMode                       
20019318  flagcmd                        
2001931c  eepromAddr                     
20019320  g_RxDescList                   
20019330  g_TxDescList                   
20019340  __TI_cleanup_ptr               
20019344  __TI_dtors_ptr                 
20019348  __TI_enable_exit_profile_output
20019358  _lock                          
2001935c  _unlock                        
20019365  receive_flag                   
20019366  send_flag                      
20019367  connection_flag                
20019368  errno                          
2001936c  main_func_sp                   
ffffffff  __TI_pprof_out_hndl            
ffffffff  __TI_prof_data_size            
ffffffff  __TI_prof_data_start           
ffffffff  __binit__                      
ffffffff  __c_args__                     
ffffffff  binit                          
UNDEFED   SHT$$INIT_ARRAY$$Base          
UNDEFED   SHT$$INIT_ARRAY$$Limit         

[332 symbols]
